WORK=/tmp/go-build2523599738
go: downloading golang.org/x/crypto v0.48.0
# get https://proxy.golang.org/golang.org/x/crypto/@v/v0.48.0.zip
# get https://proxy.golang.org/golang.org/x/crypto/@v/v0.48.0.zip: 200 OK (0.504s)
# get https://proxy.golang.org/golang.org/x/crypto/@v/v0.48.0.mod
# get https://proxy.golang.org/golang.org/x/crypto/@v/v0.48.0.mod: 200 OK (0.015s)
go: downloading go.mongodb.org/mongo-driver v1.17.9
# get https://proxy.golang.org/go.mongodb.org/mongo-driver/@v/v1.17.9.zip
# get https://proxy.golang.org/go.mongodb.org/mongo-driver/@v/v1.17.9.zip: 200 OK (0.048s)
# get https://proxy.golang.org/go.mongodb.org/mongo-driver/@v/v1.17.9.mod
# get https://proxy.golang.org/go.mongodb.org/mongo-driver/@v/v1.17.9.mod: 200 OK (0.017s)
go: downloading github.com/youmark/pkcs8 v0.0.0-20240726163527-a2c0da244d78
# get https://proxy.golang.org/github.com/youmark/pkcs8/@v/v0.0.0-20240726163527-a2c0da244d78.zip
# get https://proxy.golang.org/github.com/youmark/pkcs8/@v/v0.0.0-20240726163527-a2c0da244d78.zip: 200 OK (0.015s)
# get https://proxy.golang.org/github.com/youmark/pkcs8/@v/v0.0.0-20240726163527-a2c0da244d78.mod
# get https://proxy.golang.org/github.com/youmark/pkcs8/@v/v0.0.0-20240726163527-a2c0da244d78.mod: 200 OK (0.024s)
go: downloading github.com/golang/snappy v0.0.4
# get https://proxy.golang.org/github.com/golang/snappy/@v/v0.0.4.zip
# get https://proxy.golang.org/github.com/golang/snappy/@v/v0.0.4.zip: 200 OK (0.019s)
# get https://proxy.golang.org/github.com/golang/snappy/@v/v0.0.4.mod
# get https://proxy.golang.org/github.com/golang/snappy/@v/v0.0.4.mod: 200 OK (0.015s)
go: downloading github.com/klauspost/compress v1.16.7
# get https://proxy.golang.org/github.com/klauspost/compress/@v/v1.16.7.zip
# get https://proxy.golang.org/github.com/klauspost/compress/@v/v1.16.7.zip: 200 OK (0.450s)
# get https://proxy.golang.org/github.com/klauspost/compress/@v/v1.16.7.mod
# get https://proxy.golang.org/github.com/klauspost/compress/@v/v1.16.7.mod: 200 OK (0.015s)
go: downloading github.com/xdg-go/scram v1.1.2
# get https://proxy.golang.org/github.com/xdg-go/scram/@v/v1.1.2.zip
# get https://proxy.golang.org/github.com/xdg-go/scram/@v/v1.1.2.zip: 200 OK (0.014s)
# get https://proxy.golang.org/github.com/xdg-go/scram/@v/v1.1.2.mod
# get https://proxy.golang.org/github.com/xdg-go/scram/@v/v1.1.2.mod: 200 OK (0.020s)
go: downloading github.com/xdg-go/stringprep v1.0.4
# get https://proxy.golang.org/github.com/xdg-go/stringprep/@v/v1.0.4.zip
# get https://proxy.golang.org/github.com/xdg-go/stringprep/@v/v1.0.4.zip: 200 OK (0.016s)
# get https://proxy.golang.org/github.com/xdg-go/stringprep/@v/v1.0.4.mod
# get https://proxy.golang.org/github.com/xdg-go/stringprep/@v/v1.0.4.mod: 200 OK (0.023s)
go: downloading github.com/montanaflynn/stats v0.7.1
# get https://proxy.golang.org/github.com/montanaflynn/stats/@v/v0.7.1.zip
# get https://proxy.golang.org/github.com/montanaflynn/stats/@v/v0.7.1.zip: 200 OK (0.016s)
# get https://proxy.golang.org/github.com/montanaflynn/stats/@v/v0.7.1.mod
# get https://proxy.golang.org/github.com/montanaflynn/stats/@v/v0.7.1.mod: 200 OK (0.018s)
go: downloading github.com/xdg-go/pbkdf2 v1.0.0
# get https://proxy.golang.org/github.com/xdg-go/pbkdf2/@v/v1.0.0.zip
# get https://proxy.golang.org/github.com/xdg-go/pbkdf2/@v/v1.0.0.zip: 200 OK (0.015s)
# get https://proxy.golang.org/github.com/xdg-go/pbkdf2/@v/v1.0.0.mod
# get https://proxy.golang.org/github.com/xdg-go/pbkdf2/@v/v1.0.0.mod: 200 OK (0.018s)
go: downloading golang.org/x/text v0.34.0
# get https://proxy.golang.org/golang.org/x/text/@v/v0.34.0.zip
# get https://proxy.golang.org/golang.org/x/text/@v/v0.34.0.zip: 200 OK (0.018s)
# get https://proxy.golang.org/golang.org/x/text/@v/v0.34.0.mod
# get https://proxy.golang.org/golang.org/x/text/@v/v0.34.0.mod: 200 OK (0.019s)
go: downloading golang.org/x/sync v0.19.0
# get https://proxy.golang.org/golang.org/x/sync/@v/v0.19.0.zip
# get https://proxy.golang.org/golang.org/x/sync/@v/v0.19.0.zip: 200 OK (0.023s)
# get https://proxy.golang.org/golang.org/x/sync/@v/v0.19.0.mod
# get https://proxy.golang.org/golang.org/x/sync/@v/v0.19.0.mod: 200 OK (0.018s)
# get https://proxy.golang.org/golang.org/x/crypto/@v/v0.48.0.info
# get https://proxy.golang.org/golang.org/x/text/@v/v0.34.0.info
# get https://proxy.golang.org/golang.org/x/crypto/@v/v0.48.0.info: 200 OK (0.028s)
# get https://proxy.golang.org/go.mongodb.org/mongo-driver/@v/v1.17.9.info
# get https://proxy.golang.org/golang.org/x/text/@v/v0.34.0.info: 200 OK (0.015s)
# get https://proxy.golang.org/go.mongodb.org/mongo-driver/@v/v1.17.9.info: 200 OK (0.015s)
# get https://proxy.golang.org/github.com/youmark/pkcs8/@v/v0.0.0-20240726163527-a2c0da244d78.info
# get https://proxy.golang.org/github.com/youmark/pkcs8/@v/v0.0.0-20240726163527-a2c0da244d78.info: 200 OK (0.020s)
# get https://proxy.golang.org/github.com/golang/snappy/@v/v0.0.4.info
# get https://proxy.golang.org/github.com/golang/snappy/@v/v0.0.4.info: 200 OK (0.015s)
# get https://proxy.golang.org/github.com/klauspost/compress/@v/v1.16.7.info
# get https://proxy.golang.org/github.com/klauspost/compress/@v/v1.16.7.info: 200 OK (0.015s)
# get https://proxy.golang.org/github.com/xdg-go/scram/@v/v1.1.2.info
# get https://proxy.golang.org/github.com/xdg-go/scram/@v/v1.1.2.info: 200 OK (0.014s)
# get https://proxy.golang.org/github.com/xdg-go/stringprep/@v/v1.0.4.info
# get https://proxy.golang.org/github.com/xdg-go/pbkdf2/@v/v1.0.0.info
# get https://proxy.golang.org/github.com/xdg-go/stringprep/@v/v1.0.4.info: 200 OK (0.015s)
# get https://proxy.golang.org/github.com/montanaflynn/stats/@v/v0.7.1.info
# get https://proxy.golang.org/github.com/xdg-go/pbkdf2/@v/v1.0.0.info: 200 OK (0.017s)
# get https://proxy.golang.org/golang.org/x/sync/@v/v0.19.0.info
# get https://proxy.golang.org/github.com/montanaflynn/stats/@v/v0.7.1.info: 200 OK (0.015s)
# get https://proxy.golang.org/golang.org/x/sync/@v/v0.19.0.info: 200 OK (0.017s)
mkdir -p $WORK/b006/
echo '# import config' > $WORK/b006/importcfg # internal
cd /app
/usr/local/go/pkg/tool/linux_amd64/compile -o $WORK/b006/_pkg_.a -trimpath "$WORK/b006=>" -p internal/goarch -lang=go1.26 -std -complete -buildid 3HvSYg1RNaC-frAKztv-/3HvSYg1RNaC-frAKztv- -goversion go1.26.1 -nolocalimports -importcfg $WORK/b006/importcfg -pack /usr/local/go/src/internal/goarch/goarch.go /usr/local/go/src/internal/goarch/goarch_amd64.go /usr/local/go/src/internal/goarch/zgoarch_amd64.go
go tool buildid -w $WORK/b006/_pkg_.a # internal
cp $WORK/b006/_pkg_.a /root/.cache/go-build/a1/a15f5580c50fb8c74b6c82d187d8ddd2423ad66ba5824c8a649779a84925730b-d # internal
mkdir -p $WORK/b005/
echo -n > $WORK/b005/go_asm.h # internal
cd /usr/local/go/src/internal/abi
/usr/local/go/pkg/tool/linux_amd64/asm -p internal/abi -trimpath "$WORK/b005=>" -I $WORK/b005/ -I /usr/local/go/pkg/include -D GOOS_linux -D GOARCH_amd64 -D GOAMD64_v1 -gensymabis -o $WORK/b005/symabis ./abi_test.s ./stub.s
cat >/tmp/go-build2523599738/b005/importcfg << 'EOF' # internal
# import config
packagefile internal/goarch=/tmp/go-build2523599738/b006/_pkg_.a
EOF
cd /app
/usr/local/go/pkg/tool/linux_amd64/compile -o $WORK/b005/_pkg_.a -trimpath "$WORK/b005=>" -p internal/abi -lang=go1.26 -std -buildid 5FzolNex5z_PiLVdwtTK/5FzolNex5z_PiLVdwtTK -goversion go1.26.1 -symabis $WORK/b005/symabis -nolocalimports -importcfg $WORK/b005/importcfg -pack -asmhdr $WORK/b005/go_asm.h /usr/local/go/src/internal/abi/abi.go /usr/local/go/src/internal/abi/abi_amd64.go /usr/local/go/src/internal/abi/bounds.go /usr/local/go/src/internal/abi/compiletype.go /usr/local/go/src/internal/abi/escape.go /usr/local/go/src/internal/abi/funcpc.go /usr/local/go/src/internal/abi/iface.go /usr/local/go/src/internal/abi/map.go /usr/local/go/src/internal/abi/rangefuncconsts.go /usr/local/go/src/internal/abi/runtime.go /usr/local/go/src/internal/abi/stack.go /usr/local/go/src/internal/abi/switch.go /usr/local/go/src/internal/abi/symtab.go /usr/local/go/src/internal/abi/type.go
cd /usr/local/go/src/internal/abi
/usr/local/go/pkg/tool/linux_amd64/asm -p internal/abi -trimpath "$WORK/b005=>" -I $WORK/b005/ -I /usr/local/go/pkg/include -D GOOS_linux -D GOARCH_amd64 -D GOAMD64_v1 -o $WORK/b005/abi_test.o ./abi_test.s
/usr/local/go/pkg/tool/linux_amd64/asm -p internal/abi -trimpath "$WORK/b005=>" -I $WORK/b005/ -I /usr/local/go/pkg/include -D GOOS_linux -D GOARCH_amd64 -D GOAMD64_v1 -o $WORK/b005/stub.o ./stub.s
go tool pack r $WORK/b005/_pkg_.a $WORK/b005/abi_test.o $WORK/b005/stub.o # internal
go tool buildid -w $WORK/b005/_pkg_.a # internal
cp $WORK/b005/_pkg_.a /root/.cache/go-build/0e/0e6649d0cdcc7b81291d6fa1473b533e315cdbf0e92c6d41f59c0b9da90b3b71-d # internal
mkdir -p $WORK/b008/
echo '# import config' > $WORK/b008/importcfg # internal
cd /app
/usr/local/go/pkg/tool/linux_amd64/compile -o $WORK/b008/_pkg_.a -trimpath "$WORK/b008=>" -p internal/unsafeheader -lang=go1.26 -std -complete -buildid T6lEqhzwiiSK-sUDlQoe/T6lEqhzwiiSK-sUDlQoe -goversion go1.26.1 -nolocalimports -importcfg $WORK/b008/importcfg -pack /usr/local/go/src/internal/unsafeheader/unsafeheader.go
go tool buildid -w $WORK/b008/_pkg_.a # internal
cp $WORK/b008/_pkg_.a /root/.cache/go-build/30/30d417e92b309290e79ac12bbd6826aba1fed8e1da016be210b083f62ea612c7-d # internal
mkdir -p $WORK/b011/
echo -n > $WORK/b011/go_asm.h # internal
cd /usr/local/go/src/internal/cpu
/usr/local/go/pkg/tool/linux_amd64/asm -p internal/cpu -trimpath "$WORK/b011=>" -I $WORK/b011/ -I /usr/local/go/pkg/include -D GOOS_linux -D GOARCH_amd64 -D GOAMD64_v1 -gensymabis -o $WORK/b011/symabis ./cpu.s ./cpu_x86.s
echo '# import config' > $WORK/b011/importcfg # internal
cd /app
/usr/local/go/pkg/tool/linux_amd64/compile -o $WORK/b011/_pkg_.a -trimpath "$WORK/b011=>" -p internal/cpu -lang=go1.26 -std -buildid QBRd-fJ8o5j6hqpijhyp/QBRd-fJ8o5j6hqpijhyp -goversion go1.26.1 -symabis $WORK/b011/symabis -nolocalimports -importcfg $WORK/b011/importcfg -pack -asmhdr $WORK/b011/go_asm.h /usr/local/go/src/internal/cpu/cpu.go /usr/local/go/src/internal/cpu/cpu_x86.go /usr/local/go/src/internal/cpu/cpu_x86_other.go /usr/local/go/src/internal/cpu/datacache_x86.go
cd /usr/local/go/src/internal/cpu
/usr/local/go/pkg/tool/linux_amd64/asm -p internal/cpu -trimpath "$WORK/b011=>" -I $WORK/b011/ -I /usr/local/go/pkg/include -D GOOS_linux -D GOARCH_amd64 -D GOAMD64_v1 -o $WORK/b011/cpu.o ./cpu.s
/usr/local/go/pkg/tool/linux_amd64/asm -p internal/cpu -trimpath "$WORK/b011=>" -I $WORK/b011/ -I /usr/local/go/pkg/include -D GOOS_linux -D GOARCH_amd64 -D GOAMD64_v1 -o $WORK/b011/cpu_x86.o ./cpu_x86.s
go tool pack r $WORK/b011/_pkg_.a $WORK/b011/cpu.o $WORK/b011/cpu_x86.o # internal
go tool buildid -w $WORK/b011/_pkg_.a # internal
cp $WORK/b011/_pkg_.a /root/.cache/go-build/e1/e17b744f6c6267e86f185d8489c18390f5e31aa2525a0a25e6a783d540a68bbc-d # internal
mkdir -p $WORK/b010/
echo -n > $WORK/b010/go_asm.h # internal
cd /usr/local/go/src/internal/bytealg
/usr/local/go/pkg/tool/linux_amd64/asm -p internal/bytealg -trimpath "$WORK/b010=>" -I $WORK/b010/ -I /usr/local/go/pkg/include -D GOOS_linux -D GOARCH_amd64 -D GOAMD64_v1 -gensymabis -o $WORK/b010/symabis ./compare_amd64.s ./count_amd64.s ./equal_amd64.s ./index_amd64.s ./indexbyte_amd64.s
cat >/tmp/go-build2523599738/b010/importcfg << 'EOF' # internal
# import config
packagefile internal/cpu=/tmp/go-build2523599738/b011/_pkg_.a
EOF
cd /app
/usr/local/go/pkg/tool/linux_amd64/compile -o $WORK/b010/_pkg_.a -trimpath "$WORK/b010=>" -p internal/bytealg -lang=go1.26 -std -buildid AcettI0LPelUWJ0BgmP-/AcettI0LPelUWJ0BgmP- -goversion go1.26.1 -symabis $WORK/b010/symabis -nolocalimports -importcfg $WORK/b010/importcfg -pack -asmhdr $WORK/b010/go_asm.h /usr/local/go/src/internal/bytealg/bytealg.go /usr/local/go/src/internal/bytealg/compare_native.go /usr/local/go/src/internal/bytealg/count_native.go /usr/local/go/src/internal/bytealg/equal_generic.go /usr/local/go/src/internal/bytealg/equal_native.go /usr/local/go/src/internal/bytealg/index_amd64.go /usr/local/go/src/internal/bytealg/index_native.go /usr/local/go/src/internal/bytealg/indexbyte_native.go /usr/local/go/src/internal/bytealg/lastindexbyte_generic.go
cd /usr/local/go/src/internal/bytealg
/usr/local/go/pkg/tool/linux_amd64/asm -p internal/bytealg -trimpath "$WORK/b010=>" -I $WORK/b010/ -I /usr/local/go/pkg/include -D GOOS_linux -D GOARCH_amd64 -D GOAMD64_v1 -o $WORK/b010/compare_amd64.o ./compare_amd64.s
/usr/local/go/pkg/tool/linux_amd64/asm -p internal/bytealg -trimpath "$WORK/b010=>" -I $WORK/b010/ -I /usr/local/go/pkg/include -D GOOS_linux -D GOARCH_amd64 -D GOAMD64_v1 -o $WORK/b010/count_amd64.o ./count_amd64.s
/usr/local/go/pkg/tool/linux_amd64/asm -p internal/bytealg -trimpath "$WORK/b010=>" -I $WORK/b010/ -I /usr/local/go/pkg/include -D GOOS_linux -D GOARCH_amd64 -D GOAMD64_v1 -o $WORK/b010/equal_amd64.o ./equal_amd64.s
/usr/local/go/pkg/tool/linux_amd64/asm -p internal/bytealg -trimpath "$WORK/b010=>" -I $WORK/b010/ -I /usr/local/go/pkg/include -D GOOS_linux -D GOARCH_amd64 -D GOAMD64_v1 -o $WORK/b010/index_amd64.o ./index_amd64.s
/usr/local/go/pkg/tool/linux_amd64/asm -p internal/bytealg -trimpath "$WORK/b010=>" -I $WORK/b010/ -I /usr/local/go/pkg/include -D GOOS_linux -D GOARCH_amd64 -D GOAMD64_v1 -o $WORK/b010/indexbyte_amd64.o ./indexbyte_amd64.s
go tool pack r $WORK/b010/_pkg_.a $WORK/b010/compare_amd64.o $WORK/b010/count_amd64.o $WORK/b010/equal_amd64.o $WORK/b010/index_amd64.o $WORK/b010/indexbyte_amd64.o # internal
go tool buildid -w $WORK/b010/_pkg_.a # internal
cp $WORK/b010/_pkg_.a /root/.cache/go-build/06/067f6600db529251f35c3394481789aea00cf69f143b30460c903b307cd906e5-d # internal
mkdir -p $WORK/b012/
echo '# import config' > $WORK/b012/importcfg # internal
cd /app
/usr/local/go/pkg/tool/linux_amd64/compile -o $WORK/b012/_pkg_.a -trimpath "$WORK/b012=>" -p internal/byteorder -lang=go1.26 -std -complete -buildid oABD1PB056MI1jc6l3t0/oABD1PB056MI1jc6l3t0 -goversion go1.26.1 -nolocalimports -importcfg $WORK/b012/importcfg -pack /usr/local/go/src/internal/byteorder/byteorder.go
go tool buildid -w $WORK/b012/_pkg_.a # internal
cp $WORK/b012/_pkg_.a /root/.cache/go-build/11/11ff3b3788347325de0f5b1857c468ccb3d3f0fa4548ac1a1750dc28990fe59b-d # internal
mkdir -p $WORK/b013/
echo -n > $WORK/b013/go_asm.h # internal
cd /usr/local/go/src/internal/chacha8rand
/usr/local/go/pkg/tool/linux_amd64/asm -p internal/chacha8rand -trimpath "$WORK/b013=>" -I $WORK/b013/ -I /usr/local/go/pkg/include -D GOOS_linux -D GOARCH_amd64 -D GOAMD64_v1 -gensymabis -o $WORK/b013/symabis ./chacha8_amd64.s
cat >/tmp/go-build2523599738/b013/importcfg << 'EOF' # internal
# import config
packagefile internal/byteorder=/tmp/go-build2523599738/b012/_pkg_.a
packagefile internal/cpu=/tmp/go-build2523599738/b011/_pkg_.a
packagefile internal/goarch=/tmp/go-build2523599738/b006/_pkg_.a
EOF
cd /app
/usr/local/go/pkg/tool/linux_amd64/compile -o $WORK/b013/_pkg_.a -trimpath "$WORK/b013=>" -p internal/chacha8rand -lang=go1.26 -std -buildid A7HWlVupL5hZZRy66jk5/A7HWlVupL5hZZRy66jk5 -goversion go1.26.1 -symabis $WORK/b013/symabis -nolocalimports -importcfg $WORK/b013/importcfg -pack -asmhdr $WORK/b013/go_asm.h /usr/local/go/src/internal/chacha8rand/chacha8.go /usr/local/go/src/internal/chacha8rand/chacha8_generic.go
cd /usr/local/go/src/internal/chacha8rand
/usr/local/go/pkg/tool/linux_amd64/asm -p internal/chacha8rand -trimpath "$WORK/b013=>" -I $WORK/b013/ -I /usr/local/go/pkg/include -D GOOS_linux -D GOARCH_amd64 -D GOAMD64_v1 -o $WORK/b013/chacha8_amd64.o ./chacha8_amd64.s
go tool pack r $WORK/b013/_pkg_.a $WORK/b013/chacha8_amd64.o # internal
go tool buildid -w $WORK/b013/_pkg_.a # internal
cp $WORK/b013/_pkg_.a /root/.cache/go-build/5e/5e00fff5797bdd5fd69b75c9d18b05896b8595d460c3a234a3e9be54908d3d60-d # internal
mkdir -p $WORK/b014/
echo '# import config' > $WORK/b014/importcfg # internal
cd /app
/usr/local/go/pkg/tool/linux_amd64/compile -o $WORK/b014/_pkg_.a -trimpath "$WORK/b014=>" -p internal/coverage/rtcov -lang=go1.26 -std -complete -buildid D2jvd31zTLK6pA-nIfoy/D2jvd31zTLK6pA-nIfoy -goversion go1.26.1 -nolocalimports -importcfg $WORK/b014/importcfg -pack /usr/local/go/src/internal/coverage/rtcov/rtcov.go
go tool buildid -w $WORK/b014/_pkg_.a # internal
cp $WORK/b014/_pkg_.a /root/.cache/go-build/e9/e9638f7b50f5f6c6f478a862a9877947d99493843dfe3aa04666ae7e3c496c21-d # internal
mkdir -p $WORK/b015/
echo '# import config' > $WORK/b015/importcfg # internal
/usr/local/go/pkg/tool/linux_amd64/compile -o $WORK/b015/_pkg_.a -trimpath "$WORK/b015=>" -p internal/godebugs -lang=go1.26 -std -complete -buildid P4ZuQchUl4SH1z3Zb4D5/P4ZuQchUl4SH1z3Zb4D5 -goversion go1.26.1 -nolocalimports -importcfg $WORK/b015/importcfg -pack /usr/local/go/src/internal/godebugs/table.go
go tool buildid -w $WORK/b015/_pkg_.a # internal
cp $WORK/b015/_pkg_.a /root/.cache/go-build/e9/e9eed847aba926cc406fc1c8674d0dd95d675d2af222c875b89b42cca7500163-d # internal
mkdir -p $WORK/b016/
echo '# import config' > $WORK/b016/importcfg # internal
/usr/local/go/pkg/tool/linux_amd64/compile -o $WORK/b016/_pkg_.a -trimpath "$WORK/b016=>" -p internal/goexperiment -lang=go1.26 -std -complete -buildid ILohAreM0ugKWpRa7y3P/ILohAreM0ugKWpRa7y3P -goversion go1.26.1 -nolocalimports -importcfg $WORK/b016/importcfg -pack /usr/local/go/src/internal/goexperiment/exp_arenas_off.go /usr/local/go/src/internal/goexperiment/exp_boringcrypto_off.go /usr/local/go/src/internal/goexperiment/exp_cgocheck2_off.go /usr/local/go/src/internal/goexperiment/exp_dwarf5_on.go /usr/local/go/src/internal/goexperiment/exp_fieldtrack_off.go /usr/local/go/src/internal/goexperiment/exp_goroutineleakprofile_off.go /usr/local/go/src/internal/goexperiment/exp_greenteagc_on.go /usr/local/go/src/internal/goexperiment/exp_heapminimum512kib_off.go /usr/local/go/src/internal/goexperiment/exp_jsonv2_off.go /usr/local/go/src/internal/goexperiment/exp_loopvar_off.go /usr/local/go/src/internal/goexperiment/exp_newinliner_off.go /usr/local/go/src/internal/goexperiment/exp_preemptibleloops_off.go /usr/local/go/src/internal/goexperiment/exp_randomizedheapbase64_on.go /usr/local/go/src/internal/goexperiment/exp_regabiargs_on.go /usr/local/go/src/internal/goexperiment/exp_regabiwrappers_on.go /usr/local/go/src/internal/goexperiment/exp_runtimefreegc_off.go /usr/local/go/src/internal/goexperiment/exp_runtimesecret_off.go /usr/local/go/src/internal/goexperiment/exp_simd_off.go /usr/local/go/src/internal/goexperiment/exp_sizespecializedmalloc_off.go /usr/local/go/src/internal/goexperiment/exp_staticlockranking_off.go /usr/local/go/src/internal/goexperiment/flags.go
go tool buildid -w $WORK/b016/_pkg_.a # internal
cp $WORK/b016/_pkg_.a /root/.cache/go-build/1e/1e35a1b2b551e8fc45732a849cedf9c6c5ea214bba7d5c3872d9afe5c9217b1b-d # internal
mkdir -p $WORK/b017/
echo '# import config' > $WORK/b017/importcfg # internal
/usr/local/go/pkg/tool/linux_amd64/compile -o $WORK/b017/_pkg_.a -trimpath "$WORK/b017=>" -p internal/goos -lang=go1.26 -std -complete -buildid 0U64L2sYfJQixC6AeIyF/0U64L2sYfJQixC6AeIyF -goversion go1.26.1 -nolocalimports -importcfg $WORK/b017/importcfg -pack /usr/local/go/src/internal/goos/goos.go /usr/local/go/src/internal/goos/unix.go /usr/local/go/src/internal/goos/zgoos_linux.go
go tool buildid -w $WORK/b017/_pkg_.a # internal
cp $WORK/b017/_pkg_.a /root/.cache/go-build/de/dead5760c352212e329e2f70fd7fec291e060c984f234e5679a4bc9e270a2822-d # internal
mkdir -p $WORK/b018/
echo '# import config' > $WORK/b018/importcfg # internal
/usr/local/go/pkg/tool/linux_amd64/compile -o $WORK/b018/_pkg_.a -trimpath "$WORK/b018=>" -p internal/profilerecord -lang=go1.26 -std -complete -buildid 3cO-EAKHXnSwQn6OuY4K/3cO-EAKHXnSwQn6OuY4K -goversion go1.26.1 -nolocalimports -importcfg $WORK/b018/importcfg -pack /usr/local/go/src/internal/profilerecord/profilerecord.go
go tool buildid -w $WORK/b018/_pkg_.a # internal
cp $WORK/b018/_pkg_.a /root/.cache/go-build/10/109318b79c2e670e083468d2c332b08e5b9e5b5bfacf8e38695248d143b9b38e-d # internal
mkdir -p $WORK/b019/
echo -n > $WORK/b019/go_asm.h # internal
cd /usr/local/go/src/internal/runtime/atomic
/usr/local/go/pkg/tool/linux_amd64/asm -p internal/runtime/atomic -trimpath "$WORK/b019=>" -I $WORK/b019/ -I /usr/local/go/pkg/include -D GOOS_linux -D GOARCH_amd64 -D GOAMD64_v1 -gensymabis -o $WORK/b019/symabis ./atomic_amd64.s
cat >/tmp/go-build2523599738/b019/importcfg << 'EOF' # internal
# import config
packagefile internal/goarch=/tmp/go-build2523599738/b006/_pkg_.a
EOF
cd /app
/usr/local/go/pkg/tool/linux_amd64/compile -o $WORK/b019/_pkg_.a -trimpath "$WORK/b019=>" -p internal/runtime/atomic -lang=go1.26 -std -buildid 2Nv63Y2ufxiXF2B8IIo3/2Nv63Y2ufxiXF2B8IIo3 -goversion go1.26.1 -symabis $WORK/b019/symabis -nolocalimports -importcfg $WORK/b019/importcfg -pack -asmhdr $WORK/b019/go_asm.h /usr/local/go/src/internal/runtime/atomic/atomic_amd64.go /usr/local/go/src/internal/runtime/atomic/doc.go /usr/local/go/src/internal/runtime/atomic/stubs.go /usr/local/go/src/internal/runtime/atomic/types.go /usr/local/go/src/internal/runtime/atomic/types_64bit.go /usr/local/go/src/internal/runtime/atomic/unaligned.go /usr/local/go/src/internal/runtime/atomic/xchg8.go
cd /usr/local/go/src/internal/runtime/atomic
/usr/local/go/pkg/tool/linux_amd64/asm -p internal/runtime/atomic -trimpath "$WORK/b019=>" -I $WORK/b019/ -I /usr/local/go/pkg/include -D GOOS_linux -D GOARCH_amd64 -D GOAMD64_v1 -o $WORK/b019/atomic_amd64.o ./atomic_amd64.s
go tool pack r $WORK/b019/_pkg_.a $WORK/b019/atomic_amd64.o # internal
go tool buildid -w $WORK/b019/_pkg_.a # internal
cp $WORK/b019/_pkg_.a /root/.cache/go-build/20/20f9ed22885bdc29f3e26aa2e1e333372b0b4b0cbfd79a4ea1adea408b63a642-d # internal
mkdir -p $WORK/b021/
echo -n > $WORK/b021/go_asm.h # internal
cd /usr/local/go/src/internal/runtime/syscall/linux
/usr/local/go/pkg/tool/linux_amd64/asm -p internal/runtime/syscall/linux -trimpath "$WORK/b021=>" -I $WORK/b021/ -I /usr/local/go/pkg/include -D GOOS_linux -D GOARCH_amd64 -D GOAMD64_v1 -gensymabis -o $WORK/b021/symabis ./asm_linux_amd64.s
cat >/tmp/go-build2523599738/b021/importcfg << 'EOF' # internal
# import config
packagefile internal/goarch=/tmp/go-build2523599738/b006/_pkg_.a
EOF
cd /app
/usr/local/go/pkg/tool/linux_amd64/compile -o $WORK/b021/_pkg_.a -trimpath "$WORK/b021=>" -p internal/runtime/syscall/linux -lang=go1.26 -std -buildid -IQedYYDRWFdcthYSlzf/-IQedYYDRWFdcthYSlzf -goversion go1.26.1 -symabis $WORK/b021/symabis -nolocalimports -importcfg $WORK/b021/importcfg -pack -asmhdr $WORK/b021/go_asm.h /usr/local/go/src/internal/runtime/syscall/linux/defs_linux.go /usr/local/go/src/internal/runtime/syscall/linux/defs_linux_amd64.go /usr/local/go/src/internal/runtime/syscall/linux/syscall_linux.go
cd /usr/local/go/src/internal/runtime/syscall/linux
/usr/local/go/pkg/tool/linux_amd64/asm -p internal/runtime/syscall/linux -trimpath "$WORK/b021=>" -I $WORK/b021/ -I /usr/local/go/pkg/include -D GOOS_linux -D GOARCH_amd64 -D GOAMD64_v1 -o $WORK/b021/asm_linux_amd64.o ./asm_linux_amd64.s
go tool pack r $WORK/b021/_pkg_.a $WORK/b021/asm_linux_amd64.o # internal
go tool buildid -w $WORK/b021/_pkg_.a # internal
cp $WORK/b021/_pkg_.a /root/.cache/go-build/c9/c9cb2104d9402eb2b1d7c8af0bd40a4c90c2dcab9174eb7052f111b81b49cb65-d # internal
mkdir -p $WORK/b023/
echo '# import config' > $WORK/b023/importcfg # internal
cd /app
/usr/local/go/pkg/tool/linux_amd64/compile -o $WORK/b023/_pkg_.a -trimpath "$WORK/b023=>" -p math/bits -lang=go1.26 -std -complete -buildid 6lpxoPsxXoHPVISwH-pd/6lpxoPsxXoHPVISwH-pd -goversion go1.26.1 -nolocalimports -importcfg $WORK/b023/importcfg -pack /usr/local/go/src/math/bits/bits.go /usr/local/go/src/math/bits/bits_errors.go /usr/local/go/src/math/bits/bits_tables.go
go tool buildid -w $WORK/b023/_pkg_.a # internal
cp $WORK/b023/_pkg_.a /root/.cache/go-build/81/819d5cbab9a2e9d02095f3c57125dd02de24090866684e70e862e7bf51d7d4ab-d # internal
mkdir -p $WORK/b022/
cat >/tmp/go-build2523599738/b022/importcfg << 'EOF' # internal
# import config
packagefile math/bits=/tmp/go-build2523599738/b023/_pkg_.a
EOF
/usr/local/go/pkg/tool/linux_amd64/compile -o $WORK/b022/_pkg_.a -trimpath "$WORK/b022=>" -p internal/strconv -lang=go1.26 -std -complete -buildid __yEoAbaeUWYGVe_jK3h/__yEoAbaeUWYGVe_jK3h -goversion go1.26.1 -nolocalimports -importcfg $WORK/b022/importcfg -pack /usr/local/go/src/internal/strconv/atob.go /usr/local/go/src/internal/strconv/atoc.go /usr/local/go/src/internal/strconv/atof.go /usr/local/go/src/internal/strconv/atofeisel.go /usr/local/go/src/internal/strconv/atoi.go /usr/local/go/src/internal/strconv/ctoa.go /usr/local/go/src/internal/strconv/decimal.go /usr/local/go/src/internal/strconv/deps.go /usr/local/go/src/internal/strconv/ftoa.go /usr/local/go/src/internal/strconv/ftoadbox.go /usr/local/go/src/internal/strconv/ftoafixed.go /usr/local/go/src/internal/strconv/itoa.go /usr/local/go/src/internal/strconv/math.go /usr/local/go/src/internal/strconv/pow10tab.go
go tool buildid -w $WORK/b022/_pkg_.a # internal
cp $WORK/b022/_pkg_.a /root/.cache/go-build/34/3403da6c4f9eefc729cb42390483f8fc177430b4e8dbd7262ca287a30f49bcb9-d # internal
mkdir -p $WORK/b020/
cat >/tmp/go-build2523599738/b020/importcfg << 'EOF' # internal
# import config
packagefile internal/bytealg=/tmp/go-build2523599738/b010/_pkg_.a
packagefile internal/runtime/syscall/linux=/tmp/go-build2523599738/b021/_pkg_.a
packagefile internal/strconv=/tmp/go-build2523599738/b022/_pkg_.a
EOF
/usr/local/go/pkg/tool/linux_amd64/compile -o $WORK/b020/_pkg_.a -trimpath "$WORK/b020=>" -p internal/runtime/cgroup -lang=go1.26 -std -complete -buildid dhL7c8caz5R-YXLZ_--h/dhL7c8caz5R-YXLZ_--h -goversion go1.26.1 -nolocalimports -importcfg $WORK/b020/importcfg -pack /usr/local/go/src/internal/runtime/cgroup/cgroup.go /usr/local/go/src/internal/runtime/cgroup/cgroup_linux.go /usr/local/go/src/internal/runtime/cgroup/line_reader.go /usr/local/go/src/internal/runtime/cgroup/runtime.go
go tool buildid -w $WORK/b020/_pkg_.a # internal
cp $WORK/b020/_pkg_.a /root/.cache/go-build/fe/feeb1c9f3894efc917229e530e01b945889f9b8baca2204d307d8a51ac23f2a0-d # internal
mkdir -p $WORK/b024/
cat >/tmp/go-build2523599738/b024/importcfg << 'EOF' # internal
# import config
packagefile internal/runtime/atomic=/tmp/go-build2523599738/b019/_pkg_.a
EOF
/usr/local/go/pkg/tool/linux_amd64/compile -o $WORK/b024/_pkg_.a -trimpath "$WORK/b024=>" -p internal/runtime/exithook -lang=go1.26 -std -complete -buildid 8krlrC1xRPd6713qE9b_/8krlrC1xRPd6713qE9b_ -goversion go1.26.1 -nolocalimports -importcfg $WORK/b024/importcfg -pack /usr/local/go/src/internal/runtime/exithook/hooks.go
go tool buildid -w $WORK/b024/_pkg_.a # internal
cp $WORK/b024/_pkg_.a /root/.cache/go-build/9e/9ec2440659615fe46d332408d1870730e1f4edac63b4d35cbdedadc0758c1473-d # internal
mkdir -p $WORK/b025/
cat >/tmp/go-build2523599738/b025/importcfg << 'EOF' # internal
# import config
packagefile internal/goarch=/tmp/go-build2523599738/b006/_pkg_.a
EOF
/usr/local/go/pkg/tool/linux_amd64/compile -o $WORK/b025/_pkg_.a -trimpath "$WORK/b025=>" -p internal/runtime/gc -lang=go1.26 -std -complete -buildid P1wcrgFsE6FsGilFLYXm/P1wcrgFsE6FsGilFLYXm -goversion go1.26.1 -nolocalimports -importcfg $WORK/b025/importcfg -pack /usr/local/go/src/internal/runtime/gc/malloc.go /usr/local/go/src/internal/runtime/gc/scan.go /usr/local/go/src/internal/runtime/gc/sizeclasses.go
go tool buildid -w $WORK/b025/_pkg_.a # internal
cp $WORK/b025/_pkg_.a /root/.cache/go-build/7f/7f16d2a0bfaba1b4642e36889d644cd0372ef9c55d8acb4bbab8ad5f7d5734d7-d # internal
mkdir -p $WORK/b027/
echo -n > $WORK/b027/go_asm.h # internal
cd /usr/local/go/src/internal/runtime/sys
/usr/local/go/pkg/tool/linux_amd64/asm -p internal/runtime/sys -trimpath "$WORK/b027=>" -I $WORK/b027/ -I /usr/local/go/pkg/include -D GOOS_linux -D GOARCH_amd64 -D GOAMD64_v1 -gensymabis -o $WORK/b027/symabis ./empty.s
cat >/tmp/go-build2523599738/b027/importcfg << 'EOF' # internal
# import config
packagefile internal/goarch=/tmp/go-build2523599738/b006/_pkg_.a
packagefile internal/goos=/tmp/go-build2523599738/b017/_pkg_.a
EOF
cd /app
/usr/local/go/pkg/tool/linux_amd64/compile -o $WORK/b027/_pkg_.a -trimpath "$WORK/b027=>" -p internal/runtime/sys -lang=go1.26 -std -buildid qr57pTMnYbRr3NJnwrEH/qr57pTMnYbRr3NJnwrEH -goversion go1.26.1 -symabis $WORK/b027/symabis -nolocalimports -importcfg $WORK/b027/importcfg -pack -asmhdr $WORK/b027/go_asm.h /usr/local/go/src/internal/runtime/sys/consts.go /usr/local/go/src/internal/runtime/sys/consts_norace.go /usr/local/go/src/internal/runtime/sys/intrinsics.go /usr/local/go/src/internal/runtime/sys/nih.go /usr/local/go/src/internal/runtime/sys/no_dit.go /usr/local/go/src/internal/runtime/sys/sys.go /usr/local/go/src/internal/runtime/sys/zversion.go
cd /usr/local/go/src/internal/runtime/sys
/usr/local/go/pkg/tool/linux_amd64/asm -p internal/runtime/sys -trimpath "$WORK/b027=>" -I $WORK/b027/ -I /usr/local/go/pkg/include -D GOOS_linux -D GOARCH_amd64 -D GOAMD64_v1 -o $WORK/b027/empty.o ./empty.s
go tool pack r $WORK/b027/_pkg_.a $WORK/b027/empty.o # internal
go tool buildid -w $WORK/b027/_pkg_.a # internal
cp $WORK/b027/_pkg_.a /root/.cache/go-build/c6/c6ce6c745c1f8da0aac3b1d6e13ffd4bb8ff1108e5ad7b3847655175d4ddf62d-d # internal
mkdir -p $WORK/b026/
echo -n > $WORK/b026/go_asm.h # internal
cd /usr/local/go/src/internal/runtime/gc/scan
/usr/local/go/pkg/tool/linux_amd64/asm -p internal/runtime/gc/scan -trimpath "$WORK/b026=>" -I $WORK/b026/ -I /usr/local/go/pkg/include -D GOOS_linux -D GOARCH_amd64 -D GOAMD64_v1 -gensymabis -o $WORK/b026/symabis ./expand_amd64.s ./filter_amd64.s ./scan_amd64.s
cat >/tmp/go-build2523599738/b026/importcfg << 'EOF' # internal
# import config
packagefile internal/cpu=/tmp/go-build2523599738/b011/_pkg_.a
packagefile internal/goarch=/tmp/go-build2523599738/b006/_pkg_.a
packagefile internal/runtime/gc=/tmp/go-build2523599738/b025/_pkg_.a
packagefile internal/runtime/sys=/tmp/go-build2523599738/b027/_pkg_.a
EOF
cd /app
/usr/local/go/pkg/tool/linux_amd64/compile -o $WORK/b026/_pkg_.a -trimpath "$WORK/b026=>" -p internal/runtime/gc/scan -lang=go1.26 -std -buildid BgewXA0RLxsIHIvc2Hpm/BgewXA0RLxsIHIvc2Hpm -goversion go1.26.1 -symabis $WORK/b026/symabis -nolocalimports -importcfg $WORK/b026/importcfg -pack -asmhdr $WORK/b026/go_asm.h /usr/local/go/src/internal/runtime/gc/scan/expand_amd64.go /usr/local/go/src/internal/runtime/gc/scan/expand_reference.go /usr/local/go/src/internal/runtime/gc/scan/filter.go /usr/local/go/src/internal/runtime/gc/scan/filter_amd64.go /usr/local/go/src/internal/runtime/gc/scan/scan_amd64.go /usr/local/go/src/internal/runtime/gc/scan/scan_go.go /usr/local/go/src/internal/runtime/gc/scan/scan_reference.go
cd /usr/local/go/src/internal/runtime/gc/scan
/usr/local/go/pkg/tool/linux_amd64/asm -p internal/runtime/gc/scan -trimpath "$WORK/b026=>" -I $WORK/b026/ -I /usr/local/go/pkg/include -D GOOS_linux -D GOARCH_amd64 -D GOAMD64_v1 -o $WORK/b026/expand_amd64.o ./expand_amd64.s
/usr/local/go/pkg/tool/linux_amd64/asm -p internal/runtime/gc/scan -trimpath "$WORK/b026=>" -I $WORK/b026/ -I /usr/local/go/pkg/include -D GOOS_linux -D GOARCH_amd64 -D GOAMD64_v1 -o $WORK/b026/filter_amd64.o ./filter_amd64.s
/usr/local/go/pkg/tool/linux_amd64/asm -p internal/runtime/gc/scan -trimpath "$WORK/b026=>" -I $WORK/b026/ -I /usr/local/go/pkg/include -D GOOS_linux -D GOARCH_amd64 -D GOAMD64_v1 -o $WORK/b026/scan_amd64.o ./scan_amd64.s
go tool pack r $WORK/b026/_pkg_.a $WORK/b026/expand_amd64.o $WORK/b026/filter_amd64.o $WORK/b026/scan_amd64.o # internal
go tool buildid -w $WORK/b026/_pkg_.a # internal
cp $WORK/b026/_pkg_.a /root/.cache/go-build/5f/5f2b37e81ee18cb80798fe5c4b7ddf98cf57e731493be3981ef6e31593ab9ca3-d # internal
mkdir -p $WORK/b029/
echo '# import config' > $WORK/b029/importcfg # internal
cd /app
/usr/local/go/pkg/tool/linux_amd64/compile -o $WORK/b029/_pkg_.a -trimpath "$WORK/b029=>" -p internal/asan -lang=go1.26 -std -complete -buildid pQ_uHojRLBG9hsMaV0EM/pQ_uHojRLBG9hsMaV0EM -goversion go1.26.1 -nolocalimports -importcfg $WORK/b029/importcfg -pack /usr/local/go/src/internal/asan/doc.go /usr/local/go/src/internal/asan/noasan.go
go tool buildid -w $WORK/b029/_pkg_.a # internal
cp $WORK/b029/_pkg_.a /root/.cache/go-build/4e/4e346506ffd53bcf1534d9562f9eacb621c8cafc1bd193c08948e5abd5fa5e93-d # internal
mkdir -p $WORK/b030/
echo '# import config' > $WORK/b030/importcfg # internal
/usr/local/go/pkg/tool/linux_amd64/compile -o $WORK/b030/_pkg_.a -trimpath "$WORK/b030=>" -p internal/msan -lang=go1.26 -std -complete -buildid kE_cqHCF2UxbxXWfaoN3/kE_cqHCF2UxbxXWfaoN3 -goversion go1.26.1 -nolocalimports -importcfg $WORK/b030/importcfg -pack /usr/local/go/src/internal/msan/doc.go /usr/local/go/src/internal/msan/nomsan.go
go tool buildid -w $WORK/b030/_pkg_.a # internal
cp $WORK/b030/_pkg_.a /root/.cache/go-build/19/19b47b0b1f8df400835abdcd0ff043b6aec32f712f7b98648921d7136c3462f7-d # internal
mkdir -p $WORK/b031/
cat >/tmp/go-build2523599738/b031/importcfg << 'EOF' # internal
# import config
packagefile internal/abi=/tmp/go-build2523599738/b005/_pkg_.a
EOF
/usr/local/go/pkg/tool/linux_amd64/compile -o $WORK/b031/_pkg_.a -trimpath "$WORK/b031=>" -p internal/race -lang=go1.26 -std -complete -buildid uiIFt0YRh_32f19G7-sh/uiIFt0YRh_32f19G7-sh -goversion go1.26.1 -nolocalimports -importcfg $WORK/b031/importcfg -pack /usr/local/go/src/internal/race/doc.go /usr/local/go/src/internal/race/norace.go
go tool buildid -w $WORK/b031/_pkg_.a # internal
cp $WORK/b031/_pkg_.a /root/.cache/go-build/c0/c02397e4e542947c8e66758e157a18eb347ec81e95d1107de627c1fb3662bbf5-d # internal
mkdir -p $WORK/b032/
cat >/tmp/go-build2523599738/b032/importcfg << 'EOF' # internal
# import config
packagefile internal/goarch=/tmp/go-build2523599738/b006/_pkg_.a
EOF
/usr/local/go/pkg/tool/linux_amd64/compile -o $WORK/b032/_pkg_.a -trimpath "$WORK/b032=>" -p internal/runtime/math -lang=go1.26 -std -complete -buildid idWxLIed1nYt1HSdD4py/idWxLIed1nYt1HSdD4py -goversion go1.26.1 -nolocalimports -importcfg $WORK/b032/importcfg -pack /usr/local/go/src/internal/runtime/math/math.go
go tool buildid -w $WORK/b032/_pkg_.a # internal
cp $WORK/b032/_pkg_.a /root/.cache/go-build/f9/f962f9ea6539d83a44030b485cb7cce8121b2dc8a898ba44e079757026ed7889-d # internal
mkdir -p $WORK/b028/
cat >/tmp/go-build2523599738/b028/importcfg << 'EOF' # internal
# import config
packagefile internal/abi=/tmp/go-build2523599738/b005/_pkg_.a
packagefile internal/asan=/tmp/go-build2523599738/b029/_pkg_.a
packagefile internal/goarch=/tmp/go-build2523599738/b006/_pkg_.a
packagefile internal/msan=/tmp/go-build2523599738/b030/_pkg_.a
packagefile internal/race=/tmp/go-build2523599738/b031/_pkg_.a
packagefile internal/runtime/math=/tmp/go-build2523599738/b032/_pkg_.a
packagefile internal/runtime/sys=/tmp/go-build2523599738/b027/_pkg_.a
EOF
/usr/local/go/pkg/tool/linux_amd64/compile -o $WORK/b028/_pkg_.a -trimpath "$WORK/b028=>" -p internal/runtime/maps -lang=go1.26 -std -complete -buildid ZBsTNdISdPlx8PQw20Po/ZBsTNdISdPlx8PQw20Po -goversion go1.26.1 -nolocalimports -importcfg $WORK/b028/importcfg -pack /usr/local/go/src/internal/runtime/maps/group.go /usr/local/go/src/internal/runtime/maps/map.go /usr/local/go/src/internal/runtime/maps/runtime.go /usr/local/go/src/internal/runtime/maps/runtime_fast32.go /usr/local/go/src/internal/runtime/maps/runtime_fast64.go /usr/local/go/src/internal/runtime/maps/runtime_faststr.go /usr/local/go/src/internal/runtime/maps/table.go /usr/local/go/src/internal/runtime/maps/table_debug.go
go tool buildid -w $WORK/b028/_pkg_.a # internal
cp $WORK/b028/_pkg_.a /root/.cache/go-build/1a/1a7354659c0bc8cb3552c33ccb2cc9aaf5723d85a6c035e788bd761382765c27-d # internal
mkdir -p $WORK/b033/
echo '# import config' > $WORK/b033/importcfg # internal
/usr/local/go/pkg/tool/linux_amd64/compile -o $WORK/b033/_pkg_.a -trimpath "$WORK/b033=>" -p internal/runtime/pprof/label -lang=go1.26 -std -complete -buildid GFA1jZZD7lTGFs7tU1Bk/GFA1jZZD7lTGFs7tU1Bk -goversion go1.26.1 -nolocalimports -importcfg $WORK/b033/importcfg -pack /usr/local/go/src/internal/runtime/pprof/label/labelset.go
go tool buildid -w $WORK/b033/_pkg_.a # internal
cp $WORK/b033/_pkg_.a /root/.cache/go-build/bf/bfeaf974f086614f1bf725aaa6deae845107de518ecf6fc51440249474568025-d # internal
mkdir -p $WORK/b034/
cat >/tmp/go-build2523599738/b034/importcfg << 'EOF' # internal
# import config
packagefile internal/bytealg=/tmp/go-build2523599738/b010/_pkg_.a
EOF
/usr/local/go/pkg/tool/linux_amd64/compile -o $WORK/b034/_pkg_.a -trimpath "$WORK/b034=>" -p internal/stringslite -lang=go1.26 -std -complete -buildid 05c9MquDQp9338RalRxj/05c9MquDQp9338RalRxj -goversion go1.26.1 -nolocalimports -importcfg $WORK/b034/importcfg -pack /usr/local/go/src/internal/stringslite/strings.go
go tool buildid -w $WORK/b034/_pkg_.a # internal
cp $WORK/b034/_pkg_.a /root/.cache/go-build/7b/7be53071e16be530d4f257bece134aaf55e6d73821c6f4eb5ecb0768320441c1-d # internal
mkdir -p $WORK/b035/
echo '# import config' > $WORK/b035/importcfg # internal
/usr/local/go/pkg/tool/linux_amd64/compile -o $WORK/b035/_pkg_.a -trimpath "$WORK/b035=>" -p internal/trace/tracev2 -lang=go1.26 -std -complete -buildid aYhLMF7eYzcLFUDK_a-_/aYhLMF7eYzcLFUDK_a-_ -goversion go1.26.1 -nolocalimports -importcfg $WORK/b035/importcfg -pack /usr/local/go/src/internal/trace/tracev2/doc.go /usr/local/go/src/internal/trace/tracev2/events.go /usr/local/go/src/internal/trace/tracev2/spec.go
go tool buildid -w $WORK/b035/_pkg_.a # internal
cp $WORK/b035/_pkg_.a /root/.cache/go-build/f9/f9189455f236a567921c9fa05de7fa135e331f946345f253ade9d87a9f9a79b3-d # internal
mkdir -p $WORK/b009/
echo -n > $WORK/b009/go_asm.h # internal
cd /usr/local/go/src/runtime
/usr/local/go/pkg/tool/linux_amd64/asm -p runtime -trimpath "$WORK/b009=>" -I $WORK/b009/ -I /usr/local/go/pkg/include -D GOOS_linux -D GOARCH_amd64 -D GOAMD64_v1 -gensymabis -o $WORK/b009/symabis ./asm.s ./asm_amd64.s ./ints.s ./memclr_amd64.s ./memmove_amd64.s ./preempt_amd64.s ./rt0_linux_amd64.s ./secret_amd64.s ./sys_linux_amd64.s ./test_amd64.s ./time_linux_amd64.s
cat >/tmp/go-build2523599738/b009/importcfg << 'EOF' # internal
# import config
packagefile internal/abi=/tmp/go-build2523599738/b005/_pkg_.a
packagefile internal/bytealg=/tmp/go-build2523599738/b010/_pkg_.a
packagefile internal/byteorder=/tmp/go-build2523599738/b012/_pkg_.a
packagefile internal/chacha8rand=/tmp/go-build2523599738/b013/_pkg_.a
packagefile internal/coverage/rtcov=/tmp/go-build2523599738/b014/_pkg_.a
packagefile internal/cpu=/tmp/go-build2523599738/b011/_pkg_.a
packagefile internal/goarch=/tmp/go-build2523599738/b006/_pkg_.a
packagefile internal/godebugs=/tmp/go-build2523599738/b015/_pkg_.a
packagefile internal/goexperiment=/tmp/go-build2523599738/b016/_pkg_.a
packagefile internal/goos=/tmp/go-build2523599738/b017/_pkg_.a
packagefile internal/profilerecord=/tmp/go-build2523599738/b018/_pkg_.a
packagefile internal/runtime/atomic=/tmp/go-build2523599738/b019/_pkg_.a
packagefile internal/runtime/cgroup=/tmp/go-build2523599738/b020/_pkg_.a
packagefile internal/runtime/exithook=/tmp/go-build2523599738/b024/_pkg_.a
packagefile internal/runtime/gc=/tmp/go-build2523599738/b025/_pkg_.a
packagefile internal/runtime/gc/scan=/tmp/go-build2523599738/b026/_pkg_.a
packagefile internal/runtime/maps=/tmp/go-build2523599738/b028/_pkg_.a
packagefile internal/runtime/math=/tmp/go-build2523599738/b032/_pkg_.a
packagefile internal/runtime/pprof/label=/tmp/go-build2523599738/b033/_pkg_.a
packagefile internal/runtime/sys=/tmp/go-build2523599738/b027/_pkg_.a
packagefile internal/runtime/syscall/linux=/tmp/go-build2523599738/b021/_pkg_.a
packagefile internal/strconv=/tmp/go-build2523599738/b022/_pkg_.a
packagefile internal/stringslite=/tmp/go-build2523599738/b034/_pkg_.a
packagefile internal/trace/tracev2=/tmp/go-build2523599738/b035/_pkg_.a
packagefile math/bits=/tmp/go-build2523599738/b023/_pkg_.a
EOF
cd /app
/usr/local/go/pkg/tool/linux_amd64/compile -o $WORK/b009/_pkg_.a -trimpath "$WORK/b009=>" -p runtime -lang=go1.26 -std -buildid lT49a6Z_ncos263Ny-8Y/lT49a6Z_ncos263Ny-8Y -goversion go1.26.1 -symabis $WORK/b009/symabis -nolocalimports -importcfg $WORK/b009/importcfg -pack -asmhdr $WORK/b009/go_asm.h /usr/local/go/src/runtime/alg.go /usr/local/go/src/runtime/arena.go /usr/local/go/src/runtime/asan0.go /usr/local/go/src/runtime/atomic_pointer.go /usr/local/go/src/runtime/badlinkname.go /usr/local/go/src/runtime/badlinkname_linux.go /usr/local/go/src/runtime/cgo.go /usr/local/go/src/runtime/cgo_mmap.go /usr/local/go/src/runtime/cgo_sigaction.go /usr/local/go/src/runtime/cgocall.go /usr/local/go/src/runtime/cgocallback.go /usr/local/go/src/runtime/cgocheck.go /usr/local/go/src/runtime/cgroup_linux.go /usr/local/go/src/runtime/chan.go /usr/local/go/src/runtime/checkptr.go /usr/local/go/src/runtime/compiler.go /usr/local/go/src/runtime/complex.go /usr/local/go/src/runtime/coro.go /usr/local/go/src/runtime/covercounter.go /usr/local/go/src/runtime/covermeta.go /usr/local/go/src/runtime/cpuflags.go /usr/local/go/src/runtime/cpuflags_amd64.go /usr/local/go/src/runtime/cpuprof.go /usr/local/go/src/runtime/cputicks.go /usr/local/go/src/runtime/create_file_unix.go /usr/local/go/src/runtime/debug.go /usr/local/go/src/runtime/debugcall.go /usr/local/go/src/runtime/debuglog.go /usr/local/go/src/runtime/debuglog_off.go /usr/local/go/src/runtime/defs_linux_amd64.go /usr/local/go/src/runtime/dit.go /usr/local/go/src/runtime/env_posix.go /usr/local/go/src/runtime/error.go /usr/local/go/src/runtime/extern.go /usr/local/go/src/runtime/fastlog2.go /usr/local/go/src/runtime/fastlog2table.go /usr/local/go/src/runtime/fds_unix.go /usr/local/go/src/runtime/fipsbypass.go /usr/local/go/src/runtime/float.go /usr/local/go/src/runtime/hash64.go /usr/local/go/src/runtime/heapdump.go /usr/local/go/src/runtime/hexdump.go /usr/local/go/src/runtime/histogram.go /usr/local/go/src/runtime/iface.go /usr/local/go/src/runtime/lfstack.go /usr/local/go/src/runtime/linkname.go /usr/local/go/src/runtime/linkname_shim.go /usr/local/go/src/runtime/linkname_unix.go /usr/local/go/src/runtime/list.go /usr/local/go/src/runtime/list_manual.go /usr/local/go/src/runtime/lock_futex.go /usr/local/go/src/runtime/lock_spinbit.go /usr/local/go/src/runtime/lockrank.go /usr/local/go/src/runtime/lockrank_off.go /usr/local/go/src/runtime/malloc.go /usr/local/go/src/runtime/malloc_generated.go /usr/local/go/src/runtime/malloc_stubs.go /usr/local/go/src/runtime/malloc_tables_generated.go /usr/local/go/src/runtime/map.go /usr/local/go/src/runtime/map_fast32.go /usr/local/go/src/runtime/map_fast64.go /usr/local/go/src/runtime/map_faststr.go /usr/local/go/src/runtime/mbarrier.go /usr/local/go/src/runtime/mbitmap.go /usr/local/go/src/runtime/mcache.go /usr/local/go/src/runtime/mcentral.go /usr/local/go/src/runtime/mcheckmark.go /usr/local/go/src/runtime/mcleanup.go /usr/local/go/src/runtime/mem.go /usr/local/go/src/runtime/mem_linux.go /usr/local/go/src/runtime/mem_nonsbrk.go /usr/local/go/src/runtime/metrics.go /usr/local/go/src/runtime/mfinal.go /usr/local/go/src/runtime/mfixalloc.go /usr/local/go/src/runtime/mgc.go /usr/local/go/src/runtime/mgclimit.go /usr/local/go/src/runtime/mgcmark.go /usr/local/go/src/runtime/mgcmark_greenteagc.go /usr/local/go/src/runtime/mgcpacer.go /usr/local/go/src/runtime/mgcscavenge.go /usr/local/go/src/runtime/mgcstack.go /usr/local/go/src/runtime/mgcsweep.go /usr/local/go/src/runtime/mgcwork.go /usr/local/go/src/runtime/mheap.go /usr/local/go/src/runtime/minmax.go /usr/local/go/src/runtime/mpagealloc.go /usr/local/go/src/runtime/mpagealloc_64bit.go /usr/local/go/src/runtime/mpagecache.go /usr/local/go/src/runtime/mpallocbits.go /usr/local/go/src/runtime/mprof.go /usr/local/go/src/runtime/mranges.go /usr/local/go/src/runtime/msan0.go /usr/local/go/src/runtime/msize.go /usr/local/go/src/runtime/mspanset.go /usr/local/go/src/runtime/mstats.go /usr/local/go/src/runtime/mwbbuf.go /usr/local/go/src/runtime/nbpipe_pipe2.go /usr/local/go/src/runtime/netpoll.go /usr/local/go/src/runtime/netpoll_epoll.go /usr/local/go/src/runtime/nonwindows_stub.go /usr/local/go/src/runtime/note_other.go /usr/local/go/src/runtime/os_linux.go /usr/local/go/src/runtime/os_linux64.go /usr/local/go/src/runtime/os_linux_generic.go /usr/local/go/src/runtime/os_linux_noauxv.go /usr/local/go/src/runtime/os_nonopenbsd.go /usr/local/go/src/runtime/os_unix.go /usr/local/go/src/runtime/panic.go /usr/local/go/src/runtime/pinner.go /usr/local/go/src/runtime/plugin.go /usr/local/go/src/runtime/preempt.go /usr/local/go/src/runtime/preempt_amd64.go /usr/local/go/src/runtime/preempt_nonwindows.go /usr/local/go/src/runtime/preempt_xreg.go /usr/local/go/src/runtime/print.go /usr/local/go/src/runtime/proc.go /usr/local/go/src/runtime/profbuf.go /usr/local/go/src/runtime/proflabel.go /usr/local/go/src/runtime/race0.go /usr/local/go/src/runtime/rand.go /usr/local/go/src/runtime/rdebug.go /usr/local/go/src/runtime/retry.go /usr/local/go/src/runtime/runtime.go /usr/local/go/src/runtime/runtime1.go /usr/local/go/src/runtime/runtime2.go /usr/local/go/src/runtime/runtime_boring.go /usr/local/go/src/runtime/runtime_clearenv.go /usr/local/go/src/runtime/rwmutex.go /usr/local/go/src/runtime/secret.go /usr/local/go/src/runtime/secret_asm.go /usr/local/go/src/runtime/security_linux.go /usr/local/go/src/runtime/security_unix.go /usr/local/go/src/runtime/select.go /usr/local/go/src/runtime/sema.go /usr/local/go/src/runtime/set_vma_name_linux.go /usr/local/go/src/runtime/signal_amd64.go /usr/local/go/src/runtime/signal_linux_amd64.go /usr/local/go/src/runtime/signal_unix.go /usr/local/go/src/runtime/sigqueue.go /usr/local/go/src/runtime/sigqueue_note.go /usr/local/go/src/runtime/sigtab_linux_generic.go /usr/local/go/src/runtime/slice.go /usr/local/go/src/runtime/softfloat64.go /usr/local/go/src/runtime/stack.go /usr/local/go/src/runtime/stkframe.go /usr/local/go/src/runtime/string.go /usr/local/go/src/runtime/stubs.go /usr/local/go/src/runtime/stubs2.go /usr/local/go/src/runtime/stubs3.go /usr/local/go/src/runtime/stubs_amd64.go /usr/local/go/src/runtime/stubs_linux.go /usr/local/go/src/runtime/stubs_nonwasm.go /usr/local/go/src/runtime/symtab.go /usr/local/go/src/runtime/symtabinl.go /usr/local/go/src/runtime/synctest.go /usr/local/go/src/runtime/sys_nonppc64x.go /usr/local/go/src/runtime/sys_x86.go /usr/local/go/src/runtime/tagptr.go /usr/local/go/src/runtime/tagptr_64bit.go /usr/local/go/src/runtime/test_amd64.go /usr/local/go/src/runtime/time.go /usr/local/go/src/runtime/time_nofake.go /usr/local/go/src/runtime/timeasm.go /usr/local/go/src/runtime/tls_stub.go /usr/local/go/src/runtime/trace.go /usr/local/go/src/runtime/traceallocfree.go /usr/local/go/src/runtime/traceback.go /usr/local/go/src/runtime/tracebuf.go /usr/local/go/src/runtime/tracecpu.go /usr/local/go/src/runtime/traceevent.go /usr/local/go/src/runtime/tracemap.go /usr/local/go/src/runtime/traceregion.go /usr/local/go/src/runtime/traceruntime.go /usr/local/go/src/runtime/tracestack.go /usr/local/go/src/runtime/tracestatus.go /usr/local/go/src/runtime/tracestring.go /usr/local/go/src/runtime/tracetime.go /usr/local/go/src/runtime/tracetype.go /usr/local/go/src/runtime/type.go /usr/local/go/src/runtime/unsafe.go /usr/local/go/src/runtime/utf8.go /usr/local/go/src/runtime/valgrind0.go /usr/local/go/src/runtime/vdso_elf64.go /usr/local/go/src/runtime/vdso_linux.go /usr/local/go/src/runtime/vdso_linux_amd64.go /usr/local/go/src/runtime/vgetrandom_linux.go /usr/local/go/src/runtime/write_err.go
cp /usr/local/go/src/runtime/asm_amd64.h $WORK/b009/asm_GOARCH.h
cd /usr/local/go/src/runtime
/usr/local/go/pkg/tool/linux_amd64/asm -p runtime -trimpath "$WORK/b009=>" -I $WORK/b009/ -I /usr/local/go/pkg/include -D GOOS_linux -D GOARCH_amd64 -D GOAMD64_v1 -o $WORK/b009/asm.o ./asm.s
/usr/local/go/pkg/tool/linux_amd64/asm -p runtime -trimpath "$WORK/b009=>" -I $WORK/b009/ -I /usr/local/go/pkg/include -D GOOS_linux -D GOARCH_amd64 -D GOAMD64_v1 -o $WORK/b009/asm_amd64.o ./asm_amd64.s
/usr/local/go/pkg/tool/linux_amd64/asm -p runtime -trimpath "$WORK/b009=>" -I $WORK/b009/ -I /usr/local/go/pkg/include -D GOOS_linux -D GOARCH_amd64 -D GOAMD64_v1 -o $WORK/b009/ints.o ./ints.s
/usr/local/go/pkg/tool/linux_amd64/asm -p runtime -trimpath "$WORK/b009=>" -I $WORK/b009/ -I /usr/local/go/pkg/include -D GOOS_linux -D GOARCH_amd64 -D GOAMD64_v1 -o $WORK/b009/memclr_amd64.o ./memclr_amd64.s
/usr/local/go/pkg/tool/linux_amd64/asm -p runtime -trimpath "$WORK/b009=>" -I $WORK/b009/ -I /usr/local/go/pkg/include -D GOOS_linux -D GOARCH_amd64 -D GOAMD64_v1 -o $WORK/b009/memmove_amd64.o ./memmove_amd64.s
/usr/local/go/pkg/tool/linux_amd64/asm -p runtime -trimpath "$WORK/b009=>" -I $WORK/b009/ -I /usr/local/go/pkg/include -D GOOS_linux -D GOARCH_amd64 -D GOAMD64_v1 -o $WORK/b009/preempt_amd64.o ./preempt_amd64.s
/usr/local/go/pkg/tool/linux_amd64/asm -p runtime -trimpath "$WORK/b009=>" -I $WORK/b009/ -I /usr/local/go/pkg/include -D GOOS_linux -D GOARCH_amd64 -D GOAMD64_v1 -o $WORK/b009/rt0_linux_amd64.o ./rt0_linux_amd64.s
/usr/local/go/pkg/tool/linux_amd64/asm -p runtime -trimpath "$WORK/b009=>" -I $WORK/b009/ -I /usr/local/go/pkg/include -D GOOS_linux -D GOARCH_amd64 -D GOAMD64_v1 -o $WORK/b009/secret_amd64.o ./secret_amd64.s
/usr/local/go/pkg/tool/linux_amd64/asm -p runtime -trimpath "$WORK/b009=>" -I $WORK/b009/ -I /usr/local/go/pkg/include -D GOOS_linux -D GOARCH_amd64 -D GOAMD64_v1 -o $WORK/b009/sys_linux_amd64.o ./sys_linux_amd64.s
/usr/local/go/pkg/tool/linux_amd64/asm -p runtime -trimpath "$WORK/b009=>" -I $WORK/b009/ -I /usr/local/go/pkg/include -D GOOS_linux -D GOARCH_amd64 -D GOAMD64_v1 -o $WORK/b009/test_amd64.o ./test_amd64.s
/usr/local/go/pkg/tool/linux_amd64/asm -p runtime -trimpath "$WORK/b009=>" -I $WORK/b009/ -I /usr/local/go/pkg/include -D GOOS_linux -D GOARCH_amd64 -D GOAMD64_v1 -o $WORK/b009/time_linux_amd64.o ./time_linux_amd64.s
go tool pack r $WORK/b009/_pkg_.a $WORK/b009/asm.o $WORK/b009/asm_amd64.o $WORK/b009/ints.o $WORK/b009/memclr_amd64.o $WORK/b009/memmove_amd64.o $WORK/b009/preempt_amd64.o $WORK/b009/rt0_linux_amd64.o $WORK/b009/secret_amd64.o $WORK/b009/sys_linux_amd64.o $WORK/b009/test_amd64.o $WORK/b009/time_linux_amd64.o # internal
go tool buildid -w $WORK/b009/_pkg_.a # internal
cp $WORK/b009/_pkg_.a /root/.cache/go-build/42/42ab7bf2f5a3aef57c61d83be74ab4181662c0bd9fee4e0c485ec624622df7db-d # internal
mkdir -p $WORK/b004/
echo -n > $WORK/b004/go_asm.h # internal
cd /usr/local/go/src/internal/reflectlite
/usr/local/go/pkg/tool/linux_amd64/asm -p internal/reflectlite -trimpath "$WORK/b004=>" -I $WORK/b004/ -I /usr/local/go/pkg/include -D GOOS_linux -D GOARCH_amd64 -D GOAMD64_v1 -gensymabis -o $WORK/b004/symabis ./asm.s
cat >/tmp/go-build2523599738/b004/importcfg << 'EOF' # internal
# import config
packagefile internal/abi=/tmp/go-build2523599738/b005/_pkg_.a
packagefile internal/goarch=/tmp/go-build2523599738/b006/_pkg_.a
packagefile internal/unsafeheader=/tmp/go-build2523599738/b008/_pkg_.a
packagefile runtime=/tmp/go-build2523599738/b009/_pkg_.a
EOF
cd /app
/usr/local/go/pkg/tool/linux_amd64/compile -o $WORK/b004/_pkg_.a -trimpath "$WORK/b004=>" -p internal/reflectlite -lang=go1.26 -std -buildid 1f9uS13-NBLLxXoTUyM8/1f9uS13-NBLLxXoTUyM8 -goversion go1.26.1 -symabis $WORK/b004/symabis -nolocalimports -importcfg $WORK/b004/importcfg -pack -asmhdr $WORK/b004/go_asm.h /usr/local/go/src/internal/reflectlite/swapper.go /usr/local/go/src/internal/reflectlite/type.go /usr/local/go/src/internal/reflectlite/value.go
cd /usr/local/go/src/internal/reflectlite
/usr/local/go/pkg/tool/linux_amd64/asm -p internal/reflectlite -trimpath "$WORK/b004=>" -I $WORK/b004/ -I /usr/local/go/pkg/include -D GOOS_linux -D GOARCH_amd64 -D GOAMD64_v1 -o $WORK/b004/asm.o ./asm.s
go tool pack r $WORK/b004/_pkg_.a $WORK/b004/asm.o # internal
go tool buildid -w $WORK/b004/_pkg_.a # internal
cp $WORK/b004/_pkg_.a /root/.cache/go-build/21/2185a199ffde207a408d1254e8dc77350ab029e22547799ba57cbcc82169682b-d # internal
mkdir -p $WORK/b003/
cat >/tmp/go-build2523599738/b003/importcfg << 'EOF' # internal
# import config
packagefile internal/reflectlite=/tmp/go-build2523599738/b004/_pkg_.a
EOF
cd /app
/usr/local/go/pkg/tool/linux_amd64/compile -o $WORK/b003/_pkg_.a -trimpath "$WORK/b003=>" -p errors -lang=go1.26 -std -complete -buildid V-vHu5PdsNrtkaVqXEjP/V-vHu5PdsNrtkaVqXEjP -goversion go1.26.1 -nolocalimports -importcfg $WORK/b003/importcfg -pack /usr/local/go/src/errors/errors.go /usr/local/go/src/errors/join.go /usr/local/go/src/errors/wrap.go
go tool buildid -w $WORK/b003/_pkg_.a # internal
cp $WORK/b003/_pkg_.a /root/.cache/go-build/cc/cc534cdc5d1a459cae38980af6e9140c63cc44aa35ca8b4a61824d0603e87c96-d # internal
mkdir -p $WORK/b037/
echo '# import config' > $WORK/b037/importcfg # internal
/usr/local/go/pkg/tool/linux_amd64/compile -o $WORK/b037/_pkg_.a -trimpath "$WORK/b037=>" -p cmp -lang=go1.26 -std -complete -buildid wcF0sd3UmDiBu-5VfZhA/wcF0sd3UmDiBu-5VfZhA -goversion go1.26.1 -nolocalimports -importcfg $WORK/b037/importcfg -pack /usr/local/go/src/cmp/cmp.go
go tool buildid -w $WORK/b037/_pkg_.a # internal
cp $WORK/b037/_pkg_.a /root/.cache/go-build/63/63adb0113180466d628b5a3f7eee1463f349d31889a3b28f0e702170df9c6c0f-d # internal
mkdir -p $WORK/b039/
cat >/tmp/go-build2523599738/b039/importcfg << 'EOF' # internal
# import config
packagefile internal/race=/tmp/go-build2523599738/b031/_pkg_.a
packagefile runtime=/tmp/go-build2523599738/b009/_pkg_.a
EOF
/usr/local/go/pkg/tool/linux_amd64/compile -o $WORK/b039/_pkg_.a -trimpath "$WORK/b039=>" -p iter -lang=go1.26 -std -complete -buildid ONdX-sO9TfX15kQAKX3Z/ONdX-sO9TfX15kQAKX3Z -goversion go1.26.1 -nolocalimports -importcfg $WORK/b039/importcfg -pack /usr/local/go/src/iter/iter.go
go tool buildid -w $WORK/b039/_pkg_.a # internal
cp $WORK/b039/_pkg_.a /root/.cache/go-build/5e/5e297b4bdc8c6e1de94c657c2cd9d1afeaff57dc103acb8e1cd450455d6d697d-d # internal
mkdir -p $WORK/b040/
echo -n > $WORK/b040/go_asm.h # internal
cd /usr/local/go/src/math
/usr/local/go/pkg/tool/linux_amd64/asm -p math -trimpath "$WORK/b040=>" -I $WORK/b040/ -I /usr/local/go/pkg/include -D GOOS_linux -D GOARCH_amd64 -D GOAMD64_v1 -gensymabis -o $WORK/b040/symabis ./dim_amd64.s ./exp_amd64.s ./floor_amd64.s ./hypot_amd64.s ./log_amd64.s
cat >/tmp/go-build2523599738/b040/importcfg << 'EOF' # internal
# import config
packagefile internal/cpu=/tmp/go-build2523599738/b011/_pkg_.a
packagefile math/bits=/tmp/go-build2523599738/b023/_pkg_.a
EOF
cd /app
/usr/local/go/pkg/tool/linux_amd64/compile -o $WORK/b040/_pkg_.a -trimpath "$WORK/b040=>" -p math -lang=go1.26 -std -buildid AiY82HSsqat09dhkDMIr/AiY82HSsqat09dhkDMIr -goversion go1.26.1 -symabis $WORK/b040/symabis -nolocalimports -importcfg $WORK/b040/importcfg -pack -asmhdr $WORK/b040/go_asm.h /usr/local/go/src/math/abs.go /usr/local/go/src/math/acosh.go /usr/local/go/src/math/asin.go /usr/local/go/src/math/asinh.go /usr/local/go/src/math/atan.go /usr/local/go/src/math/atan2.go /usr/local/go/src/math/atanh.go /usr/local/go/src/math/bits.go /usr/local/go/src/math/cbrt.go /usr/local/go/src/math/const.go /usr/local/go/src/math/copysign.go /usr/local/go/src/math/dim.go /usr/local/go/src/math/dim_asm.go /usr/local/go/src/math/erf.go /usr/local/go/src/math/erfinv.go /usr/local/go/src/math/exp.go /usr/local/go/src/math/exp2_noasm.go /usr/local/go/src/math/exp_amd64.go /usr/local/go/src/math/exp_asm.go /usr/local/go/src/math/expm1.go /usr/local/go/src/math/floor.go /usr/local/go/src/math/floor_asm.go /usr/local/go/src/math/fma.go /usr/local/go/src/math/frexp.go /usr/local/go/src/math/gamma.go /usr/local/go/src/math/hypot.go /usr/local/go/src/math/hypot_asm.go /usr/local/go/src/math/j0.go /usr/local/go/src/math/j1.go /usr/local/go/src/math/jn.go /usr/local/go/src/math/ldexp.go /usr/local/go/src/math/lgamma.go /usr/local/go/src/math/log.go /usr/local/go/src/math/log10.go /usr/local/go/src/math/log1p.go /usr/local/go/src/math/log_asm.go /usr/local/go/src/math/logb.go /usr/local/go/src/math/mod.go /usr/local/go/src/math/modf.go /usr/local/go/src/math/nextafter.go /usr/local/go/src/math/pow.go /usr/local/go/src/math/pow10.go /usr/local/go/src/math/remainder.go /usr/local/go/src/math/signbit.go /usr/local/go/src/math/sin.go /usr/local/go/src/math/sincos.go /usr/local/go/src/math/sinh.go /usr/local/go/src/math/sqrt.go /usr/local/go/src/math/stubs.go /usr/local/go/src/math/tan.go /usr/local/go/src/math/tanh.go /usr/local/go/src/math/trig_reduce.go /usr/local/go/src/math/unsafe.go
cd /usr/local/go/src/math
/usr/local/go/pkg/tool/linux_amd64/asm -p math -trimpath "$WORK/b040=>" -I $WORK/b040/ -I /usr/local/go/pkg/include -D GOOS_linux -D GOARCH_amd64 -D GOAMD64_v1 -o $WORK/b040/dim_amd64.o ./dim_amd64.s
/usr/local/go/pkg/tool/linux_amd64/asm -p math -trimpath "$WORK/b040=>" -I $WORK/b040/ -I /usr/local/go/pkg/include -D GOOS_linux -D GOARCH_amd64 -D GOAMD64_v1 -o $WORK/b040/exp_amd64.o ./exp_amd64.s
/usr/local/go/pkg/tool/linux_amd64/asm -p math -trimpath "$WORK/b040=>" -I $WORK/b040/ -I /usr/local/go/pkg/include -D GOOS_linux -D GOARCH_amd64 -D GOAMD64_v1 -o $WORK/b040/floor_amd64.o ./floor_amd64.s
/usr/local/go/pkg/tool/linux_amd64/asm -p math -trimpath "$WORK/b040=>" -I $WORK/b040/ -I /usr/local/go/pkg/include -D GOOS_linux -D GOARCH_amd64 -D GOAMD64_v1 -o $WORK/b040/hypot_amd64.o ./hypot_amd64.s
/usr/local/go/pkg/tool/linux_amd64/asm -p math -trimpath "$WORK/b040=>" -I $WORK/b040/ -I /usr/local/go/pkg/include -D GOOS_linux -D GOARCH_amd64 -D GOAMD64_v1 -o $WORK/b040/log_amd64.o ./log_amd64.s
go tool pack r $WORK/b040/_pkg_.a $WORK/b040/dim_amd64.o $WORK/b040/exp_amd64.o $WORK/b040/floor_amd64.o $WORK/b040/hypot_amd64.o $WORK/b040/log_amd64.o # internal
go tool buildid -w $WORK/b040/_pkg_.a # internal
cp $WORK/b040/_pkg_.a /root/.cache/go-build/9b/9bc23f84eb8f4e9765809a4aa0c7cab3bf97efe540417eb525732bc8c218cb40-d # internal
mkdir -p $WORK/b042/
echo '# import config' > $WORK/b042/importcfg # internal
cd /app
/usr/local/go/pkg/tool/linux_amd64/compile -o $WORK/b042/_pkg_.a -trimpath "$WORK/b042=>" -p unicode/utf8 -lang=go1.26 -std -complete -buildid 4M28LG0aMbL9B19dlfZC/4M28LG0aMbL9B19dlfZC -goversion go1.26.1 -nolocalimports -importcfg $WORK/b042/importcfg -pack /usr/local/go/src/unicode/utf8/utf8.go
go tool buildid -w $WORK/b042/_pkg_.a # internal
cp $WORK/b042/_pkg_.a /root/.cache/go-build/d3/d3acbb0cf6e9a180db81dabbba5a40d39443a5828e34b14c51ebc56f033fe61d-d # internal
mkdir -p $WORK/b041/
cat >/tmp/go-build2523599738/b041/importcfg << 'EOF' # internal
# import config
packagefile errors=/tmp/go-build2523599738/b003/_pkg_.a
packagefile internal/bytealg=/tmp/go-build2523599738/b010/_pkg_.a
packagefile internal/strconv=/tmp/go-build2523599738/b022/_pkg_.a
packagefile internal/stringslite=/tmp/go-build2523599738/b034/_pkg_.a
packagefile unicode/utf8=/tmp/go-build2523599738/b042/_pkg_.a
EOF
/usr/local/go/pkg/tool/linux_amd64/compile -o $WORK/b041/_pkg_.a -trimpath "$WORK/b041=>" -p strconv -lang=go1.26 -std -complete -buildid BfQ0r2_PWk_TnuVYV3QN/BfQ0r2_PWk_TnuVYV3QN -goversion go1.26.1 -nolocalimports -importcfg $WORK/b041/importcfg -pack /usr/local/go/src/strconv/bytealg.go /usr/local/go/src/strconv/doc.go /usr/local/go/src/strconv/isprint.go /usr/local/go/src/strconv/number.go /usr/local/go/src/strconv/quote.go
go tool buildid -w $WORK/b041/_pkg_.a # internal
cp $WORK/b041/_pkg_.a /root/.cache/go-build/e5/e5541b24ab8963eea13e51ab2ac21df1c1bf14fd2a5b61f6d0947f314613bc14-d # internal
mkdir -p $WORK/b045/
echo -n > $WORK/b045/go_asm.h # internal
cd /usr/local/go/src/sync/atomic
/usr/local/go/pkg/tool/linux_amd64/asm -p sync/atomic -trimpath "$WORK/b045=>" -I $WORK/b045/ -I /usr/local/go/pkg/include -D GOOS_linux -D GOARCH_amd64 -D GOAMD64_v1 -gensymabis -o $WORK/b045/symabis ./asm.s
echo '# import config' > $WORK/b045/importcfg # internal
cd /app
/usr/local/go/pkg/tool/linux_amd64/compile -o $WORK/b045/_pkg_.a -trimpath "$WORK/b045=>" -p sync/atomic -lang=go1.26 -std -buildid RXUTH4a61XVS9Izvmd4S/RXUTH4a61XVS9Izvmd4S -goversion go1.26.1 -symabis $WORK/b045/symabis -nolocalimports -importcfg $WORK/b045/importcfg -pack -asmhdr $WORK/b045/go_asm.h /usr/local/go/src/sync/atomic/doc.go /usr/local/go/src/sync/atomic/doc_64.go /usr/local/go/src/sync/atomic/type.go /usr/local/go/src/sync/atomic/value.go
cd /usr/local/go/src/sync/atomic
/usr/local/go/pkg/tool/linux_amd64/asm -p sync/atomic -trimpath "$WORK/b045=>" -I $WORK/b045/ -I /usr/local/go/pkg/include -D GOOS_linux -D GOARCH_amd64 -D GOAMD64_v1 -o $WORK/b045/asm.o ./asm.s
go tool pack r $WORK/b045/_pkg_.a $WORK/b045/asm.o # internal
go tool buildid -w $WORK/b045/_pkg_.a # internal
cp $WORK/b045/_pkg_.a /root/.cache/go-build/ea/eab0ba4734cd3dfea17f3484ffb18e5c6f2de86dc7378af4e7b6cdc52af51b95-d # internal
mkdir -p $WORK/b044/
cat >/tmp/go-build2523599738/b044/importcfg << 'EOF' # internal
# import config
packagefile internal/abi=/tmp/go-build2523599738/b005/_pkg_.a
packagefile internal/goarch=/tmp/go-build2523599738/b006/_pkg_.a
packagefile internal/race=/tmp/go-build2523599738/b031/_pkg_.a
packagefile sync/atomic=/tmp/go-build2523599738/b045/_pkg_.a
EOF
cd /app
/usr/local/go/pkg/tool/linux_amd64/compile -o $WORK/b044/_pkg_.a -trimpath "$WORK/b044=>" -p internal/sync -lang=go1.26 -std -complete -buildid vgXrpkmbWfkOZY6sOC9W/vgXrpkmbWfkOZY6sOC9W -goversion go1.26.1 -nolocalimports -importcfg $WORK/b044/importcfg -pack /usr/local/go/src/internal/sync/hashtriemap.go /usr/local/go/src/internal/sync/mutex.go /usr/local/go/src/internal/sync/runtime.go
go tool buildid -w $WORK/b044/_pkg_.a # internal
cp $WORK/b044/_pkg_.a /root/.cache/go-build/d9/d916c2538b2942b4ce8de4d231606d7e85851ccc525f3cc8e47bc5ed05354616-d # internal
mkdir -p $WORK/b046/
cat >/tmp/go-build2523599738/b046/importcfg << 'EOF' # internal
# import config
packagefile internal/abi=/tmp/go-build2523599738/b005/_pkg_.a
EOF
/usr/local/go/pkg/tool/linux_amd64/compile -o $WORK/b046/_pkg_.a -trimpath "$WORK/b046=>" -p internal/synctest -lang=go1.26 -std -complete -buildid Zhur0ekas948WxlZWh7n/Zhur0ekas948WxlZWh7n -goversion go1.26.1 -nolocalimports -importcfg $WORK/b046/importcfg -pack /usr/local/go/src/internal/synctest/synctest.go
go tool buildid -w $WORK/b046/_pkg_.a # internal
cp $WORK/b046/_pkg_.a /root/.cache/go-build/92/92469dd61f46fde86c1d2088e767cc097de2518ff284fdd3523e9c79b39e017a-d # internal
mkdir -p $WORK/b043/
cat >/tmp/go-build2523599738/b043/importcfg << 'EOF' # internal
# import config
packagefile internal/race=/tmp/go-build2523599738/b031/_pkg_.a
packagefile internal/sync=/tmp/go-build2523599738/b044/_pkg_.a
packagefile internal/synctest=/tmp/go-build2523599738/b046/_pkg_.a
packagefile runtime=/tmp/go-build2523599738/b009/_pkg_.a
packagefile sync/atomic=/tmp/go-build2523599738/b045/_pkg_.a
EOF
/usr/local/go/pkg/tool/linux_amd64/compile -o $WORK/b043/_pkg_.a -trimpath "$WORK/b043=>" -p sync -lang=go1.26 -std -buildid E75mRJXdz6RBxMTkjEEr/E75mRJXdz6RBxMTkjEEr -goversion go1.26.1 -nolocalimports -importcfg $WORK/b043/importcfg -pack /usr/local/go/src/sync/cond.go /usr/local/go/src/sync/map.go /usr/local/go/src/sync/mutex.go /usr/local/go/src/sync/once.go /usr/local/go/src/sync/oncefunc.go /usr/local/go/src/sync/pool.go /usr/local/go/src/sync/poolqueue.go /usr/local/go/src/sync/runtime.go /usr/local/go/src/sync/runtime2.go /usr/local/go/src/sync/rwmutex.go /usr/local/go/src/sync/waitgroup.go
go tool buildid -w $WORK/b043/_pkg_.a # internal
cp $WORK/b043/_pkg_.a /root/.cache/go-build/1b/1bf6b102f97e9b35faff3fecf750c1e843da6d53c4e1a6baa24381dea615f871-d # internal
mkdir -p $WORK/b047/
echo '# import config' > $WORK/b047/importcfg # internal
/usr/local/go/pkg/tool/linux_amd64/compile -o $WORK/b047/_pkg_.a -trimpath "$WORK/b047=>" -p unicode -lang=go1.26 -std -complete -buildid weuyh5zpjsZ6s-BPi9Sz/weuyh5zpjsZ6s-BPi9Sz -goversion go1.26.1 -nolocalimports -importcfg $WORK/b047/importcfg -pack /usr/local/go/src/unicode/casetables.go /usr/local/go/src/unicode/digit.go /usr/local/go/src/unicode/graphic.go /usr/local/go/src/unicode/letter.go /usr/local/go/src/unicode/tables.go
go tool buildid -w $WORK/b047/_pkg_.a # internal
cp $WORK/b047/_pkg_.a /root/.cache/go-build/10/10088af23316c6244922b2ea52635fbc899beecbc3b37300c75838b297b6b080-d # internal
mkdir -p $WORK/b038/
echo -n > $WORK/b038/go_asm.h # internal
cd /usr/local/go/src/reflect
/usr/local/go/pkg/tool/linux_amd64/asm -p reflect -trimpath "$WORK/b038=>" -I $WORK/b038/ -I /usr/local/go/pkg/include -D GOOS_linux -D GOARCH_amd64 -D GOAMD64_v1 -gensymabis -o $WORK/b038/symabis ./asm_amd64.s
cat >/tmp/go-build2523599738/b038/importcfg << 'EOF' # internal
# import config
packagefile errors=/tmp/go-build2523599738/b003/_pkg_.a
packagefile internal/abi=/tmp/go-build2523599738/b005/_pkg_.a
packagefile internal/bytealg=/tmp/go-build2523599738/b010/_pkg_.a
packagefile internal/goarch=/tmp/go-build2523599738/b006/_pkg_.a
packagefile internal/race=/tmp/go-build2523599738/b031/_pkg_.a
packagefile internal/runtime/maps=/tmp/go-build2523599738/b028/_pkg_.a
packagefile internal/runtime/sys=/tmp/go-build2523599738/b027/_pkg_.a
packagefile internal/strconv=/tmp/go-build2523599738/b022/_pkg_.a
packagefile internal/unsafeheader=/tmp/go-build2523599738/b008/_pkg_.a
packagefile iter=/tmp/go-build2523599738/b039/_pkg_.a
packagefile math=/tmp/go-build2523599738/b040/_pkg_.a
packagefile runtime=/tmp/go-build2523599738/b009/_pkg_.a
packagefile strconv=/tmp/go-build2523599738/b041/_pkg_.a
packagefile sync=/tmp/go-build2523599738/b043/_pkg_.a
packagefile unicode=/tmp/go-build2523599738/b047/_pkg_.a
packagefile unicode/utf8=/tmp/go-build2523599738/b042/_pkg_.a
EOF
cd /app
/usr/local/go/pkg/tool/linux_amd64/compile -o $WORK/b038/_pkg_.a -trimpath "$WORK/b038=>" -p reflect -lang=go1.26 -std -buildid Z6uc0hoc21cq75WiDQGE/Z6uc0hoc21cq75WiDQGE -goversion go1.26.1 -symabis $WORK/b038/symabis -nolocalimports -importcfg $WORK/b038/importcfg -pack -asmhdr $WORK/b038/go_asm.h /usr/local/go/src/reflect/abi.go /usr/local/go/src/reflect/badlinkname.go /usr/local/go/src/reflect/deepequal.go /usr/local/go/src/reflect/float32reg_generic.go /usr/local/go/src/reflect/iter.go /usr/local/go/src/reflect/makefunc.go /usr/local/go/src/reflect/map.go /usr/local/go/src/reflect/swapper.go /usr/local/go/src/reflect/type.go /usr/local/go/src/reflect/value.go /usr/local/go/src/reflect/visiblefields.go
cd /usr/local/go/src/reflect
/usr/local/go/pkg/tool/linux_amd64/asm -p reflect -trimpath "$WORK/b038=>" -I $WORK/b038/ -I /usr/local/go/pkg/include -D GOOS_linux -D GOARCH_amd64 -D GOAMD64_v1 -o $WORK/b038/asm_amd64.o ./asm_amd64.s
go tool pack r $WORK/b038/_pkg_.a $WORK/b038/asm_amd64.o # internal
go tool buildid -w $WORK/b038/_pkg_.a # internal
cp $WORK/b038/_pkg_.a /root/.cache/go-build/6e/6e8f9e93a26b8afbe1fd5336c422071509cd2a8b3e2050633813580b6c6adaac-d # internal
mkdir -p $WORK/b048/
cat >/tmp/go-build2523599738/b048/importcfg << 'EOF' # internal
# import config
packagefile cmp=/tmp/go-build2523599738/b037/_pkg_.a
packagefile iter=/tmp/go-build2523599738/b039/_pkg_.a
packagefile math/bits=/tmp/go-build2523599738/b023/_pkg_.a
EOF
cd /app
/usr/local/go/pkg/tool/linux_amd64/compile -o $WORK/b048/_pkg_.a -trimpath "$WORK/b048=>" -p slices -lang=go1.26 -std -complete -buildid Kim38_wYokBE-yXZ0lcS/Kim38_wYokBE-yXZ0lcS -goversion go1.26.1 -nolocalimports -importcfg $WORK/b048/importcfg -pack /usr/local/go/src/slices/iter.go /usr/local/go/src/slices/slices.go /usr/local/go/src/slices/sort.go /usr/local/go/src/slices/zsortanyfunc.go /usr/local/go/src/slices/zsortordered.go
go tool buildid -w $WORK/b048/_pkg_.a # internal
cp $WORK/b048/_pkg_.a /root/.cache/go-build/d6/d6f42e1153e32d306ca6fad2187a2231ca3d7497ba1173c20f67afd46dd7d565-d # internal
mkdir -p $WORK/b036/
cat >/tmp/go-build2523599738/b036/importcfg << 'EOF' # internal
# import config
packagefile cmp=/tmp/go-build2523599738/b037/_pkg_.a
packagefile reflect=/tmp/go-build2523599738/b038/_pkg_.a
packagefile slices=/tmp/go-build2523599738/b048/_pkg_.a
EOF
/usr/local/go/pkg/tool/linux_amd64/compile -o $WORK/b036/_pkg_.a -trimpath "$WORK/b036=>" -p internal/fmtsort -lang=go1.26 -std -complete -buildid A1a1cPefvnpu7XKgG_hs/A1a1cPefvnpu7XKgG_hs -goversion go1.26.1 -nolocalimports -importcfg $WORK/b036/importcfg -pack /usr/local/go/src/internal/fmtsort/sort.go
go tool buildid -w $WORK/b036/_pkg_.a # internal
cp $WORK/b036/_pkg_.a /root/.cache/go-build/61/6165f26ee9f630eca15402b5b7bd362a4f2bf2b2723bf664da2a3fd7dc3b5c4e-d # internal
mkdir -p $WORK/b049/
cat >/tmp/go-build2523599738/b049/importcfg << 'EOF' # internal
# import config
packagefile errors=/tmp/go-build2523599738/b003/_pkg_.a
packagefile sync=/tmp/go-build2523599738/b043/_pkg_.a
EOF
/usr/local/go/pkg/tool/linux_amd64/compile -o $WORK/b049/_pkg_.a -trimpath "$WORK/b049=>" -p io -lang=go1.26 -std -complete -buildid ym4gJsYaC0K6-FqNqpjI/ym4gJsYaC0K6-FqNqpjI -goversion go1.26.1 -nolocalimports -importcfg $WORK/b049/importcfg -pack /usr/local/go/src/io/io.go /usr/local/go/src/io/multi.go /usr/local/go/src/io/pipe.go
go tool buildid -w $WORK/b049/_pkg_.a # internal
cp $WORK/b049/_pkg_.a /root/.cache/go-build/1f/1fbb89ea12dfd5987e4ed7bb39e64d5b28c4d0cb9ca915bd138754726c57e68f-d # internal
mkdir -p $WORK/b053/
cat >/tmp/go-build2523599738/b053/importcfg << 'EOF' # internal
# import config
packagefile errors=/tmp/go-build2523599738/b003/_pkg_.a
EOF
/usr/local/go/pkg/tool/linux_amd64/compile -o $WORK/b053/_pkg_.a -trimpath "$WORK/b053=>" -p internal/oserror -lang=go1.26 -std -complete -buildid 8aaHa5XjuspAGQD4BydB/8aaHa5XjuspAGQD4BydB -goversion go1.26.1 -nolocalimports -importcfg $WORK/b053/importcfg -pack /usr/local/go/src/internal/oserror/errors.go
go tool buildid -w $WORK/b053/_pkg_.a # internal
cp $WORK/b053/_pkg_.a /root/.cache/go-build/b1/b199c9a68fe6e0911a75e0ad6c1e8e193f3b32a1d3737770ee7556a9f5d354aa-d # internal
mkdir -p $WORK/b054/
cat >/tmp/go-build2523599738/b054/importcfg << 'EOF' # internal
# import config
packagefile errors=/tmp/go-build2523599738/b003/_pkg_.a
packagefile internal/bytealg=/tmp/go-build2523599738/b010/_pkg_.a
packagefile unicode/utf8=/tmp/go-build2523599738/b042/_pkg_.a
EOF
/usr/local/go/pkg/tool/linux_amd64/compile -o $WORK/b054/_pkg_.a -trimpath "$WORK/b054=>" -p path -lang=go1.26 -std -complete -buildid LaRy7pj1yxfHHuIrCLP2/LaRy7pj1yxfHHuIrCLP2 -goversion go1.26.1 -nolocalimports -importcfg $WORK/b054/importcfg -pack /usr/local/go/src/path/match.go /usr/local/go/src/path/path.go
go tool buildid -w $WORK/b054/_pkg_.a # internal
cp $WORK/b054/_pkg_.a /root/.cache/go-build/ea/eaa5aeba7f1dd6fbca73fdf4f6570f7ee07a70554c74992f21e90c51c190b427-d # internal
mkdir -p $WORK/b057/
cat >/tmp/go-build2523599738/b057/importcfg << 'EOF' # internal
# import config
packagefile runtime=/tmp/go-build2523599738/b009/_pkg_.a
packagefile sync=/tmp/go-build2523599738/b043/_pkg_.a
packagefile sync/atomic=/tmp/go-build2523599738/b045/_pkg_.a
EOF
/usr/local/go/pkg/tool/linux_amd64/compile -o $WORK/b057/_pkg_.a -trimpath "$WORK/b057=>" -p internal/bisect -lang=go1.26 -std -complete -buildid jcYJSTQynZermzcFan29/jcYJSTQynZermzcFan29 -goversion go1.26.1 -nolocalimports -importcfg $WORK/b057/importcfg -pack /usr/local/go/src/internal/bisect/bisect.go
go tool buildid -w $WORK/b057/_pkg_.a # internal
cp $WORK/b057/_pkg_.a /root/.cache/go-build/f9/f99315759804323db6892987c293aa4f95f85191eeed7361a6107b7956ee97af-d # internal
mkdir -p $WORK/b056/
cat >/tmp/go-build2523599738/b056/importcfg << 'EOF' # internal
# import config
packagefile internal/bisect=/tmp/go-build2523599738/b057/_pkg_.a
packagefile internal/godebugs=/tmp/go-build2523599738/b015/_pkg_.a
packagefile sync=/tmp/go-build2523599738/b043/_pkg_.a
packagefile sync/atomic=/tmp/go-build2523599738/b045/_pkg_.a
EOF
/usr/local/go/pkg/tool/linux_amd64/compile -o $WORK/b056/_pkg_.a -trimpath "$WORK/b056=>" -p internal/godebug -lang=go1.26 -std -complete -buildid pf2tHUNg_dwyX4-YO5d4/pf2tHUNg_dwyX4-YO5d4 -goversion go1.26.1 -nolocalimports -importcfg $WORK/b056/importcfg -pack /usr/local/go/src/internal/godebug/godebug.go
go tool buildid -w $WORK/b056/_pkg_.a # internal
cp $WORK/b056/_pkg_.a /root/.cache/go-build/2e/2e2d08cb3801ba02c3081e61087340f43ed1ecc7850f0e9b4dfd7d4f682b383e-d # internal
mkdir -p $WORK/b058/
echo -n > $WORK/b058/go_asm.h # internal
cd /usr/local/go/src/syscall
/usr/local/go/pkg/tool/linux_amd64/asm -p syscall -trimpath "$WORK/b058=>" -I $WORK/b058/ -I /usr/local/go/pkg/include -D GOOS_linux -D GOARCH_amd64 -D GOAMD64_v1 -gensymabis -o $WORK/b058/symabis ./asm_linux_amd64.s
cat >/tmp/go-build2523599738/b058/importcfg << 'EOF' # internal
# import config
packagefile errors=/tmp/go-build2523599738/b003/_pkg_.a
packagefile internal/asan=/tmp/go-build2523599738/b029/_pkg_.a
packagefile internal/bytealg=/tmp/go-build2523599738/b010/_pkg_.a
packagefile internal/byteorder=/tmp/go-build2523599738/b012/_pkg_.a
packagefile internal/goarch=/tmp/go-build2523599738/b006/_pkg_.a
packagefile internal/msan=/tmp/go-build2523599738/b030/_pkg_.a
packagefile internal/oserror=/tmp/go-build2523599738/b053/_pkg_.a
packagefile internal/race=/tmp/go-build2523599738/b031/_pkg_.a
packagefile internal/runtime/syscall/linux=/tmp/go-build2523599738/b021/_pkg_.a
packagefile internal/strconv=/tmp/go-build2523599738/b022/_pkg_.a
packagefile runtime=/tmp/go-build2523599738/b009/_pkg_.a
packagefile slices=/tmp/go-build2523599738/b048/_pkg_.a
packagefile sync=/tmp/go-build2523599738/b043/_pkg_.a
packagefile sync/atomic=/tmp/go-build2523599738/b045/_pkg_.a
EOF
cd /app
/usr/local/go/pkg/tool/linux_amd64/compile -o $WORK/b058/_pkg_.a -trimpath "$WORK/b058=>" -p syscall -lang=go1.26 -std -buildid UJjTFmnvvnyM126S1J_3/UJjTFmnvvnyM126S1J_3 -goversion go1.26.1 -symabis $WORK/b058/symabis -nolocalimports -importcfg $WORK/b058/importcfg -pack -asmhdr $WORK/b058/go_asm.h /usr/local/go/src/syscall/badlinkname_unix.go /usr/local/go/src/syscall/dirent.go /usr/local/go/src/syscall/env_unix.go /usr/local/go/src/syscall/exec_linux.go /usr/local/go/src/syscall/exec_unix.go /usr/local/go/src/syscall/flock_linux.go /usr/local/go/src/syscall/forkpipe2.go /usr/local/go/src/syscall/linkname_unix.go /usr/local/go/src/syscall/lsf_linux.go /usr/local/go/src/syscall/net.go /usr/local/go/src/syscall/netlink_linux.go /usr/local/go/src/syscall/rlimit.go /usr/local/go/src/syscall/rlimit_stub.go /usr/local/go/src/syscall/setuidgid_linux.go /usr/local/go/src/syscall/sockcmsg_linux.go /usr/local/go/src/syscall/sockcmsg_unix.go /usr/local/go/src/syscall/sockcmsg_unix_other.go /usr/local/go/src/syscall/syscall.go /usr/local/go/src/syscall/syscall_linux.go /usr/local/go/src/syscall/syscall_linux_amd64.go /usr/local/go/src/syscall/syscall_unix.go /usr/local/go/src/syscall/time_nofake.go /usr/local/go/src/syscall/timestruct.go /usr/local/go/src/syscall/zerrors_linux_amd64.go /usr/local/go/src/syscall/zsyscall_linux_amd64.go /usr/local/go/src/syscall/zsysnum_linux_amd64.go /usr/local/go/src/syscall/ztypes_linux_amd64.go
cd /usr/local/go/src/syscall
/usr/local/go/pkg/tool/linux_amd64/asm -p syscall -trimpath "$WORK/b058=>" -I $WORK/b058/ -I /usr/local/go/pkg/include -D GOOS_linux -D GOARCH_amd64 -D GOAMD64_v1 -o $WORK/b058/asm_linux_amd64.o ./asm_linux_amd64.s
go tool pack r $WORK/b058/_pkg_.a $WORK/b058/asm_linux_amd64.o # internal
go tool buildid -w $WORK/b058/_pkg_.a # internal
cp $WORK/b058/_pkg_.a /root/.cache/go-build/a2/a2cb7d6e8a4b608a293b09198fdda23986b6f3ddba0ce4d23ba65a2641f01a04-d # internal
mkdir -p $WORK/b055/
cat >/tmp/go-build2523599738/b055/importcfg << 'EOF' # internal
# import config
packagefile errors=/tmp/go-build2523599738/b003/_pkg_.a
packagefile internal/bytealg=/tmp/go-build2523599738/b010/_pkg_.a
packagefile internal/godebug=/tmp/go-build2523599738/b056/_pkg_.a
packagefile internal/stringslite=/tmp/go-build2523599738/b034/_pkg_.a
packagefile math/bits=/tmp/go-build2523599738/b023/_pkg_.a
packagefile runtime=/tmp/go-build2523599738/b009/_pkg_.a
packagefile sync=/tmp/go-build2523599738/b043/_pkg_.a
packagefile syscall=/tmp/go-build2523599738/b058/_pkg_.a
EOF
cd /app
/usr/local/go/pkg/tool/linux_amd64/compile -o $WORK/b055/_pkg_.a -trimpath "$WORK/b055=>" -p time -lang=go1.26 -std -buildid qh24OhYpzeHfspTisbn5/qh24OhYpzeHfspTisbn5 -goversion go1.26.1 -nolocalimports -importcfg $WORK/b055/importcfg -pack /usr/local/go/src/time/format.go /usr/local/go/src/time/format_rfc3339.go /usr/local/go/src/time/sleep.go /usr/local/go/src/time/sys_unix.go /usr/local/go/src/time/tick.go /usr/local/go/src/time/time.go /usr/local/go/src/time/zoneinfo.go /usr/local/go/src/time/zoneinfo_goroot.go /usr/local/go/src/time/zoneinfo_read.go /usr/local/go/src/time/zoneinfo_unix.go
go tool buildid -w $WORK/b055/_pkg_.a # internal
cp $WORK/b055/_pkg_.a /root/.cache/go-build/26/263694e64b3b7aefa3b0cd92960c5440b23c45e430bf63b54941d621f70013fb-d # internal
mkdir -p $WORK/b052/
cat >/tmp/go-build2523599738/b052/importcfg << 'EOF' # internal
# import config
packagefile errors=/tmp/go-build2523599738/b003/_pkg_.a
packagefile internal/bytealg=/tmp/go-build2523599738/b010/_pkg_.a
packagefile internal/oserror=/tmp/go-build2523599738/b053/_pkg_.a
packagefile io=/tmp/go-build2523599738/b049/_pkg_.a
packagefile path=/tmp/go-build2523599738/b054/_pkg_.a
packagefile slices=/tmp/go-build2523599738/b048/_pkg_.a
packagefile time=/tmp/go-build2523599738/b055/_pkg_.a
packagefile unicode/utf8=/tmp/go-build2523599738/b042/_pkg_.a
EOF
/usr/local/go/pkg/tool/linux_amd64/compile -o $WORK/b052/_pkg_.a -trimpath "$WORK/b052=>" -p io/fs -lang=go1.26 -std -complete -buildid QLmLskY2xxBgDiUK6J9B/QLmLskY2xxBgDiUK6J9B -goversion go1.26.1 -nolocalimports -importcfg $WORK/b052/importcfg -pack /usr/local/go/src/io/fs/format.go /usr/local/go/src/io/fs/fs.go /usr/local/go/src/io/fs/glob.go /usr/local/go/src/io/fs/readdir.go /usr/local/go/src/io/fs/readfile.go /usr/local/go/src/io/fs/readlink.go /usr/local/go/src/io/fs/stat.go /usr/local/go/src/io/fs/sub.go /usr/local/go/src/io/fs/walk.go
go tool buildid -w $WORK/b052/_pkg_.a # internal
cp $WORK/b052/_pkg_.a /root/.cache/go-build/b8/b858b88167b89c10f1261f270cee00e68c8c131a67a2f688bd9f66ffe277e590-d # internal
mkdir -p $WORK/b051/
cat >/tmp/go-build2523599738/b051/importcfg << 'EOF' # internal
# import config
packagefile errors=/tmp/go-build2523599738/b003/_pkg_.a
packagefile internal/bytealg=/tmp/go-build2523599738/b010/_pkg_.a
packagefile internal/stringslite=/tmp/go-build2523599738/b034/_pkg_.a
packagefile io/fs=/tmp/go-build2523599738/b052/_pkg_.a
packagefile slices=/tmp/go-build2523599738/b048/_pkg_.a
EOF
/usr/local/go/pkg/tool/linux_amd64/compile -o $WORK/b051/_pkg_.a -trimpath "$WORK/b051=>" -p internal/filepathlite -lang=go1.26 -std -complete -buildid 8mqSvSDD_lHE0Ela7d6K/8mqSvSDD_lHE0Ela7d6K -goversion go1.26.1 -nolocalimports -importcfg $WORK/b051/importcfg -pack /usr/local/go/src/internal/filepathlite/path.go /usr/local/go/src/internal/filepathlite/path_nonwindows.go /usr/local/go/src/internal/filepathlite/path_unix.go
go tool buildid -w $WORK/b051/_pkg_.a # internal
cp $WORK/b051/_pkg_.a /root/.cache/go-build/c1/c10a9efe1e2dc05f9efe855ae8412f67e525165bf22549c972020e9c350a228c-d # internal
mkdir -p $WORK/b060/
cat >/tmp/go-build2523599738/b060/importcfg << 'EOF' # internal
# import config
packagefile runtime=/tmp/go-build2523599738/b009/_pkg_.a
packagefile sync/atomic=/tmp/go-build2523599738/b045/_pkg_.a
packagefile syscall=/tmp/go-build2523599738/b058/_pkg_.a
EOF
/usr/local/go/pkg/tool/linux_amd64/compile -o $WORK/b060/_pkg_.a -trimpath "$WORK/b060=>" -p internal/syscall/unix -lang=go1.26 -std -complete -buildid mVJccZm3JN4daUOSr8XY/mVJccZm3JN4daUOSr8XY -goversion go1.26.1 -nolocalimports -importcfg $WORK/b060/importcfg -pack /usr/local/go/src/internal/syscall/unix/at.go /usr/local/go/src/internal/syscall/unix/at_fstatat.go /usr/local/go/src/internal/syscall/unix/at_sysnum_linux.go /usr/local/go/src/internal/syscall/unix/at_sysnum_newfstatat_linux.go /usr/local/go/src/internal/syscall/unix/constants.go /usr/local/go/src/internal/syscall/unix/copy_file_range_unix.go /usr/local/go/src/internal/syscall/unix/eaccess.go /usr/local/go/src/internal/syscall/unix/faccessat_syscall.go /usr/local/go/src/internal/syscall/unix/fcntl_unix.go /usr/local/go/src/internal/syscall/unix/getrandom.go /usr/local/go/src/internal/syscall/unix/getrandom_linux.go /usr/local/go/src/internal/syscall/unix/kernel_version_ge.go /usr/local/go/src/internal/syscall/unix/kernel_version_linux.go /usr/local/go/src/internal/syscall/unix/net.go /usr/local/go/src/internal/syscall/unix/nofollow_posix.go /usr/local/go/src/internal/syscall/unix/nonblocking_unix.go /usr/local/go/src/internal/syscall/unix/pidfd_linux.go /usr/local/go/src/internal/syscall/unix/renameat_sysnum_linux.go /usr/local/go/src/internal/syscall/unix/siginfo_linux.go /usr/local/go/src/internal/syscall/unix/siginfo_linux_other.go /usr/local/go/src/internal/syscall/unix/syscall.go /usr/local/go/src/internal/syscall/unix/sysnum_linux_amd64.go /usr/local/go/src/internal/syscall/unix/tcsetpgrp_linux.go /usr/local/go/src/internal/syscall/unix/utimes.go /usr/local/go/src/internal/syscall/unix/waitid_linux.go
go tool buildid -w $WORK/b060/_pkg_.a # internal
cp $WORK/b060/_pkg_.a /root/.cache/go-build/17/171b43b27e366c3d6e7d556613a2e42d1af628a0fe0028dd2a85c45d022432e2-d # internal
mkdir -p $WORK/b059/
cat >/tmp/go-build2523599738/b059/importcfg << 'EOF' # internal
# import config
packagefile errors=/tmp/go-build2523599738/b003/_pkg_.a
packagefile internal/strconv=/tmp/go-build2523599738/b022/_pkg_.a
packagefile internal/syscall/unix=/tmp/go-build2523599738/b060/_pkg_.a
packagefile io=/tmp/go-build2523599738/b049/_pkg_.a
packagefile runtime=/tmp/go-build2523599738/b009/_pkg_.a
packagefile sync=/tmp/go-build2523599738/b043/_pkg_.a
packagefile sync/atomic=/tmp/go-build2523599738/b045/_pkg_.a
packagefile syscall=/tmp/go-build2523599738/b058/_pkg_.a
packagefile time=/tmp/go-build2523599738/b055/_pkg_.a
EOF
/usr/local/go/pkg/tool/linux_amd64/compile -o $WORK/b059/_pkg_.a -trimpath "$WORK/b059=>" -p internal/poll -lang=go1.26 -std -buildid 7dE7CA8K7dep-VNy1WN6/7dE7CA8K7dep-VNy1WN6 -goversion go1.26.1 -nolocalimports -importcfg $WORK/b059/importcfg -pack /usr/local/go/src/internal/poll/copy_file_range_linux.go /usr/local/go/src/internal/poll/copy_file_range_unix.go /usr/local/go/src/internal/poll/errno_unix.go /usr/local/go/src/internal/poll/fd.go /usr/local/go/src/internal/poll/fd_fsync_posix.go /usr/local/go/src/internal/poll/fd_mutex.go /usr/local/go/src/internal/poll/fd_poll_runtime.go /usr/local/go/src/internal/poll/fd_posix.go /usr/local/go/src/internal/poll/fd_unix.go /usr/local/go/src/internal/poll/fd_unixjs.go /usr/local/go/src/internal/poll/fd_writev_unix.go /usr/local/go/src/internal/poll/fstatat_unix.go /usr/local/go/src/internal/poll/hook_cloexec.go /usr/local/go/src/internal/poll/hook_unix.go /usr/local/go/src/internal/poll/iovec_unix.go /usr/local/go/src/internal/poll/sendfile.go /usr/local/go/src/internal/poll/sendfile_unix.go /usr/local/go/src/internal/poll/sock_cloexec.go /usr/local/go/src/internal/poll/sockopt.go /usr/local/go/src/internal/poll/sockopt_linux.go /usr/local/go/src/internal/poll/sockopt_unix.go /usr/local/go/src/internal/poll/sockoptip.go /usr/local/go/src/internal/poll/splice_linux.go /usr/local/go/src/internal/poll/writev.go
go tool buildid -w $WORK/b059/_pkg_.a # internal
cp $WORK/b059/_pkg_.a /root/.cache/go-build/8f/8fe6a88395834a9fd195a1adb35e60a320ac426df32f1f51783a52612383e64b-d # internal
mkdir -p $WORK/b061/
cat >/tmp/go-build2523599738/b061/importcfg << 'EOF' # internal
# import config
packagefile syscall=/tmp/go-build2523599738/b058/_pkg_.a
EOF
/usr/local/go/pkg/tool/linux_amd64/compile -o $WORK/b061/_pkg_.a -trimpath "$WORK/b061=>" -p internal/syscall/execenv -lang=go1.26 -std -complete -buildid q8ZPoWSiooG-EXI3nelG/q8ZPoWSiooG-EXI3nelG -goversion go1.26.1 -nolocalimports -importcfg $WORK/b061/importcfg -pack /usr/local/go/src/internal/syscall/execenv/execenv_default.go
go tool buildid -w $WORK/b061/_pkg_.a # internal
cp $WORK/b061/_pkg_.a /root/.cache/go-build/9b/9b489aca06c84b875da064318ff40414fd829094d93a52f6fd7641836411edf1-d # internal
mkdir -p $WORK/b062/
cat >/tmp/go-build2523599738/b062/importcfg << 'EOF' # internal
# import config
packagefile sync=/tmp/go-build2523599738/b043/_pkg_.a
packagefile sync/atomic=/tmp/go-build2523599738/b045/_pkg_.a
EOF
/usr/local/go/pkg/tool/linux_amd64/compile -o $WORK/b062/_pkg_.a -trimpath "$WORK/b062=>" -p internal/testlog -lang=go1.26 -std -complete -buildid fzF-6bpulCzu6qe342Ai/fzF-6bpulCzu6qe342Ai -goversion go1.26.1 -nolocalimports -importcfg $WORK/b062/importcfg -pack /usr/local/go/src/internal/testlog/exit.go /usr/local/go/src/internal/testlog/log.go
go tool buildid -w $WORK/b062/_pkg_.a # internal
cp $WORK/b062/_pkg_.a /root/.cache/go-build/9c/9cc796d3d74c1470559ecf46101588d20776f377ef660b83689690cb0a561d9b-d # internal
mkdir -p $WORK/b050/
cat >/tmp/go-build2523599738/b050/importcfg << 'EOF' # internal
# import config
packagefile errors=/tmp/go-build2523599738/b003/_pkg_.a
packagefile internal/bytealg=/tmp/go-build2523599738/b010/_pkg_.a
packagefile internal/byteorder=/tmp/go-build2523599738/b012/_pkg_.a
packagefile internal/filepathlite=/tmp/go-build2523599738/b051/_pkg_.a
packagefile internal/goarch=/tmp/go-build2523599738/b006/_pkg_.a
packagefile internal/poll=/tmp/go-build2523599738/b059/_pkg_.a
packagefile internal/strconv=/tmp/go-build2523599738/b022/_pkg_.a
packagefile internal/stringslite=/tmp/go-build2523599738/b034/_pkg_.a
packagefile internal/syscall/execenv=/tmp/go-build2523599738/b061/_pkg_.a
packagefile internal/syscall/unix=/tmp/go-build2523599738/b060/_pkg_.a
packagefile internal/testlog=/tmp/go-build2523599738/b062/_pkg_.a
packagefile io=/tmp/go-build2523599738/b049/_pkg_.a
packagefile io/fs=/tmp/go-build2523599738/b052/_pkg_.a
packagefile runtime=/tmp/go-build2523599738/b009/_pkg_.a
packagefile slices=/tmp/go-build2523599738/b048/_pkg_.a
packagefile sync=/tmp/go-build2523599738/b043/_pkg_.a
packagefile sync/atomic=/tmp/go-build2523599738/b045/_pkg_.a
packagefile syscall=/tmp/go-build2523599738/b058/_pkg_.a
packagefile time=/tmp/go-build2523599738/b055/_pkg_.a
EOF
/usr/local/go/pkg/tool/linux_amd64/compile -o $WORK/b050/_pkg_.a -trimpath "$WORK/b050=>" -p os -lang=go1.26 -std -buildid FVSUYtjUtH2zUQ_M-34_/FVSUYtjUtH2zUQ_M-34_ -goversion go1.26.1 -nolocalimports -importcfg $WORK/b050/importcfg -pack /usr/local/go/src/os/dir.go /usr/local/go/src/os/dir_unix.go /usr/local/go/src/os/dirent_linux.go /usr/local/go/src/os/eloop_other.go /usr/local/go/src/os/env.go /usr/local/go/src/os/error.go /usr/local/go/src/os/error_errno.go /usr/local/go/src/os/exec.go /usr/local/go/src/os/exec_linux.go /usr/local/go/src/os/exec_posix.go /usr/local/go/src/os/exec_unix.go /usr/local/go/src/os/executable.go /usr/local/go/src/os/executable_procfs.go /usr/local/go/src/os/file.go /usr/local/go/src/os/file_open_unix.go /usr/local/go/src/os/file_posix.go /usr/local/go/src/os/file_unix.go /usr/local/go/src/os/getwd.go /usr/local/go/src/os/path.go /usr/local/go/src/os/path_unix.go /usr/local/go/src/os/pidfd_linux.go /usr/local/go/src/os/pipe2_unix.go /usr/local/go/src/os/proc.go /usr/local/go/src/os/rawconn.go /usr/local/go/src/os/removeall_at.go /usr/local/go/src/os/removeall_unix.go /usr/local/go/src/os/root.go /usr/local/go/src/os/root_nonwindows.go /usr/local/go/src/os/root_openat.go /usr/local/go/src/os/root_unix.go /usr/local/go/src/os/stat.go /usr/local/go/src/os/stat_linux.go /usr/local/go/src/os/stat_unix.go /usr/local/go/src/os/statat.go /usr/local/go/src/os/statat_unix.go /usr/local/go/src/os/sticky_notbsd.go /usr/local/go/src/os/sys.go /usr/local/go/src/os/sys_linux.go /usr/local/go/src/os/sys_unix.go /usr/local/go/src/os/tempfile.go /usr/local/go/src/os/types.go /usr/local/go/src/os/types_unix.go /usr/local/go/src/os/wait_waitid.go /usr/local/go/src/os/zero_copy_linux.go /usr/local/go/src/os/zero_copy_posix.go
go tool buildid -w $WORK/b050/_pkg_.a # internal
cp $WORK/b050/_pkg_.a /root/.cache/go-build/42/42dc69f0f1ca207cb924e338e438624e40480a69ce1329eac9227b464134a255-d # internal
mkdir -p $WORK/b002/
cat >/tmp/go-build2523599738/b002/importcfg << 'EOF' # internal
# import config
packagefile errors=/tmp/go-build2523599738/b003/_pkg_.a
packagefile internal/fmtsort=/tmp/go-build2523599738/b036/_pkg_.a
packagefile internal/stringslite=/tmp/go-build2523599738/b034/_pkg_.a
packagefile io=/tmp/go-build2523599738/b049/_pkg_.a
packagefile math=/tmp/go-build2523599738/b040/_pkg_.a
packagefile os=/tmp/go-build2523599738/b050/_pkg_.a
packagefile reflect=/tmp/go-build2523599738/b038/_pkg_.a
packagefile slices=/tmp/go-build2523599738/b048/_pkg_.a
packagefile strconv=/tmp/go-build2523599738/b041/_pkg_.a
packagefile sync=/tmp/go-build2523599738/b043/_pkg_.a
packagefile unicode/utf8=/tmp/go-build2523599738/b042/_pkg_.a
EOF
/usr/local/go/pkg/tool/linux_amd64/compile -o $WORK/b002/_pkg_.a -trimpath "$WORK/b002=>" -p fmt -lang=go1.26 -std -complete -buildid 8gRkEDnWiRQVEA5til2N/8gRkEDnWiRQVEA5til2N -goversion go1.26.1 -nolocalimports -importcfg $WORK/b002/importcfg -pack /usr/local/go/src/fmt/doc.go /usr/local/go/src/fmt/errors.go /usr/local/go/src/fmt/format.go /usr/local/go/src/fmt/print.go /usr/local/go/src/fmt/scan.go
go tool buildid -w $WORK/b002/_pkg_.a # internal
cp $WORK/b002/_pkg_.a /root/.cache/go-build/b9/b9e44e7fce562c76da8cacd0072504bfc2c8dfe1258245d2725afa1a7262fad9-d # internal
mkdir -p $WORK/b064/
echo '# import config' > $WORK/b064/importcfg # internal
/usr/local/go/pkg/tool/linux_amd64/compile -o $WORK/b064/_pkg_.a -trimpath "$WORK/b064=>" -p log/internal -lang=go1.26 -std -complete -buildid 1EII3n4Z90sRoHACLP3f/1EII3n4Z90sRoHACLP3f -goversion go1.26.1 -nolocalimports -importcfg $WORK/b064/importcfg -pack /usr/local/go/src/log/internal/internal.go
go tool buildid -w $WORK/b064/_pkg_.a # internal
cp $WORK/b064/_pkg_.a /root/.cache/go-build/a7/a7553655cc33530aa66dcdce350a5bb41beb7265b24b5cd1993f189e13055a5e-d # internal
mkdir -p $WORK/b063/
cat >/tmp/go-build2523599738/b063/importcfg << 'EOF' # internal
# import config
packagefile fmt=/tmp/go-build2523599738/b002/_pkg_.a
packagefile io=/tmp/go-build2523599738/b049/_pkg_.a
packagefile log/internal=/tmp/go-build2523599738/b064/_pkg_.a
packagefile os=/tmp/go-build2523599738/b050/_pkg_.a
packagefile runtime=/tmp/go-build2523599738/b009/_pkg_.a
packagefile sync=/tmp/go-build2523599738/b043/_pkg_.a
packagefile sync/atomic=/tmp/go-build2523599738/b045/_pkg_.a
packagefile time=/tmp/go-build2523599738/b055/_pkg_.a
EOF
/usr/local/go/pkg/tool/linux_amd64/compile -o $WORK/b063/_pkg_.a -trimpath "$WORK/b063=>" -p log -lang=go1.26 -std -complete -buildid hv-WDWQ6LpjqH_VcGSD4/hv-WDWQ6LpjqH_VcGSD4 -goversion go1.26.1 -nolocalimports -importcfg $WORK/b063/importcfg -pack /usr/local/go/src/log/log.go
go tool buildid -w $WORK/b063/_pkg_.a # internal
cp $WORK/b063/_pkg_.a /root/.cache/go-build/d6/d66b9cafe79ad288b50af1fd89eab17c7554f305b366016119e2cf20d7810e6f-d # internal
mkdir -p $WORK/b067/
cat >/tmp/go-build2523599738/b067/importcfg << 'EOF' # internal
# import config
packagefile errors=/tmp/go-build2523599738/b003/_pkg_.a
packagefile internal/bytealg=/tmp/go-build2523599738/b010/_pkg_.a
packagefile io=/tmp/go-build2523599738/b049/_pkg_.a
packagefile iter=/tmp/go-build2523599738/b039/_pkg_.a
packagefile math/bits=/tmp/go-build2523599738/b023/_pkg_.a
packagefile unicode=/tmp/go-build2523599738/b047/_pkg_.a
packagefile unicode/utf8=/tmp/go-build2523599738/b042/_pkg_.a
EOF
/usr/local/go/pkg/tool/linux_amd64/compile -o $WORK/b067/_pkg_.a -trimpath "$WORK/b067=>" -p bytes -lang=go1.26 -std -buildid OHG2t0Y9-f60aHljw79K/OHG2t0Y9-f60aHljw79K -goversion go1.26.1 -nolocalimports -importcfg $WORK/b067/importcfg -pack /usr/local/go/src/bytes/buffer.go /usr/local/go/src/bytes/bytes.go /usr/local/go/src/bytes/iter.go /usr/local/go/src/bytes/reader.go
go tool buildid -w $WORK/b067/_pkg_.a # internal
cp $WORK/b067/_pkg_.a /root/.cache/go-build/e7/e732d416c1036c6c1663f6de5f74d4d2c8068c26d6e38db7ce72da27878f643f-d # internal
mkdir -p $WORK/b068/
cat >/tmp/go-build2523599738/b068/importcfg << 'EOF' # internal
# import config
packagefile errors=/tmp/go-build2523599738/b003/_pkg_.a
packagefile internal/abi=/tmp/go-build2523599738/b005/_pkg_.a
packagefile internal/bytealg=/tmp/go-build2523599738/b010/_pkg_.a
packagefile internal/stringslite=/tmp/go-build2523599738/b034/_pkg_.a
packagefile io=/tmp/go-build2523599738/b049/_pkg_.a
packagefile iter=/tmp/go-build2523599738/b039/_pkg_.a
packagefile math/bits=/tmp/go-build2523599738/b023/_pkg_.a
packagefile sync=/tmp/go-build2523599738/b043/_pkg_.a
packagefile unicode=/tmp/go-build2523599738/b047/_pkg_.a
packagefile unicode/utf8=/tmp/go-build2523599738/b042/_pkg_.a
EOF
/usr/local/go/pkg/tool/linux_amd64/compile -o $WORK/b068/_pkg_.a -trimpath "$WORK/b068=>" -p strings -lang=go1.26 -std -complete -buildid x2dzN2LsaLkspDL35xBA/x2dzN2LsaLkspDL35xBA -goversion go1.26.1 -nolocalimports -importcfg $WORK/b068/importcfg -pack /usr/local/go/src/strings/builder.go /usr/local/go/src/strings/clone.go /usr/local/go/src/strings/compare.go /usr/local/go/src/strings/iter.go /usr/local/go/src/strings/reader.go /usr/local/go/src/strings/replace.go /usr/local/go/src/strings/search.go /usr/local/go/src/strings/strings.go
go tool buildid -w $WORK/b068/_pkg_.a # internal
cp $WORK/b068/_pkg_.a /root/.cache/go-build/e0/e08092325ee52ee3325f8e73a230df2e1934264165610d26dbe8a8f642acc799-d # internal
mkdir -p $WORK/b066/
cat >/tmp/go-build2523599738/b066/importcfg << 'EOF' # internal
# import config
packagefile bytes=/tmp/go-build2523599738/b067/_pkg_.a
packagefile errors=/tmp/go-build2523599738/b003/_pkg_.a
packagefile io=/tmp/go-build2523599738/b049/_pkg_.a
packagefile strings=/tmp/go-build2523599738/b068/_pkg_.a
packagefile unicode/utf8=/tmp/go-build2523599738/b042/_pkg_.a
EOF
/usr/local/go/pkg/tool/linux_amd64/compile -o $WORK/b066/_pkg_.a -trimpath "$WORK/b066=>" -p bufio -lang=go1.26 -std -complete -buildid H7VOVQocDlqIiCBy_q4k/H7VOVQocDlqIiCBy_q4k -goversion go1.26.1 -nolocalimports -importcfg $WORK/b066/importcfg -pack /usr/local/go/src/bufio/bufio.go /usr/local/go/src/bufio/scan.go
go tool buildid -w $WORK/b066/_pkg_.a # internal
cp $WORK/b066/_pkg_.a /root/.cache/go-build/bf/bfe6f79966cc82993970346096a649a63acd5f40f33f0a2495c63a8bd8994620-d # internal
mkdir -p $WORK/b070/
cat >/tmp/go-build2523599738/b070/importcfg << 'EOF' # internal
# import config
packagefile internal/reflectlite=/tmp/go-build2523599738/b004/_pkg_.a
packagefile math/bits=/tmp/go-build2523599738/b023/_pkg_.a
packagefile slices=/tmp/go-build2523599738/b048/_pkg_.a
EOF
/usr/local/go/pkg/tool/linux_amd64/compile -o $WORK/b070/_pkg_.a -trimpath "$WORK/b070=>" -p sort -lang=go1.26 -std -complete -buildid QB0ciiNl5YXyUyLVlBKs/QB0ciiNl5YXyUyLVlBKs -goversion go1.26.1 -nolocalimports -importcfg $WORK/b070/importcfg -pack /usr/local/go/src/sort/search.go /usr/local/go/src/sort/slice.go /usr/local/go/src/sort/sort.go /usr/local/go/src/sort/zsortfunc.go /usr/local/go/src/sort/zsortinterface.go
go tool buildid -w $WORK/b070/_pkg_.a # internal
cp $WORK/b070/_pkg_.a /root/.cache/go-build/7b/7b72ab94db5382f61a6b6a2360028d667576282c7f428acc0756c4dc9e36a775-d # internal
mkdir -p $WORK/b069/
cat >/tmp/go-build2523599738/b069/importcfg << 'EOF' # internal
# import config
packagefile bufio=/tmp/go-build2523599738/b066/_pkg_.a
packagefile errors=/tmp/go-build2523599738/b003/_pkg_.a
packagefile fmt=/tmp/go-build2523599738/b002/_pkg_.a
packagefile io=/tmp/go-build2523599738/b049/_pkg_.a
packagefile math=/tmp/go-build2523599738/b040/_pkg_.a
packagefile math/bits=/tmp/go-build2523599738/b023/_pkg_.a
packagefile sort=/tmp/go-build2523599738/b070/_pkg_.a
packagefile strconv=/tmp/go-build2523599738/b041/_pkg_.a
packagefile sync=/tmp/go-build2523599738/b043/_pkg_.a
EOF
/usr/local/go/pkg/tool/linux_amd64/compile -o $WORK/b069/_pkg_.a -trimpath "$WORK/b069=>" -p compress/flate -lang=go1.26 -std -complete -buildid hPS_Ls-HL2HJG2J2Hi2P/hPS_Ls-HL2HJG2J2Hi2P -goversion go1.26.1 -nolocalimports -importcfg $WORK/b069/importcfg -pack /usr/local/go/src/compress/flate/deflate.go /usr/local/go/src/compress/flate/deflatefast.go /usr/local/go/src/compress/flate/dict_decoder.go /usr/local/go/src/compress/flate/huffman_bit_writer.go /usr/local/go/src/compress/flate/huffman_code.go /usr/local/go/src/compress/flate/inflate.go /usr/local/go/src/compress/flate/token.go
go tool buildid -w $WORK/b069/_pkg_.a # internal
cp $WORK/b069/_pkg_.a /root/.cache/go-build/08/087411e2be9d67a2b60cac76e42f83754db76361342f200c94ce9013328868e7-d # internal
mkdir -p $WORK/b072/
cat >/tmp/go-build2523599738/b072/importcfg << 'EOF' # internal
# import config
packagefile errors=/tmp/go-build2523599738/b003/_pkg_.a
packagefile io=/tmp/go-build2523599738/b049/_pkg_.a
packagefile math=/tmp/go-build2523599738/b040/_pkg_.a
packagefile reflect=/tmp/go-build2523599738/b038/_pkg_.a
packagefile slices=/tmp/go-build2523599738/b048/_pkg_.a
packagefile sync=/tmp/go-build2523599738/b043/_pkg_.a
EOF
/usr/local/go/pkg/tool/linux_amd64/compile -o $WORK/b072/_pkg_.a -trimpath "$WORK/b072=>" -p encoding/binary -lang=go1.26 -std -complete -buildid iEC5HvOigTWC17AJ1hUL/iEC5HvOigTWC17AJ1hUL -goversion go1.26.1 -nolocalimports -importcfg $WORK/b072/importcfg -pack /usr/local/go/src/encoding/binary/binary.go /usr/local/go/src/encoding/binary/native_endian_little.go /usr/local/go/src/encoding/binary/varint.go
go tool buildid -w $WORK/b072/_pkg_.a # internal
cp $WORK/b072/_pkg_.a /root/.cache/go-build/9d/9dfa10908f7d4ef9955dee0e864eefa7a06bfaa01c21a89ab47e6edfd0c6bb59-d # internal
mkdir -p $WORK/b074/
cat >/tmp/go-build2523599738/b074/importcfg << 'EOF' # internal
# import config
packagefile io=/tmp/go-build2523599738/b049/_pkg_.a
EOF
/usr/local/go/pkg/tool/linux_amd64/compile -o $WORK/b074/_pkg_.a -trimpath "$WORK/b074=>" -p hash -lang=go1.26 -std -complete -buildid _6E6oa9f5HwBM-kXuDQI/_6E6oa9f5HwBM-kXuDQI -goversion go1.26.1 -nolocalimports -importcfg $WORK/b074/importcfg -pack /usr/local/go/src/hash/hash.go
go tool buildid -w $WORK/b074/_pkg_.a # internal
cp $WORK/b074/_pkg_.a /root/.cache/go-build/d0/d00d82a9aadfd888a3acf2b1de7236fecb805af6bae97a08385f005280662ed9-d # internal
mkdir -p $WORK/b073/
echo -n > $WORK/b073/go_asm.h # internal
cd /usr/local/go/src/hash/crc32
/usr/local/go/pkg/tool/linux_amd64/asm -p hash/crc32 -trimpath "$WORK/b073=>" -I $WORK/b073/ -I /usr/local/go/pkg/include -D GOOS_linux -D GOARCH_amd64 -D GOAMD64_v1 -gensymabis -o $WORK/b073/symabis ./crc32_amd64.s
cat >/tmp/go-build2523599738/b073/importcfg << 'EOF' # internal
# import config
packagefile errors=/tmp/go-build2523599738/b003/_pkg_.a
packagefile hash=/tmp/go-build2523599738/b074/_pkg_.a
packagefile internal/byteorder=/tmp/go-build2523599738/b012/_pkg_.a
packagefile internal/cpu=/tmp/go-build2523599738/b011/_pkg_.a
packagefile sync=/tmp/go-build2523599738/b043/_pkg_.a
packagefile sync/atomic=/tmp/go-build2523599738/b045/_pkg_.a
EOF
cd /app
/usr/local/go/pkg/tool/linux_amd64/compile -o $WORK/b073/_pkg_.a -trimpath "$WORK/b073=>" -p hash/crc32 -lang=go1.26 -std -buildid Zcg_guptBbMDs0BIHrG3/Zcg_guptBbMDs0BIHrG3 -goversion go1.26.1 -symabis $WORK/b073/symabis -nolocalimports -importcfg $WORK/b073/importcfg -pack -asmhdr $WORK/b073/go_asm.h /usr/local/go/src/hash/crc32/crc32.go /usr/local/go/src/hash/crc32/crc32_amd64.go /usr/local/go/src/hash/crc32/crc32_generic.go /usr/local/go/src/hash/crc32/gen.go
cd /usr/local/go/src/hash/crc32
/usr/local/go/pkg/tool/linux_amd64/asm -p hash/crc32 -trimpath "$WORK/b073=>" -I $WORK/b073/ -I /usr/local/go/pkg/include -D GOOS_linux -D GOARCH_amd64 -D GOAMD64_v1 -o $WORK/b073/crc32_amd64.o ./crc32_amd64.s
go tool pack r $WORK/b073/_pkg_.a $WORK/b073/crc32_amd64.o # internal
go tool buildid -w $WORK/b073/_pkg_.a # internal
cp $WORK/b073/_pkg_.a /root/.cache/go-build/68/6889399730fbcc7e1d0bfa4662a2645b790426f09643d845dcefd29dbea32c9d-d # internal
mkdir -p $WORK/b071/
cat >/tmp/go-build2523599738/b071/importcfg << 'EOF' # internal
# import config
packagefile bufio=/tmp/go-build2523599738/b066/_pkg_.a
packagefile compress/flate=/tmp/go-build2523599738/b069/_pkg_.a
packagefile encoding/binary=/tmp/go-build2523599738/b072/_pkg_.a
packagefile errors=/tmp/go-build2523599738/b003/_pkg_.a
packagefile fmt=/tmp/go-build2523599738/b002/_pkg_.a
packagefile hash/crc32=/tmp/go-build2523599738/b073/_pkg_.a
packagefile io=/tmp/go-build2523599738/b049/_pkg_.a
packagefile time=/tmp/go-build2523599738/b055/_pkg_.a
EOF
cd /app
/usr/local/go/pkg/tool/linux_amd64/compile -o $WORK/b071/_pkg_.a -trimpath "$WORK/b071=>" -p compress/gzip -lang=go1.26 -std -complete -buildid l1ipZctXe3_hlJqZiVEb/l1ipZctXe3_hlJqZiVEb -goversion go1.26.1 -nolocalimports -importcfg $WORK/b071/importcfg -pack /usr/local/go/src/compress/gzip/gunzip.go /usr/local/go/src/compress/gzip/gzip.go
go tool buildid -w $WORK/b071/_pkg_.a # internal
cp $WORK/b071/_pkg_.a /root/.cache/go-build/bf/bf7049843bcc6dd1375878398c3c8e58e472eb7a4cb701f6725a1476e3e3547c-d # internal
mkdir -p $WORK/b075/
echo '# import config' > $WORK/b075/importcfg # internal
/usr/local/go/pkg/tool/linux_amd64/compile -o $WORK/b075/_pkg_.a -trimpath "$WORK/b075=>" -p container/list -lang=go1.26 -std -complete -buildid RcLDAJ-KaLtldT402d3C/RcLDAJ-KaLtldT402d3C -goversion go1.26.1 -nolocalimports -importcfg $WORK/b075/importcfg -pack /usr/local/go/src/container/list/list.go
go tool buildid -w $WORK/b075/_pkg_.a # internal
cp $WORK/b075/_pkg_.a /root/.cache/go-build/8d/8d65f514e58b0088e883c1a0301c2ecbba54bee07d1fc73d5820f736df19c6fc-d # internal
mkdir -p $WORK/b076/
cat >/tmp/go-build2523599738/b076/importcfg << 'EOF' # internal
# import config
packagefile errors=/tmp/go-build2523599738/b003/_pkg_.a
packagefile internal/reflectlite=/tmp/go-build2523599738/b004/_pkg_.a
packagefile sync=/tmp/go-build2523599738/b043/_pkg_.a
packagefile sync/atomic=/tmp/go-build2523599738/b045/_pkg_.a
packagefile time=/tmp/go-build2523599738/b055/_pkg_.a
EOF
/usr/local/go/pkg/tool/linux_amd64/compile -o $WORK/b076/_pkg_.a -trimpath "$WORK/b076=>" -p context -lang=go1.26 -std -complete -buildid 3Q-_XI8lq9rlYpj32_7I/3Q-_XI8lq9rlYpj32_7I -goversion go1.26.1 -nolocalimports -importcfg $WORK/b076/importcfg -pack /usr/local/go/src/context/context.go
go tool buildid -w $WORK/b076/_pkg_.a # internal
cp $WORK/b076/_pkg_.a /root/.cache/go-build/cd/cd14e8eb83cda9d1ded823670515e58f95b5b846747c42e9855c5f4f4ab2e8a7-d # internal
mkdir -p $WORK/b079/
cat >/tmp/go-build2523599738/b079/importcfg << 'EOF' # internal
# import config
packagefile hash=/tmp/go-build2523599738/b074/_pkg_.a
packagefile io=/tmp/go-build2523599738/b049/_pkg_.a
packagefile strconv=/tmp/go-build2523599738/b041/_pkg_.a
EOF
/usr/local/go/pkg/tool/linux_amd64/compile -o $WORK/b079/_pkg_.a -trimpath "$WORK/b079=>" -p crypto -lang=go1.26 -std -complete -buildid xcVDYX48RIUQcB2R2oWJ/xcVDYX48RIUQcB2R2oWJ -goversion go1.26.1 -nolocalimports -importcfg $WORK/b079/importcfg -pack /usr/local/go/src/crypto/crypto.go
go tool buildid -w $WORK/b079/_pkg_.a # internal
cp $WORK/b079/_pkg_.a /root/.cache/go-build/9d/9d91a23fee40d225d7cd64d09e1fb355d6ebc015fb1a498e5692ada083c453f5-d # internal
mkdir -p $WORK/b083/
cat >/tmp/go-build2523599738/b083/importcfg << 'EOF' # internal
# import config
packagefile internal/godebug=/tmp/go-build2523599738/b056/_pkg_.a
EOF
/usr/local/go/pkg/tool/linux_amd64/compile -o $WORK/b083/_pkg_.a -trimpath "$WORK/b083=>" -p crypto/internal/fips140deps/godebug -lang=go1.26 -std -complete -buildid Dl_IQgRI2FUUz2xxRg5l/Dl_IQgRI2FUUz2xxRg5l -goversion go1.26.1 -nolocalimports -importcfg $WORK/b083/importcfg -pack /usr/local/go/src/crypto/internal/fips140deps/godebug/godebug.go
go tool buildid -w $WORK/b083/_pkg_.a # internal
cp $WORK/b083/_pkg_.a /root/.cache/go-build/aa/aabd0873539bd35bd0226aba6f61c00da8b7d7afacca51bab8f52f3bf7a8d988-d # internal
mkdir -p $WORK/b082/
cat >/tmp/go-build2523599738/b082/importcfg << 'EOF' # internal
# import config
packagefile crypto/internal/fips140deps/godebug=/tmp/go-build2523599738/b083/_pkg_.a
packagefile errors=/tmp/go-build2523599738/b003/_pkg_.a
packagefile runtime=/tmp/go-build2523599738/b009/_pkg_.a
packagefile strings=/tmp/go-build2523599738/b068/_pkg_.a
EOF
/usr/local/go/pkg/tool/linux_amd64/compile -o $WORK/b082/_pkg_.a -trimpath "$WORK/b082=>" -p crypto/internal/fips140 -lang=go1.26 -std -complete -buildid YovNtA2enZT0MeqqdG4C/YovNtA2enZT0MeqqdG4C -goversion go1.26.1 -nolocalimports -importcfg $WORK/b082/importcfg -pack /usr/local/go/src/crypto/internal/fips140/cast.go /usr/local/go/src/crypto/internal/fips140/fips140.go /usr/local/go/src/crypto/internal/fips140/indicator.go /usr/local/go/src/crypto/internal/fips140/notasan.go /usr/local/go/src/crypto/internal/fips140/notboring.go /usr/local/go/src/crypto/internal/fips140/notpurego.go
go tool buildid -w $WORK/b082/_pkg_.a # internal
cp $WORK/b082/_pkg_.a /root/.cache/go-build/ab/abf7f3de2b830205d516abeedffc19eb05c80b7bd805e74225aead75c8c1172f-d # internal
mkdir -p $WORK/b084/
echo '# import config' > $WORK/b084/importcfg # internal
/usr/local/go/pkg/tool/linux_amd64/compile -o $WORK/b084/_pkg_.a -trimpath "$WORK/b084=>" -p crypto/internal/fips140/alias -lang=go1.26 -std -complete -buildid e3wAvn7j8m7pxNyAtknz/e3wAvn7j8m7pxNyAtknz -goversion go1.26.1 -nolocalimports -importcfg $WORK/b084/importcfg -pack /usr/local/go/src/crypto/internal/fips140/alias/alias.go
go tool buildid -w $WORK/b084/_pkg_.a # internal
cp $WORK/b084/_pkg_.a /root/.cache/go-build/3c/3c34a1033738886c073b31b5e08a9911c7a17b099cdb8a68865bf4a66b9b7fc9-d # internal
mkdir -p $WORK/b088/
cat >/tmp/go-build2523599738/b088/importcfg << 'EOF' # internal
# import config
packagefile internal/byteorder=/tmp/go-build2523599738/b012/_pkg_.a
EOF
/usr/local/go/pkg/tool/linux_amd64/compile -o $WORK/b088/_pkg_.a -trimpath "$WORK/b088=>" -p crypto/internal/fips140deps/byteorder -lang=go1.26 -std -complete -buildid NjXUmAoZUbBdoq4EZ3w3/NjXUmAoZUbBdoq4EZ3w3 -goversion go1.26.1 -nolocalimports -importcfg $WORK/b088/importcfg -pack /usr/local/go/src/crypto/internal/fips140deps/byteorder/byteorder.go
go tool buildid -w $WORK/b088/_pkg_.a # internal
cp $WORK/b088/_pkg_.a /root/.cache/go-build/1a/1ac70a5c962d774eb93a5855fa0da9e64f36d5be9e10de52db19963c4da72f9b-d # internal
mkdir -p $WORK/b089/
cat >/tmp/go-build2523599738/b089/importcfg << 'EOF' # internal
# import config
packagefile internal/cpu=/tmp/go-build2523599738/b011/_pkg_.a
packagefile internal/goarch=/tmp/go-build2523599738/b006/_pkg_.a
EOF
/usr/local/go/pkg/tool/linux_amd64/compile -o $WORK/b089/_pkg_.a -trimpath "$WORK/b089=>" -p crypto/internal/fips140deps/cpu -lang=go1.26 -std -complete -buildid lbMBl0bAYj9fGsAbqMxd/lbMBl0bAYj9fGsAbqMxd -goversion go1.26.1 -nolocalimports -importcfg $WORK/b089/importcfg -pack /usr/local/go/src/crypto/internal/fips140deps/cpu/cpu.go
go tool buildid -w $WORK/b089/_pkg_.a # internal
cp $WORK/b089/_pkg_.a /root/.cache/go-build/51/519a1aa8855511f9035ab396577aaefb29d084f21f680ebb29d87d86b4ab04f3-d # internal
mkdir -p $WORK/b090/
cat >/tmp/go-build2523599738/b090/importcfg << 'EOF' # internal
# import config
packagefile strings=/tmp/go-build2523599738/b068/_pkg_.a
EOF
/usr/local/go/pkg/tool/linux_amd64/compile -o $WORK/b090/_pkg_.a -trimpath "$WORK/b090=>" -p crypto/internal/impl -lang=go1.26 -std -complete -buildid wQ1ajz-gekYiiUC0VKBc/wQ1ajz-gekYiiUC0VKBc -goversion go1.26.1 -nolocalimports -importcfg $WORK/b090/importcfg -pack /usr/local/go/src/crypto/internal/impl/impl.go
go tool buildid -w $WORK/b090/_pkg_.a # internal
cp $WORK/b090/_pkg_.a /root/.cache/go-build/0f/0f9e9c319bcdb156297eecd07f3eae63b0bf6d0979e037c8202089710bae838f-d # internal
mkdir -p $WORK/b087/
echo -n > $WORK/b087/go_asm.h # internal
cd /usr/local/go/src/crypto/internal/fips140/sha256
/usr/local/go/pkg/tool/linux_amd64/asm -p crypto/internal/fips140/sha256 -trimpath "$WORK/b087=>" -I $WORK/b087/ -I /usr/local/go/pkg/include -D GOOS_linux -D GOARCH_amd64 -D GOAMD64_v1 -gensymabis -o $WORK/b087/symabis ./sha256block_amd64.s
cat >/tmp/go-build2523599738/b087/importcfg << 'EOF' # internal
# import config
packagefile bytes=/tmp/go-build2523599738/b067/_pkg_.a
packagefile crypto/internal/fips140=/tmp/go-build2523599738/b082/_pkg_.a
packagefile crypto/internal/fips140deps/byteorder=/tmp/go-build2523599738/b088/_pkg_.a
packagefile crypto/internal/fips140deps/cpu=/tmp/go-build2523599738/b089/_pkg_.a
packagefile crypto/internal/impl=/tmp/go-build2523599738/b090/_pkg_.a
packagefile errors=/tmp/go-build2523599738/b003/_pkg_.a
packagefile hash=/tmp/go-build2523599738/b074/_pkg_.a
packagefile math/bits=/tmp/go-build2523599738/b023/_pkg_.a
EOF
cd /app
/usr/local/go/pkg/tool/linux_amd64/compile -o $WORK/b087/_pkg_.a -trimpath "$WORK/b087=>" -p crypto/internal/fips140/sha256 -lang=go1.26 -std -buildid LKscMM9_kdbgepGJB9as/LKscMM9_kdbgepGJB9as -goversion go1.26.1 -symabis $WORK/b087/symabis -nolocalimports -importcfg $WORK/b087/importcfg -pack -asmhdr $WORK/b087/go_asm.h /usr/local/go/src/crypto/internal/fips140/sha256/cast.go /usr/local/go/src/crypto/internal/fips140/sha256/sha256.go /usr/local/go/src/crypto/internal/fips140/sha256/sha256block.go /usr/local/go/src/crypto/internal/fips140/sha256/sha256block_amd64.go
cd /usr/local/go/src/crypto/internal/fips140/sha256
/usr/local/go/pkg/tool/linux_amd64/asm -p crypto/internal/fips140/sha256 -trimpath "$WORK/b087=>" -I $WORK/b087/ -I /usr/local/go/pkg/include -D GOOS_linux -D GOARCH_amd64 -D GOAMD64_v1 -o $WORK/b087/sha256block_amd64.o ./sha256block_amd64.s
go tool pack r $WORK/b087/_pkg_.a $WORK/b087/sha256block_amd64.o # internal
go tool buildid -w $WORK/b087/_pkg_.a # internal
cp $WORK/b087/_pkg_.a /root/.cache/go-build/12/12035a1714bcbb3dc70a92a44af09ea79388a3ceb9fbd4d27ae192479c15ea40-d # internal
mkdir -p $WORK/b093/
echo '# import config' > $WORK/b093/importcfg # internal
cd /app
/usr/local/go/pkg/tool/linux_amd64/compile -o $WORK/b093/_pkg_.a -trimpath "$WORK/b093=>" -p crypto/internal/constanttime -lang=go1.26 -std -complete -buildid z-Zrl_eHcpgaLG3eb3vY/z-Zrl_eHcpgaLG3eb3vY -goversion go1.26.1 -nolocalimports -importcfg $WORK/b093/importcfg -pack /usr/local/go/src/crypto/internal/constanttime/constant_time.go
go tool buildid -w $WORK/b093/_pkg_.a # internal
cp $WORK/b093/_pkg_.a /root/.cache/go-build/9d/9dc43c3a7538e342ca7b599b76d84b8120d8f601414181de8f935249cceabbc2-d # internal
mkdir -p $WORK/b092/
echo -n > $WORK/b092/go_asm.h # internal
cd /usr/local/go/src/crypto/internal/fips140/subtle
/usr/local/go/pkg/tool/linux_amd64/asm -p crypto/internal/fips140/subtle -trimpath "$WORK/b092=>" -I $WORK/b092/ -I /usr/local/go/pkg/include -D GOOS_linux -D GOARCH_amd64 -D GOAMD64_v1 -gensymabis -o $WORK/b092/symabis ./xor_amd64.s
cat >/tmp/go-build2523599738/b092/importcfg << 'EOF' # internal
# import config
packagefile crypto/internal/constanttime=/tmp/go-build2523599738/b093/_pkg_.a
packagefile crypto/internal/fips140/alias=/tmp/go-build2523599738/b084/_pkg_.a
packagefile crypto/internal/fips140deps/byteorder=/tmp/go-build2523599738/b088/_pkg_.a
packagefile math/bits=/tmp/go-build2523599738/b023/_pkg_.a
EOF
cd /app
/usr/local/go/pkg/tool/linux_amd64/compile -o $WORK/b092/_pkg_.a -trimpath "$WORK/b092=>" -p crypto/internal/fips140/subtle -lang=go1.26 -std -buildid 0JEcP0BFOUEAhFnJxofB/0JEcP0BFOUEAhFnJxofB -goversion go1.26.1 -symabis $WORK/b092/symabis -nolocalimports -importcfg $WORK/b092/importcfg -pack -asmhdr $WORK/b092/go_asm.h /usr/local/go/src/crypto/internal/fips140/subtle/constant_time.go /usr/local/go/src/crypto/internal/fips140/subtle/xor.go /usr/local/go/src/crypto/internal/fips140/subtle/xor_asm.go
cd /usr/local/go/src/crypto/internal/fips140/subtle
/usr/local/go/pkg/tool/linux_amd64/asm -p crypto/internal/fips140/subtle -trimpath "$WORK/b092=>" -I $WORK/b092/ -I /usr/local/go/pkg/include -D GOOS_linux -D GOARCH_amd64 -D GOAMD64_v1 -o $WORK/b092/xor_amd64.o ./xor_amd64.s
go tool pack r $WORK/b092/_pkg_.a $WORK/b092/xor_amd64.o # internal
go tool buildid -w $WORK/b092/_pkg_.a # internal
cp $WORK/b092/_pkg_.a /root/.cache/go-build/42/4214a2fe572ff89ab9a49e084dc475c201fb21a81ab5422e40a114b26972cedb-d # internal
mkdir -p $WORK/b091/
echo -n > $WORK/b091/go_asm.h # internal
cd /usr/local/go/src/crypto/internal/fips140/sha3
/usr/local/go/pkg/tool/linux_amd64/asm -p crypto/internal/fips140/sha3 -trimpath "$WORK/b091=>" -I $WORK/b091/ -I /usr/local/go/pkg/include -D GOOS_linux -D GOARCH_amd64 -D GOAMD64_v1 -gensymabis -o $WORK/b091/symabis ./sha3_amd64.s
cat >/tmp/go-build2523599738/b091/importcfg << 'EOF' # internal
# import config
packagefile bytes=/tmp/go-build2523599738/b067/_pkg_.a
packagefile crypto/internal/fips140=/tmp/go-build2523599738/b082/_pkg_.a
packagefile crypto/internal/fips140/subtle=/tmp/go-build2523599738/b092/_pkg_.a
packagefile crypto/internal/fips140deps/byteorder=/tmp/go-build2523599738/b088/_pkg_.a
packagefile crypto/internal/fips140deps/cpu=/tmp/go-build2523599738/b089/_pkg_.a
packagefile errors=/tmp/go-build2523599738/b003/_pkg_.a
packagefile math/bits=/tmp/go-build2523599738/b023/_pkg_.a
EOF
cd /app
/usr/local/go/pkg/tool/linux_amd64/compile -o $WORK/b091/_pkg_.a -trimpath "$WORK/b091=>" -p crypto/internal/fips140/sha3 -lang=go1.26 -std -buildid 0wM7Ale9v2M2IUtNlvYj/0wM7Ale9v2M2IUtNlvYj -goversion go1.26.1 -symabis $WORK/b091/symabis -nolocalimports -importcfg $WORK/b091/importcfg -pack -asmhdr $WORK/b091/go_asm.h /usr/local/go/src/crypto/internal/fips140/sha3/cast.go /usr/local/go/src/crypto/internal/fips140/sha3/hashes.go /usr/local/go/src/crypto/internal/fips140/sha3/keccakf.go /usr/local/go/src/crypto/internal/fips140/sha3/sha3.go /usr/local/go/src/crypto/internal/fips140/sha3/sha3_amd64.go /usr/local/go/src/crypto/internal/fips140/sha3/shake.go
cd /usr/local/go/src/crypto/internal/fips140/sha3
/usr/local/go/pkg/tool/linux_amd64/asm -p crypto/internal/fips140/sha3 -trimpath "$WORK/b091=>" -I $WORK/b091/ -I /usr/local/go/pkg/include -D GOOS_linux -D GOARCH_amd64 -D GOAMD64_v1 -o $WORK/b091/sha3_amd64.o ./sha3_amd64.s
go tool pack r $WORK/b091/_pkg_.a $WORK/b091/sha3_amd64.o # internal
go tool buildid -w $WORK/b091/_pkg_.a # internal
cp $WORK/b091/_pkg_.a /root/.cache/go-build/52/5299b8a859ae81640f7ef50a853862abd8c6b7f04ffe4e444e4fcc55b02853c0-d # internal
mkdir -p $WORK/b094/
echo -n > $WORK/b094/go_asm.h # internal
cd /usr/local/go/src/crypto/internal/fips140/sha512
/usr/local/go/pkg/tool/linux_amd64/asm -p crypto/internal/fips140/sha512 -trimpath "$WORK/b094=>" -I $WORK/b094/ -I /usr/local/go/pkg/include -D GOOS_linux -D GOARCH_amd64 -D GOAMD64_v1 -gensymabis -o $WORK/b094/symabis ./sha512block_amd64.s
cat >/tmp/go-build2523599738/b094/importcfg << 'EOF' # internal
# import config
packagefile bytes=/tmp/go-build2523599738/b067/_pkg_.a
packagefile crypto/internal/fips140=/tmp/go-build2523599738/b082/_pkg_.a
packagefile crypto/internal/fips140deps/byteorder=/tmp/go-build2523599738/b088/_pkg_.a
packagefile crypto/internal/fips140deps/cpu=/tmp/go-build2523599738/b089/_pkg_.a
packagefile crypto/internal/impl=/tmp/go-build2523599738/b090/_pkg_.a
packagefile errors=/tmp/go-build2523599738/b003/_pkg_.a
packagefile hash=/tmp/go-build2523599738/b074/_pkg_.a
packagefile math/bits=/tmp/go-build2523599738/b023/_pkg_.a
EOF
cd /app
/usr/local/go/pkg/tool/linux_amd64/compile -o $WORK/b094/_pkg_.a -trimpath "$WORK/b094=>" -p crypto/internal/fips140/sha512 -lang=go1.26 -std -buildid yqXR5yCyCvJjp_aPyLBE/yqXR5yCyCvJjp_aPyLBE -goversion go1.26.1 -symabis $WORK/b094/symabis -nolocalimports -importcfg $WORK/b094/importcfg -pack -asmhdr $WORK/b094/go_asm.h /usr/local/go/src/crypto/internal/fips140/sha512/cast.go /usr/local/go/src/crypto/internal/fips140/sha512/sha512.go /usr/local/go/src/crypto/internal/fips140/sha512/sha512block.go /usr/local/go/src/crypto/internal/fips140/sha512/sha512block_amd64.go
cd /usr/local/go/src/crypto/internal/fips140/sha512
/usr/local/go/pkg/tool/linux_amd64/asm -p crypto/internal/fips140/sha512 -trimpath "$WORK/b094=>" -I $WORK/b094/ -I /usr/local/go/pkg/include -D GOOS_linux -D GOARCH_amd64 -D GOAMD64_v1 -o $WORK/b094/sha512block_amd64.o ./sha512block_amd64.s
go tool pack r $WORK/b094/_pkg_.a $WORK/b094/sha512block_amd64.o # internal
go tool buildid -w $WORK/b094/_pkg_.a # internal
cp $WORK/b094/_pkg_.a /root/.cache/go-build/26/264111f8d8dc3d85aabee2f0dca05e4123ae87ad962cd5b76e27375d3f005138-d # internal
mkdir -p $WORK/b086/
cat >/tmp/go-build2523599738/b086/importcfg << 'EOF' # internal
# import config
packagefile bytes=/tmp/go-build2523599738/b067/_pkg_.a
packagefile crypto/internal/fips140=/tmp/go-build2523599738/b082/_pkg_.a
packagefile crypto/internal/fips140/sha256=/tmp/go-build2523599738/b087/_pkg_.a
packagefile crypto/internal/fips140/sha3=/tmp/go-build2523599738/b091/_pkg_.a
packagefile crypto/internal/fips140/sha512=/tmp/go-build2523599738/b094/_pkg_.a
packagefile errors=/tmp/go-build2523599738/b003/_pkg_.a
packagefile hash=/tmp/go-build2523599738/b074/_pkg_.a
EOF
cd /app
/usr/local/go/pkg/tool/linux_amd64/compile -o $WORK/b086/_pkg_.a -trimpath "$WORK/b086=>" -p crypto/internal/fips140/hmac -lang=go1.26 -std -complete -buildid 4Km2n1x8d9K9O-LYpZDf/4Km2n1x8d9K9O-LYpZDf -goversion go1.26.1 -nolocalimports -importcfg $WORK/b086/importcfg -pack /usr/local/go/src/crypto/internal/fips140/hmac/cast.go /usr/local/go/src/crypto/internal/fips140/hmac/hmac.go
go tool buildid -w $WORK/b086/_pkg_.a # internal
cp $WORK/b086/_pkg_.a /root/.cache/go-build/f7/f7b9efac8fe61c2abd0f6b2b8edce6da8dcc1e9b805e85b6b8535ed58d5f915a-d # internal
mkdir -p $WORK/b085/
cat >/tmp/go-build2523599738/b085/importcfg << 'EOF' # internal
# import config
packagefile crypto/internal/fips140=/tmp/go-build2523599738/b082/_pkg_.a
packagefile crypto/internal/fips140/hmac=/tmp/go-build2523599738/b086/_pkg_.a
packagefile crypto/internal/fips140/sha256=/tmp/go-build2523599738/b087/_pkg_.a
packagefile crypto/internal/fips140deps/byteorder=/tmp/go-build2523599738/b088/_pkg_.a
packagefile crypto/internal/fips140deps/godebug=/tmp/go-build2523599738/b083/_pkg_.a
packagefile io=/tmp/go-build2523599738/b049/_pkg_.a
EOF
/usr/local/go/pkg/tool/linux_amd64/compile -o $WORK/b085/_pkg_.a -trimpath "$WORK/b085=>" -p crypto/internal/fips140/check -lang=go1.26 -std -complete -buildid 7OUZKYH3p_l6iAqrCCTz/7OUZKYH3p_l6iAqrCCTz -goversion go1.26.1 -nolocalimports -importcfg $WORK/b085/importcfg -pack /usr/local/go/src/crypto/internal/fips140/check/check.go
go tool buildid -w $WORK/b085/_pkg_.a # internal
cp $WORK/b085/_pkg_.a /root/.cache/go-build/51/510211f8ef8c1ea6610b106570630cd25aab5a99bf7358ac346449f83c362f03-d # internal
mkdir -p $WORK/b081/
echo -n > $WORK/b081/go_asm.h # internal
cd /usr/local/go/src/crypto/internal/fips140/aes
/usr/local/go/pkg/tool/linux_amd64/asm -p crypto/internal/fips140/aes -trimpath "$WORK/b081=>" -I $WORK/b081/ -I /usr/local/go/pkg/include -D GOOS_linux -D GOARCH_amd64 -D GOAMD64_v1 -gensymabis -o $WORK/b081/symabis ./aes_amd64.s ./ctr_amd64.s
cat >/tmp/go-build2523599738/b081/importcfg << 'EOF' # internal
# import config
packagefile bytes=/tmp/go-build2523599738/b067/_pkg_.a
packagefile crypto/internal/fips140=/tmp/go-build2523599738/b082/_pkg_.a
packagefile crypto/internal/fips140/alias=/tmp/go-build2523599738/b084/_pkg_.a
packagefile crypto/internal/fips140/check=/tmp/go-build2523599738/b085/_pkg_.a
packagefile crypto/internal/fips140/subtle=/tmp/go-build2523599738/b092/_pkg_.a
packagefile crypto/internal/fips140deps/byteorder=/tmp/go-build2523599738/b088/_pkg_.a
packagefile crypto/internal/fips140deps/cpu=/tmp/go-build2523599738/b089/_pkg_.a
packagefile crypto/internal/fips140deps/godebug=/tmp/go-build2523599738/b083/_pkg_.a
packagefile crypto/internal/impl=/tmp/go-build2523599738/b090/_pkg_.a
packagefile errors=/tmp/go-build2523599738/b003/_pkg_.a
packagefile math/bits=/tmp/go-build2523599738/b023/_pkg_.a
packagefile strconv=/tmp/go-build2523599738/b041/_pkg_.a
EOF
cd /app
/usr/local/go/pkg/tool/linux_amd64/compile -o $WORK/b081/_pkg_.a -trimpath "$WORK/b081=>" -p crypto/internal/fips140/aes -lang=go1.26 -std -buildid xdlZNttt2PbrapaEVJGJ/xdlZNttt2PbrapaEVJGJ -goversion go1.26.1 -symabis $WORK/b081/symabis -nolocalimports -importcfg $WORK/b081/importcfg -pack -asmhdr $WORK/b081/go_asm.h /usr/local/go/src/crypto/internal/fips140/aes/aes.go /usr/local/go/src/crypto/internal/fips140/aes/aes_asm.go /usr/local/go/src/crypto/internal/fips140/aes/aes_generic.go /usr/local/go/src/crypto/internal/fips140/aes/cast.go /usr/local/go/src/crypto/internal/fips140/aes/cbc.go /usr/local/go/src/crypto/internal/fips140/aes/cbc_noasm.go /usr/local/go/src/crypto/internal/fips140/aes/const.go /usr/local/go/src/crypto/internal/fips140/aes/ctr.go /usr/local/go/src/crypto/internal/fips140/aes/ctr_asm.go
cd /usr/local/go/src/crypto/internal/fips140/aes
/usr/local/go/pkg/tool/linux_amd64/asm -p crypto/internal/fips140/aes -trimpath "$WORK/b081=>" -I $WORK/b081/ -I /usr/local/go/pkg/include -D GOOS_linux -D GOARCH_amd64 -D GOAMD64_v1 -o $WORK/b081/aes_amd64.o ./aes_amd64.s
/usr/local/go/pkg/tool/linux_amd64/asm -p crypto/internal/fips140/aes -trimpath "$WORK/b081=>" -I $WORK/b081/ -I /usr/local/go/pkg/include -D GOOS_linux -D GOARCH_amd64 -D GOAMD64_v1 -o $WORK/b081/ctr_amd64.o ./ctr_amd64.s
go tool pack r $WORK/b081/_pkg_.a $WORK/b081/aes_amd64.o $WORK/b081/ctr_amd64.o # internal
go tool buildid -w $WORK/b081/_pkg_.a # internal
cp $WORK/b081/_pkg_.a /root/.cache/go-build/82/82fe01cb12f3da44173ba00d529580c6e83bf84fe134864ae19598c1b690af23-d # internal
mkdir -p $WORK/b098/
cat >/tmp/go-build2523599738/b098/importcfg << 'EOF' # internal
# import config
packagefile time=/tmp/go-build2523599738/b055/_pkg_.a
EOF
cd /app
/usr/local/go/pkg/tool/linux_amd64/compile -o $WORK/b098/_pkg_.a -trimpath "$WORK/b098=>" -p crypto/internal/fips140deps/time -lang=go1.26 -std -complete -buildid gqHnutMErYxK-wnVjId3/gqHnutMErYxK-wnVjId3 -goversion go1.26.1 -nolocalimports -importcfg $WORK/b098/importcfg -pack /usr/local/go/src/crypto/internal/fips140deps/time/time.go
go tool buildid -w $WORK/b098/_pkg_.a # internal
cp $WORK/b098/_pkg_.a /root/.cache/go-build/68/68c469d8d98ae51d02a5aa429d1b0935a04977d2376298af2f23e0e6c303c22d-d # internal
mkdir -p $WORK/b097/
cat >/tmp/go-build2523599738/b097/importcfg << 'EOF' # internal
# import config
packagefile crypto/internal/fips140deps/time=/tmp/go-build2523599738/b098/_pkg_.a
packagefile errors=/tmp/go-build2523599738/b003/_pkg_.a
packagefile math/bits=/tmp/go-build2523599738/b023/_pkg_.a
packagefile sync/atomic=/tmp/go-build2523599738/b045/_pkg_.a
EOF
/usr/local/go/pkg/tool/linux_amd64/compile -o $WORK/b097/_pkg_.a -trimpath "$WORK/b097=>" -p crypto/internal/entropy/v1.0.0 -lang=go1.26 -std -complete -buildid fBVVWY4w1Jku41jdK9_w/fBVVWY4w1Jku41jdK9_w -goversion go1.26.1 -nolocalimports -importcfg $WORK/b097/importcfg -pack /usr/local/go/src/crypto/internal/entropy/v1.0.0/entropy.go /usr/local/go/src/crypto/internal/entropy/v1.0.0/sha384.go
go tool buildid -w $WORK/b097/_pkg_.a # internal
cp $WORK/b097/_pkg_.a /root/.cache/go-build/c6/c65adbdc17565c53dc8fb3321e321e51d53540afbc5a1faa9aebf7346baf9130-d # internal
mkdir -p $WORK/b099/
cat >/tmp/go-build2523599738/b099/importcfg << 'EOF' # internal
# import config
packagefile errors=/tmp/go-build2523599738/b003/_pkg_.a
packagefile internal/syscall/unix=/tmp/go-build2523599738/b060/_pkg_.a
packagefile math=/tmp/go-build2523599738/b040/_pkg_.a
packagefile os=/tmp/go-build2523599738/b050/_pkg_.a
packagefile runtime=/tmp/go-build2523599738/b009/_pkg_.a
packagefile sync=/tmp/go-build2523599738/b043/_pkg_.a
packagefile sync/atomic=/tmp/go-build2523599738/b045/_pkg_.a
packagefile syscall=/tmp/go-build2523599738/b058/_pkg_.a
packagefile time=/tmp/go-build2523599738/b055/_pkg_.a
EOF
/usr/local/go/pkg/tool/linux_amd64/compile -o $WORK/b099/_pkg_.a -trimpath "$WORK/b099=>" -p crypto/internal/sysrand -lang=go1.26 -std -complete -buildid 8w6x2vlv_sBqHHMyx-JZ/8w6x2vlv_sBqHHMyx-JZ -goversion go1.26.1 -nolocalimports -importcfg $WORK/b099/importcfg -pack /usr/local/go/src/crypto/internal/sysrand/rand.go /usr/local/go/src/crypto/internal/sysrand/rand_getrandom.go
go tool buildid -w $WORK/b099/_pkg_.a # internal
cp $WORK/b099/_pkg_.a /root/.cache/go-build/a0/a04dea4bbe1818775eb8c5afd4319504d8cf4e84197dc6cee785b5d8c1a84b62-d # internal
mkdir -p $WORK/b096/
cat >/tmp/go-build2523599738/b096/importcfg << 'EOF' # internal
# import config
packagefile bytes=/tmp/go-build2523599738/b067/_pkg_.a
packagefile crypto/internal/entropy/v1.0.0=/tmp/go-build2523599738/b097/_pkg_.a
packagefile crypto/internal/fips140=/tmp/go-build2523599738/b082/_pkg_.a
packagefile crypto/internal/fips140/aes=/tmp/go-build2523599738/b081/_pkg_.a
packagefile crypto/internal/fips140/check=/tmp/go-build2523599738/b085/_pkg_.a
packagefile crypto/internal/fips140/subtle=/tmp/go-build2523599738/b092/_pkg_.a
packagefile crypto/internal/fips140deps/byteorder=/tmp/go-build2523599738/b088/_pkg_.a
packagefile crypto/internal/sysrand=/tmp/go-build2523599738/b099/_pkg_.a
packagefile errors=/tmp/go-build2523599738/b003/_pkg_.a
packagefile io=/tmp/go-build2523599738/b049/_pkg_.a
packagefile math/bits=/tmp/go-build2523599738/b023/_pkg_.a
packagefile sync=/tmp/go-build2523599738/b043/_pkg_.a
packagefile sync/atomic=/tmp/go-build2523599738/b045/_pkg_.a
EOF
/usr/local/go/pkg/tool/linux_amd64/compile -o $WORK/b096/_pkg_.a -trimpath "$WORK/b096=>" -p crypto/internal/fips140/drbg -lang=go1.26 -std -complete -buildid _SQpMcIJGVhPFOPdqOlb/_SQpMcIJGVhPFOPdqOlb -goversion go1.26.1 -nolocalimports -importcfg $WORK/b096/importcfg -pack /usr/local/go/src/crypto/internal/fips140/drbg/cast.go /usr/local/go/src/crypto/internal/fips140/drbg/ctrdrbg.go /usr/local/go/src/crypto/internal/fips140/drbg/rand.go
go tool buildid -w $WORK/b096/_pkg_.a # internal
cp $WORK/b096/_pkg_.a /root/.cache/go-build/91/91beb997387ed5e1e5c4a539354485414e7906b7e66ba038f01620ab0e3db94a-d # internal
mkdir -p $WORK/b095/
echo -n > $WORK/b095/go_asm.h # internal
cd /usr/local/go/src/crypto/internal/fips140/aes/gcm
/usr/local/go/pkg/tool/linux_amd64/asm -p crypto/internal/fips140/aes/gcm -trimpath "$WORK/b095=>" -I $WORK/b095/ -I /usr/local/go/pkg/include -D GOOS_linux -D GOARCH_amd64 -D GOAMD64_v1 -gensymabis -o $WORK/b095/symabis ./gcm_amd64.s
cat >/tmp/go-build2523599738/b095/importcfg << 'EOF' # internal
# import config
packagefile crypto/internal/fips140=/tmp/go-build2523599738/b082/_pkg_.a
packagefile crypto/internal/fips140/aes=/tmp/go-build2523599738/b081/_pkg_.a
packagefile crypto/internal/fips140/alias=/tmp/go-build2523599738/b084/_pkg_.a
packagefile crypto/internal/fips140/check=/tmp/go-build2523599738/b085/_pkg_.a
packagefile crypto/internal/fips140/drbg=/tmp/go-build2523599738/b096/_pkg_.a
packagefile crypto/internal/fips140/subtle=/tmp/go-build2523599738/b092/_pkg_.a
packagefile crypto/internal/fips140deps/byteorder=/tmp/go-build2523599738/b088/_pkg_.a
packagefile crypto/internal/fips140deps/cpu=/tmp/go-build2523599738/b089/_pkg_.a
packagefile crypto/internal/impl=/tmp/go-build2523599738/b090/_pkg_.a
packagefile errors=/tmp/go-build2523599738/b003/_pkg_.a
packagefile math=/tmp/go-build2523599738/b040/_pkg_.a
EOF
cd /app
/usr/local/go/pkg/tool/linux_amd64/compile -o $WORK/b095/_pkg_.a -trimpath "$WORK/b095=>" -p crypto/internal/fips140/aes/gcm -lang=go1.26 -std -buildid ZquGqartFiegtnwYztYY/ZquGqartFiegtnwYztYY -goversion go1.26.1 -symabis $WORK/b095/symabis -nolocalimports -importcfg $WORK/b095/importcfg -pack -asmhdr $WORK/b095/go_asm.h /usr/local/go/src/crypto/internal/fips140/aes/gcm/cast.go /usr/local/go/src/crypto/internal/fips140/aes/gcm/cmac.go /usr/local/go/src/crypto/internal/fips140/aes/gcm/ctrkdf.go /usr/local/go/src/crypto/internal/fips140/aes/gcm/gcm.go /usr/local/go/src/crypto/internal/fips140/aes/gcm/gcm_asm.go /usr/local/go/src/crypto/internal/fips140/aes/gcm/gcm_generic.go /usr/local/go/src/crypto/internal/fips140/aes/gcm/gcm_nonces.go /usr/local/go/src/crypto/internal/fips140/aes/gcm/ghash.go
cd /usr/local/go/src/crypto/internal/fips140/aes/gcm
/usr/local/go/pkg/tool/linux_amd64/asm -p crypto/internal/fips140/aes/gcm -trimpath "$WORK/b095=>" -I $WORK/b095/ -I /usr/local/go/pkg/include -D GOOS_linux -D GOARCH_amd64 -D GOAMD64_v1 -o $WORK/b095/gcm_amd64.o ./gcm_amd64.s
go tool pack r $WORK/b095/_pkg_.a $WORK/b095/gcm_amd64.o # internal
go tool buildid -w $WORK/b095/_pkg_.a # internal
cp $WORK/b095/_pkg_.a /root/.cache/go-build/8e/8eb61c8ad41a6f087ca75826c553eb59734dcfe9d4640ce19ede2e5dd2c3e2d5-d # internal
mkdir -p $WORK/b101/
cat >/tmp/go-build2523599738/b101/importcfg << 'EOF' # internal
# import config
packagefile crypto/internal/fips140=/tmp/go-build2523599738/b082/_pkg_.a
packagefile crypto/internal/fips140/check=/tmp/go-build2523599738/b085/_pkg_.a
packagefile internal/godebug=/tmp/go-build2523599738/b056/_pkg_.a
EOF
cd /app
/usr/local/go/pkg/tool/linux_amd64/compile -o $WORK/b101/_pkg_.a -trimpath "$WORK/b101=>" -p crypto/fips140 -lang=go1.26 -std -complete -buildid IPbSCmyBr6UDj6wOlsCK/IPbSCmyBr6UDj6wOlsCK -goversion go1.26.1 -nolocalimports -importcfg $WORK/b101/importcfg -pack /usr/local/go/src/crypto/fips140/enforcement.go /usr/local/go/src/crypto/fips140/fips140.go
go tool buildid -w $WORK/b101/_pkg_.a # internal
cp $WORK/b101/_pkg_.a /root/.cache/go-build/bb/bbceedbe6bf2c4fdbe74c758213970c301b47c4b1b077d51d3c47892492963b2-d # internal
mkdir -p $WORK/b100/
cat >/tmp/go-build2523599738/b100/importcfg << 'EOF' # internal
# import config
packagefile crypto/fips140=/tmp/go-build2523599738/b101/_pkg_.a
packagefile crypto/internal/fips140/drbg=/tmp/go-build2523599738/b096/_pkg_.a
packagefile crypto/internal/fips140/sha256=/tmp/go-build2523599738/b087/_pkg_.a
packagefile crypto/internal/fips140/sha3=/tmp/go-build2523599738/b091/_pkg_.a
packagefile crypto/internal/fips140/sha512=/tmp/go-build2523599738/b094/_pkg_.a
packagefile hash=/tmp/go-build2523599738/b074/_pkg_.a
packagefile io=/tmp/go-build2523599738/b049/_pkg_.a
EOF
/usr/local/go/pkg/tool/linux_amd64/compile -o $WORK/b100/_pkg_.a -trimpath "$WORK/b100=>" -p crypto/internal/fips140only -lang=go1.26 -std -complete -buildid LB-Fv0zWDyFayi5osd9E/LB-Fv0zWDyFayi5osd9E -goversion go1.26.1 -nolocalimports -importcfg $WORK/b100/importcfg -pack /usr/local/go/src/crypto/internal/fips140only/fips140only.go
go tool buildid -w $WORK/b100/_pkg_.a # internal
cp $WORK/b100/_pkg_.a /root/.cache/go-build/bc/bcb982400587a1d7915b16bbd614b9e978e9cdb86dfe2d525c0bcb20af8ba67e-d # internal
mkdir -p $WORK/b102/
cat >/tmp/go-build2523599738/b102/importcfg << 'EOF' # internal
# import config
packagefile crypto/internal/constanttime=/tmp/go-build2523599738/b093/_pkg_.a
packagefile crypto/internal/fips140/subtle=/tmp/go-build2523599738/b092/_pkg_.a
packagefile internal/runtime/sys=/tmp/go-build2523599738/b027/_pkg_.a
EOF
/usr/local/go/pkg/tool/linux_amd64/compile -o $WORK/b102/_pkg_.a -trimpath "$WORK/b102=>" -p crypto/subtle -lang=go1.26 -std -complete -buildid zFKQ7818YmeCtJ3HJYwf/zFKQ7818YmeCtJ3HJYwf -goversion go1.26.1 -nolocalimports -importcfg $WORK/b102/importcfg -pack /usr/local/go/src/crypto/subtle/constant_time.go /usr/local/go/src/crypto/subtle/dit.go /usr/local/go/src/crypto/subtle/xor.go
go tool buildid -w $WORK/b102/_pkg_.a # internal
cp $WORK/b102/_pkg_.a /root/.cache/go-build/cc/ccbaca5607d8c9f70b9d06006191d558421165e8963c660f1463503e0eb962a5-d # internal
mkdir -p $WORK/b080/
cat >/tmp/go-build2523599738/b080/importcfg << 'EOF' # internal
# import config
packagefile bytes=/tmp/go-build2523599738/b067/_pkg_.a
packagefile crypto/internal/fips140/aes=/tmp/go-build2523599738/b081/_pkg_.a
packagefile crypto/internal/fips140/aes/gcm=/tmp/go-build2523599738/b095/_pkg_.a
packagefile crypto/internal/fips140/alias=/tmp/go-build2523599738/b084/_pkg_.a
packagefile crypto/internal/fips140only=/tmp/go-build2523599738/b100/_pkg_.a
packagefile crypto/subtle=/tmp/go-build2523599738/b102/_pkg_.a
packagefile errors=/tmp/go-build2523599738/b003/_pkg_.a
packagefile internal/byteorder=/tmp/go-build2523599738/b012/_pkg_.a
packagefile io=/tmp/go-build2523599738/b049/_pkg_.a
EOF
/usr/local/go/pkg/tool/linux_amd64/compile -o $WORK/b080/_pkg_.a -trimpath "$WORK/b080=>" -p crypto/cipher -lang=go1.26 -std -complete -buildid 0bguAXGBw2-UQx2BDAgQ/0bguAXGBw2-UQx2BDAgQ -goversion go1.26.1 -nolocalimports -importcfg $WORK/b080/importcfg -pack /usr/local/go/src/crypto/cipher/cbc.go /usr/local/go/src/crypto/cipher/cfb.go /usr/local/go/src/crypto/cipher/cipher.go /usr/local/go/src/crypto/cipher/ctr.go /usr/local/go/src/crypto/cipher/gcm.go /usr/local/go/src/crypto/cipher/io.go /usr/local/go/src/crypto/cipher/ofb.go
go tool buildid -w $WORK/b080/_pkg_.a # internal
cp $WORK/b080/_pkg_.a /root/.cache/go-build/9c/9cc677d9879926c0ac562882e9140b2167e146ed21966ed7ee47bf716079e143-d # internal
mkdir -p $WORK/b103/
echo -n > $WORK/b103/go_asm.h # internal
cd /usr/local/go/src/crypto/internal/boring/sig
/usr/local/go/pkg/tool/linux_amd64/asm -p crypto/internal/boring/sig -trimpath "$WORK/b103=>" -I $WORK/b103/ -I /usr/local/go/pkg/include -D GOOS_linux -D GOARCH_amd64 -D GOAMD64_v1 -gensymabis -o $WORK/b103/symabis ./sig_amd64.s
echo '# import config' > $WORK/b103/importcfg # internal
cd /app
/usr/local/go/pkg/tool/linux_amd64/compile -o $WORK/b103/_pkg_.a -trimpath "$WORK/b103=>" -p crypto/internal/boring/sig -lang=go1.26 -std -buildid BG-dFfVEYRCHSwTAExoL/BG-dFfVEYRCHSwTAExoL -goversion go1.26.1 -symabis $WORK/b103/symabis -nolocalimports -importcfg $WORK/b103/importcfg -pack -asmhdr $WORK/b103/go_asm.h /usr/local/go/src/crypto/internal/boring/sig/sig.go
cd /usr/local/go/src/crypto/internal/boring/sig
/usr/local/go/pkg/tool/linux_amd64/asm -p crypto/internal/boring/sig -trimpath "$WORK/b103=>" -I $WORK/b103/ -I /usr/local/go/pkg/include -D GOOS_linux -D GOARCH_amd64 -D GOAMD64_v1 -o $WORK/b103/sig_amd64.o ./sig_amd64.s
go tool pack r $WORK/b103/_pkg_.a $WORK/b103/sig_amd64.o # internal
go tool buildid -w $WORK/b103/_pkg_.a # internal
cp $WORK/b103/_pkg_.a /root/.cache/go-build/63/63a7bc5c78143c38fe974dbce347a66c0dbbe16554da4007c4fc6ab59a21cd50-d # internal
mkdir -p $WORK/b078/
cat >/tmp/go-build2523599738/b078/importcfg << 'EOF' # internal
# import config
packagefile crypto=/tmp/go-build2523599738/b079/_pkg_.a
packagefile crypto/cipher=/tmp/go-build2523599738/b080/_pkg_.a
packagefile crypto/internal/boring/sig=/tmp/go-build2523599738/b103/_pkg_.a
packagefile hash=/tmp/go-build2523599738/b074/_pkg_.a
EOF
cd /app
/usr/local/go/pkg/tool/linux_amd64/compile -o $WORK/b078/_pkg_.a -trimpath "$WORK/b078=>" -p crypto/internal/boring -lang=go1.26 -std -complete -buildid EBCmLgNeHdC40-0y8BJh/EBCmLgNeHdC40-0y8BJh -goversion go1.26.1 -nolocalimports -importcfg $WORK/b078/importcfg -pack /usr/local/go/src/crypto/internal/boring/doc.go /usr/local/go/src/crypto/internal/boring/notboring.go
go tool buildid -w $WORK/b078/_pkg_.a # internal
cp $WORK/b078/_pkg_.a /root/.cache/go-build/f0/f07c29e8df060237e19359bf30f227784260b9e17eedc6e2afde45f668af8e5f-d # internal
mkdir -p $WORK/b106/
cat >/tmp/go-build2523599738/b106/importcfg << 'EOF' # internal
# import config
packagefile errors=/tmp/go-build2523599738/b003/_pkg_.a
packagefile internal/byteorder=/tmp/go-build2523599738/b012/_pkg_.a
packagefile internal/chacha8rand=/tmp/go-build2523599738/b013/_pkg_.a
packagefile math=/tmp/go-build2523599738/b040/_pkg_.a
packagefile math/bits=/tmp/go-build2523599738/b023/_pkg_.a
EOF
/usr/local/go/pkg/tool/linux_amd64/compile -o $WORK/b106/_pkg_.a -trimpath "$WORK/b106=>" -p math/rand/v2 -lang=go1.26 -std -complete -buildid 8E_QSCuEbx_MacRwakUW/8E_QSCuEbx_MacRwakUW -goversion go1.26.1 -nolocalimports -importcfg $WORK/b106/importcfg -pack /usr/local/go/src/math/rand/v2/chacha8.go /usr/local/go/src/math/rand/v2/exp.go /usr/local/go/src/math/rand/v2/normal.go /usr/local/go/src/math/rand/v2/pcg.go /usr/local/go/src/math/rand/v2/rand.go /usr/local/go/src/math/rand/v2/zipf.go
go tool buildid -w $WORK/b106/_pkg_.a # internal
cp $WORK/b106/_pkg_.a /root/.cache/go-build/5c/5c9642d35fd153d60c98fc5f32cad796f79bc677e06b281e72d67a4ee0cc03c4-d # internal
mkdir -p $WORK/b105/
cat >/tmp/go-build2523599738/b105/importcfg << 'EOF' # internal
# import config
packagefile io=/tmp/go-build2523599738/b049/_pkg_.a
packagefile math/rand/v2=/tmp/go-build2523599738/b106/_pkg_.a
EOF
/usr/local/go/pkg/tool/linux_amd64/compile -o $WORK/b105/_pkg_.a -trimpath "$WORK/b105=>" -p crypto/internal/randutil -lang=go1.26 -std -complete -buildid s6qO3K5dUFle4iIJskHJ/s6qO3K5dUFle4iIJskHJ -goversion go1.26.1 -nolocalimports -importcfg $WORK/b105/importcfg -pack /usr/local/go/src/crypto/internal/randutil/randutil.go
go tool buildid -w $WORK/b105/_pkg_.a # internal
cp $WORK/b105/_pkg_.a /root/.cache/go-build/d7/d78486f6ae9c5020706ebea0c9158ccca2eea11c3a515ba1d1536f192a2c2100-d # internal
mkdir -p $WORK/b104/
cat >/tmp/go-build2523599738/b104/importcfg << 'EOF' # internal
# import config
packagefile crypto/internal/boring=/tmp/go-build2523599738/b078/_pkg_.a
packagefile crypto/internal/fips140/drbg=/tmp/go-build2523599738/b096/_pkg_.a
packagefile crypto/internal/randutil=/tmp/go-build2523599738/b105/_pkg_.a
packagefile internal/godebug=/tmp/go-build2523599738/b056/_pkg_.a
packagefile io=/tmp/go-build2523599738/b049/_pkg_.a
EOF
/usr/local/go/pkg/tool/linux_amd64/compile -o $WORK/b104/_pkg_.a -trimpath "$WORK/b104=>" -p crypto/internal/rand -lang=go1.26 -std -complete -buildid zyHLM0Gzvh9uIIcBFJyo/zyHLM0Gzvh9uIIcBFJyo -goversion go1.26.1 -nolocalimports -importcfg $WORK/b104/importcfg -pack /usr/local/go/src/crypto/internal/rand/rand.go /usr/local/go/src/crypto/internal/rand/rand_fips140v1.26.go
go tool buildid -w $WORK/b104/_pkg_.a # internal
cp $WORK/b104/_pkg_.a /root/.cache/go-build/57/5715de17264ad92cbae11d59d2d769b4f690a539cbbc68ab7a340c35ffa399f8-d # internal
mkdir -p $WORK/b108/
cat >/tmp/go-build2523599738/b108/importcfg << 'EOF' # internal
# import config
packagefile internal/godebug=/tmp/go-build2523599738/b056/_pkg_.a
packagefile math=/tmp/go-build2523599738/b040/_pkg_.a
packagefile sync=/tmp/go-build2523599738/b043/_pkg_.a
packagefile sync/atomic=/tmp/go-build2523599738/b045/_pkg_.a
EOF
/usr/local/go/pkg/tool/linux_amd64/compile -o $WORK/b108/_pkg_.a -trimpath "$WORK/b108=>" -p math/rand -lang=go1.26 -std -complete -buildid T_0QZ7z5XWsC8UVLMA28/T_0QZ7z5XWsC8UVLMA28 -goversion go1.26.1 -nolocalimports -importcfg $WORK/b108/importcfg -pack /usr/local/go/src/math/rand/exp.go /usr/local/go/src/math/rand/normal.go /usr/local/go/src/math/rand/rand.go /usr/local/go/src/math/rand/rng.go /usr/local/go/src/math/rand/zipf.go
go tool buildid -w $WORK/b108/_pkg_.a # internal
cp $WORK/b108/_pkg_.a /root/.cache/go-build/43/438e7d6fcb3d6e6ca02ca5c37fa1a58e880f1aedd0936c8599f5007cb20e9419-d # internal
mkdir -p $WORK/b107/
echo -n > $WORK/b107/go_asm.h # internal
cd /usr/local/go/src/math/big
/usr/local/go/pkg/tool/linux_amd64/asm -p math/big -trimpath "$WORK/b107=>" -I $WORK/b107/ -I /usr/local/go/pkg/include -D GOOS_linux -D GOARCH_amd64 -D GOAMD64_v1 -gensymabis -o $WORK/b107/symabis ./arith_amd64.s
cat >/tmp/go-build2523599738/b107/importcfg << 'EOF' # internal
# import config
packagefile bytes=/tmp/go-build2523599738/b067/_pkg_.a
packagefile errors=/tmp/go-build2523599738/b003/_pkg_.a
packagefile fmt=/tmp/go-build2523599738/b002/_pkg_.a
packagefile internal/byteorder=/tmp/go-build2523599738/b012/_pkg_.a
packagefile internal/cpu=/tmp/go-build2523599738/b011/_pkg_.a
packagefile io=/tmp/go-build2523599738/b049/_pkg_.a
packagefile math=/tmp/go-build2523599738/b040/_pkg_.a
packagefile math/bits=/tmp/go-build2523599738/b023/_pkg_.a
packagefile math/rand=/tmp/go-build2523599738/b108/_pkg_.a
packagefile slices=/tmp/go-build2523599738/b048/_pkg_.a
packagefile strconv=/tmp/go-build2523599738/b041/_pkg_.a
packagefile strings=/tmp/go-build2523599738/b068/_pkg_.a
packagefile sync=/tmp/go-build2523599738/b043/_pkg_.a
EOF
cd /app
/usr/local/go/pkg/tool/linux_amd64/compile -o $WORK/b107/_pkg_.a -trimpath "$WORK/b107=>" -p math/big -lang=go1.26 -std -buildid vR_YmxOiSd7YVxpykC7-/vR_YmxOiSd7YVxpykC7- -goversion go1.26.1 -symabis $WORK/b107/symabis -nolocalimports -importcfg $WORK/b107/importcfg -pack -asmhdr $WORK/b107/go_asm.h /usr/local/go/src/math/big/accuracy_string.go /usr/local/go/src/math/big/arith.go /usr/local/go/src/math/big/arith_amd64.go /usr/local/go/src/math/big/arith_decl.go /usr/local/go/src/math/big/decimal.go /usr/local/go/src/math/big/doc.go /usr/local/go/src/math/big/float.go /usr/local/go/src/math/big/floatconv.go /usr/local/go/src/math/big/floatmarsh.go /usr/local/go/src/math/big/ftoa.go /usr/local/go/src/math/big/int.go /usr/local/go/src/math/big/intconv.go /usr/local/go/src/math/big/intmarsh.go /usr/local/go/src/math/big/nat.go /usr/local/go/src/math/big/natconv.go /usr/local/go/src/math/big/natdiv.go /usr/local/go/src/math/big/natmul.go /usr/local/go/src/math/big/prime.go /usr/local/go/src/math/big/rat.go /usr/local/go/src/math/big/ratconv.go /usr/local/go/src/math/big/ratmarsh.go /usr/local/go/src/math/big/roundingmode_string.go /usr/local/go/src/math/big/sqrt.go
cd /usr/local/go/src/math/big
/usr/local/go/pkg/tool/linux_amd64/asm -p math/big -trimpath "$WORK/b107=>" -I $WORK/b107/ -I /usr/local/go/pkg/include -D GOOS_linux -D GOARCH_amd64 -D GOAMD64_v1 -o $WORK/b107/arith_amd64.o ./arith_amd64.s
go tool pack r $WORK/b107/_pkg_.a $WORK/b107/arith_amd64.o # internal
go tool buildid -w $WORK/b107/_pkg_.a # internal
cp $WORK/b107/_pkg_.a /root/.cache/go-build/71/71dd94797060aee2da3fa437ab1fa886bfc0413bd7cd2c68e96260b1ef0abaa9-d # internal
mkdir -p $WORK/b077/
cat >/tmp/go-build2523599738/b077/importcfg << 'EOF' # internal
# import config
packagefile crypto/internal/boring=/tmp/go-build2523599738/b078/_pkg_.a
packagefile crypto/internal/fips140/drbg=/tmp/go-build2523599738/b096/_pkg_.a
packagefile crypto/internal/fips140only=/tmp/go-build2523599738/b100/_pkg_.a
packagefile crypto/internal/rand=/tmp/go-build2523599738/b104/_pkg_.a
packagefile errors=/tmp/go-build2523599738/b003/_pkg_.a
packagefile io=/tmp/go-build2523599738/b049/_pkg_.a
packagefile math/big=/tmp/go-build2523599738/b107/_pkg_.a
EOF
cd /app
/usr/local/go/pkg/tool/linux_amd64/compile -o $WORK/b077/_pkg_.a -trimpath "$WORK/b077=>" -p crypto/rand -lang=go1.26 -std -complete -buildid uDJaYAh5mR4YouTy-L2v/uDJaYAh5mR4YouTy-L2v -goversion go1.26.1 -nolocalimports -importcfg $WORK/b077/importcfg -pack /usr/local/go/src/crypto/rand/rand.go /usr/local/go/src/crypto/rand/text.go /usr/local/go/src/crypto/rand/util.go
go tool buildid -w $WORK/b077/_pkg_.a # internal
cp $WORK/b077/_pkg_.a /root/.cache/go-build/da/daf6e7dcdee4c762a8561e56b70407c32b8a3fafe26e5192e2e3c70feef6e8ed-d # internal
mkdir -p $WORK/b110/
cat >/tmp/go-build2523599738/b110/importcfg << 'EOF' # internal
# import config
packagefile crypto/cipher=/tmp/go-build2523599738/b080/_pkg_.a
packagefile crypto/internal/boring=/tmp/go-build2523599738/b078/_pkg_.a
packagefile crypto/internal/fips140/aes=/tmp/go-build2523599738/b081/_pkg_.a
packagefile strconv=/tmp/go-build2523599738/b041/_pkg_.a
EOF
/usr/local/go/pkg/tool/linux_amd64/compile -o $WORK/b110/_pkg_.a -trimpath "$WORK/b110=>" -p crypto/aes -lang=go1.26 -std -complete -buildid Lzhj6NKVt7P1KsuzwFuP/Lzhj6NKVt7P1KsuzwFuP -goversion go1.26.1 -nolocalimports -importcfg $WORK/b110/importcfg -pack /usr/local/go/src/crypto/aes/aes.go
go tool buildid -w $WORK/b110/_pkg_.a # internal
cp $WORK/b110/_pkg_.a /root/.cache/go-build/65/65f0223e942a8bd8031355b4694fa9918c17ca19d02c8ea1525a3aaecb4ec793-d # internal
mkdir -p $WORK/b111/
cat >/tmp/go-build2523599738/b111/importcfg << 'EOF' # internal
# import config
packagefile crypto/cipher=/tmp/go-build2523599738/b080/_pkg_.a
packagefile crypto/internal/fips140/alias=/tmp/go-build2523599738/b084/_pkg_.a
packagefile crypto/internal/fips140only=/tmp/go-build2523599738/b100/_pkg_.a
packagefile errors=/tmp/go-build2523599738/b003/_pkg_.a
packagefile internal/byteorder=/tmp/go-build2523599738/b012/_pkg_.a
packagefile strconv=/tmp/go-build2523599738/b041/_pkg_.a
packagefile sync=/tmp/go-build2523599738/b043/_pkg_.a
EOF
/usr/local/go/pkg/tool/linux_amd64/compile -o $WORK/b111/_pkg_.a -trimpath "$WORK/b111=>" -p crypto/des -lang=go1.26 -std -complete -buildid NewYCuHhzDyTBTDaqJRN/NewYCuHhzDyTBTDaqJRN -goversion go1.26.1 -nolocalimports -importcfg $WORK/b111/importcfg -pack /usr/local/go/src/crypto/des/block.go /usr/local/go/src/crypto/des/cipher.go /usr/local/go/src/crypto/des/const.go
go tool buildid -w $WORK/b111/_pkg_.a # internal
cp $WORK/b111/_pkg_.a /root/.cache/go-build/c9/c9e3936bbdfca42a770c0604fdc275afb09a39b2d1a752875b8b5b53d20e8537-d # internal
mkdir -p $WORK/b115/
cat >/tmp/go-build2523599738/b115/importcfg << 'EOF' # internal
# import config
packagefile crypto/internal/fips140/check=/tmp/go-build2523599738/b085/_pkg_.a
packagefile crypto/internal/fips140/subtle=/tmp/go-build2523599738/b092/_pkg_.a
packagefile errors=/tmp/go-build2523599738/b003/_pkg_.a
packagefile math/bits=/tmp/go-build2523599738/b023/_pkg_.a
EOF
/usr/local/go/pkg/tool/linux_amd64/compile -o $WORK/b115/_pkg_.a -trimpath "$WORK/b115=>" -p crypto/internal/fips140/nistec/fiat -lang=go1.26 -std -complete -buildid h8BPTxnsQ4bMyeM5bqsp/h8BPTxnsQ4bMyeM5bqsp -goversion go1.26.1 -nolocalimports -importcfg $WORK/b115/importcfg -pack /usr/local/go/src/crypto/internal/fips140/nistec/fiat/cast.go /usr/local/go/src/crypto/internal/fips140/nistec/fiat/p224.go /usr/local/go/src/crypto/internal/fips140/nistec/fiat/p224_fiat64.go /usr/local/go/src/crypto/internal/fips140/nistec/fiat/p224_invert.go /usr/local/go/src/crypto/internal/fips140/nistec/fiat/p256.go /usr/local/go/src/crypto/internal/fips140/nistec/fiat/p256_fiat64.go /usr/local/go/src/crypto/internal/fips140/nistec/fiat/p256_invert.go /usr/local/go/src/crypto/internal/fips140/nistec/fiat/p384.go /usr/local/go/src/crypto/internal/fips140/nistec/fiat/p384_fiat64.go /usr/local/go/src/crypto/internal/fips140/nistec/fiat/p384_invert.go /usr/local/go/src/crypto/internal/fips140/nistec/fiat/p521.go /usr/local/go/src/crypto/internal/fips140/nistec/fiat/p521_fiat64.go /usr/local/go/src/crypto/internal/fips140/nistec/fiat/p521_invert.go
go tool buildid -w $WORK/b115/_pkg_.a # internal
cp $WORK/b115/_pkg_.a /root/.cache/go-build/86/86e6ab622d99a6045a017c29ec8a3788ac12a101de28276b15b8aacb3df78632-d # internal
mkdir -p $WORK/b114/
echo -n > $WORK/b114/go_asm.h # internal
cd /usr/local/go/src/crypto/internal/fips140/nistec
/usr/local/go/pkg/tool/linux_amd64/asm -p crypto/internal/fips140/nistec -trimpath "$WORK/b114=>" -I $WORK/b114/ -I /usr/local/go/pkg/include -D GOOS_linux -D GOARCH_amd64 -D GOAMD64_v1 -gensymabis -o $WORK/b114/symabis ./p256_asm_amd64.s
cat >/tmp/go-build2523599738/b114/importcfg << 'EOF' # internal
# import config
packagefile crypto/internal/constanttime=/tmp/go-build2523599738/b093/_pkg_.a
packagefile crypto/internal/fips140/check=/tmp/go-build2523599738/b085/_pkg_.a
packagefile crypto/internal/fips140/nistec/fiat=/tmp/go-build2523599738/b115/_pkg_.a
packagefile crypto/internal/fips140deps/byteorder=/tmp/go-build2523599738/b088/_pkg_.a
packagefile errors=/tmp/go-build2523599738/b003/_pkg_.a
packagefile math/bits=/tmp/go-build2523599738/b023/_pkg_.a
packagefile runtime=/tmp/go-build2523599738/b009/_pkg_.a
packagefile sync=/tmp/go-build2523599738/b043/_pkg_.a
EOF
cd /app
/usr/local/go/pkg/tool/linux_amd64/compile -o $WORK/b114/_pkg_.a -trimpath "$WORK/b114=>" -p crypto/internal/fips140/nistec -lang=go1.26 -std -buildid ezbh5gT8NkWqYmuPP1-s/ezbh5gT8NkWqYmuPP1-s -goversion go1.26.1 -symabis $WORK/b114/symabis -nolocalimports -importcfg $WORK/b114/importcfg -pack -asmhdr $WORK/b114/go_asm.h /usr/local/go/src/crypto/internal/fips140/nistec/nistec.go /usr/local/go/src/crypto/internal/fips140/nistec/p224.go /usr/local/go/src/crypto/internal/fips140/nistec/p224_sqrt.go /usr/local/go/src/crypto/internal/fips140/nistec/p256_asm.go /usr/local/go/src/crypto/internal/fips140/nistec/p256_ordinv.go /usr/local/go/src/crypto/internal/fips140/nistec/p256_table.go /usr/local/go/src/crypto/internal/fips140/nistec/p384.go /usr/local/go/src/crypto/internal/fips140/nistec/p521.go
cd /usr/local/go/src/crypto/internal/fips140/nistec
/usr/local/go/pkg/tool/linux_amd64/asm -p crypto/internal/fips140/nistec -trimpath "$WORK/b114=>" -I $WORK/b114/ -I /usr/local/go/pkg/include -D GOOS_linux -D GOARCH_amd64 -D GOAMD64_v1 -o $WORK/b114/p256_asm_amd64.o ./p256_asm_amd64.s
go tool pack r $WORK/b114/_pkg_.a $WORK/b114/p256_asm_amd64.o # internal
go tool buildid -w $WORK/b114/_pkg_.a # internal
cp $WORK/b114/_pkg_.a /root/.cache/go-build/0e/0e553ac60195998e9c93c3f1afcb9f69ea78a685bcb5d1a7dbe205e47312e1ac-d # internal
mkdir -p $WORK/b113/
cat >/tmp/go-build2523599738/b113/importcfg << 'EOF' # internal
# import config
packagefile bytes=/tmp/go-build2523599738/b067/_pkg_.a
packagefile crypto/internal/fips140=/tmp/go-build2523599738/b082/_pkg_.a
packagefile crypto/internal/fips140/check=/tmp/go-build2523599738/b085/_pkg_.a
packagefile crypto/internal/fips140/drbg=/tmp/go-build2523599738/b096/_pkg_.a
packagefile crypto/internal/fips140/nistec=/tmp/go-build2523599738/b114/_pkg_.a
packagefile crypto/internal/fips140deps/byteorder=/tmp/go-build2523599738/b088/_pkg_.a
packagefile errors=/tmp/go-build2523599738/b003/_pkg_.a
packagefile io=/tmp/go-build2523599738/b049/_pkg_.a
packagefile math/bits=/tmp/go-build2523599738/b023/_pkg_.a
packagefile sync=/tmp/go-build2523599738/b043/_pkg_.a
EOF
cd /app
/usr/local/go/pkg/tool/linux_amd64/compile -o $WORK/b113/_pkg_.a -trimpath "$WORK/b113=>" -p crypto/internal/fips140/ecdh -lang=go1.26 -std -complete -buildid viE8JrdCJu05c662X-3s/viE8JrdCJu05c662X-3s -goversion go1.26.1 -nolocalimports -importcfg $WORK/b113/importcfg -pack /usr/local/go/src/crypto/internal/fips140/ecdh/cast.go /usr/local/go/src/crypto/internal/fips140/ecdh/ecdh.go
go tool buildid -w $WORK/b113/_pkg_.a # internal
cp $WORK/b113/_pkg_.a /root/.cache/go-build/cd/cd61bb698dbe3a3c39ffa64dc4af08025d3cf3806f3d173ef4767931d90218ff-d # internal
mkdir -p $WORK/b116/
echo -n > $WORK/b116/go_asm.h # internal
cd /usr/local/go/src/crypto/internal/fips140/edwards25519/field
/usr/local/go/pkg/tool/linux_amd64/asm -p crypto/internal/fips140/edwards25519/field -trimpath "$WORK/b116=>" -I $WORK/b116/ -I /usr/local/go/pkg/include -D GOOS_linux -D GOARCH_amd64 -D GOAMD64_v1 -gensymabis -o $WORK/b116/symabis ./fe_amd64.s
cat >/tmp/go-build2523599738/b116/importcfg << 'EOF' # internal
# import config
packagefile crypto/internal/fips140/check=/tmp/go-build2523599738/b085/_pkg_.a
packagefile crypto/internal/fips140/subtle=/tmp/go-build2523599738/b092/_pkg_.a
packagefile crypto/internal/fips140deps/byteorder=/tmp/go-build2523599738/b088/_pkg_.a
packagefile errors=/tmp/go-build2523599738/b003/_pkg_.a
packagefile math/bits=/tmp/go-build2523599738/b023/_pkg_.a
EOF
cd /app
/usr/local/go/pkg/tool/linux_amd64/compile -o $WORK/b116/_pkg_.a -trimpath "$WORK/b116=>" -p crypto/internal/fips140/edwards25519/field -lang=go1.26 -std -buildid 5eajAIifVNK_OcZihfXN/5eajAIifVNK_OcZihfXN -goversion go1.26.1 -symabis $WORK/b116/symabis -nolocalimports -importcfg $WORK/b116/importcfg -pack -asmhdr $WORK/b116/go_asm.h /usr/local/go/src/crypto/internal/fips140/edwards25519/field/fe.go /usr/local/go/src/crypto/internal/fips140/edwards25519/field/fe_amd64.go /usr/local/go/src/crypto/internal/fips140/edwards25519/field/fe_generic.go
cd /usr/local/go/src/crypto/internal/fips140/edwards25519/field
/usr/local/go/pkg/tool/linux_amd64/asm -p crypto/internal/fips140/edwards25519/field -trimpath "$WORK/b116=>" -I $WORK/b116/ -I /usr/local/go/pkg/include -D GOOS_linux -D GOARCH_amd64 -D GOAMD64_v1 -o $WORK/b116/fe_amd64.o ./fe_amd64.s
go tool pack r $WORK/b116/_pkg_.a $WORK/b116/fe_amd64.o # internal
go tool buildid -w $WORK/b116/_pkg_.a # internal
cp $WORK/b116/_pkg_.a /root/.cache/go-build/eb/eb50dae39f8e7231014e8cdb5863d33467426eba8915dc883d7ce4dfa797a757-d # internal
mkdir -p $WORK/b112/
cat >/tmp/go-build2523599738/b112/importcfg << 'EOF' # internal
# import config
packagefile bytes=/tmp/go-build2523599738/b067/_pkg_.a
packagefile crypto=/tmp/go-build2523599738/b079/_pkg_.a
packagefile crypto/internal/boring=/tmp/go-build2523599738/b078/_pkg_.a
packagefile crypto/internal/fips140/ecdh=/tmp/go-build2523599738/b113/_pkg_.a
packagefile crypto/internal/fips140/edwards25519/field=/tmp/go-build2523599738/b116/_pkg_.a
packagefile crypto/internal/fips140only=/tmp/go-build2523599738/b100/_pkg_.a
packagefile crypto/internal/rand=/tmp/go-build2523599738/b104/_pkg_.a
packagefile crypto/subtle=/tmp/go-build2523599738/b102/_pkg_.a
packagefile errors=/tmp/go-build2523599738/b003/_pkg_.a
packagefile io=/tmp/go-build2523599738/b049/_pkg_.a
EOF
cd /app
/usr/local/go/pkg/tool/linux_amd64/compile -o $WORK/b112/_pkg_.a -trimpath "$WORK/b112=>" -p crypto/ecdh -lang=go1.26 -std -complete -buildid Is6iDi1wrVM6mgqmzaUr/Is6iDi1wrVM6mgqmzaUr -goversion go1.26.1 -nolocalimports -importcfg $WORK/b112/importcfg -pack /usr/local/go/src/crypto/ecdh/ecdh.go /usr/local/go/src/crypto/ecdh/nist.go /usr/local/go/src/crypto/ecdh/x25519.go
go tool buildid -w $WORK/b112/_pkg_.a # internal
cp $WORK/b112/_pkg_.a /root/.cache/go-build/ef/efbbdb2936aa8f14a2a5e3f67387142253374d9d27a4cebdedfe8c1386cde2cf-d # internal
mkdir -p $WORK/b118/
cat >/tmp/go-build2523599738/b118/importcfg << 'EOF' # internal
# import config
packagefile crypto/internal/fips140/nistec=/tmp/go-build2523599738/b114/_pkg_.a
packagefile errors=/tmp/go-build2523599738/b003/_pkg_.a
packagefile io=/tmp/go-build2523599738/b049/_pkg_.a
packagefile math/big=/tmp/go-build2523599738/b107/_pkg_.a
packagefile sync=/tmp/go-build2523599738/b043/_pkg_.a
EOF
/usr/local/go/pkg/tool/linux_amd64/compile -o $WORK/b118/_pkg_.a -trimpath "$WORK/b118=>" -p crypto/elliptic -lang=go1.26 -std -complete -buildid bQXGUs6TDugrWlNl4PV2/bQXGUs6TDugrWlNl4PV2 -goversion go1.26.1 -nolocalimports -importcfg $WORK/b118/importcfg -pack /usr/local/go/src/crypto/elliptic/elliptic.go /usr/local/go/src/crypto/elliptic/nistec.go /usr/local/go/src/crypto/elliptic/params.go
go tool buildid -w $WORK/b118/_pkg_.a # internal
cp $WORK/b118/_pkg_.a /root/.cache/go-build/23/23c2994cc839c1003cfbd96328876764e91c45545787df2be52b649c6559e3a1-d # internal
mkdir -p $WORK/b119/
cat >/tmp/go-build2523599738/b119/importcfg << 'EOF' # internal
# import config
packagefile crypto/internal/boring=/tmp/go-build2523599738/b078/_pkg_.a
packagefile math/big=/tmp/go-build2523599738/b107/_pkg_.a
EOF
/usr/local/go/pkg/tool/linux_amd64/compile -o $WORK/b119/_pkg_.a -trimpath "$WORK/b119=>" -p crypto/internal/boring/bbig -lang=go1.26 -std -complete -buildid oHNjxz7dBU_aWKYXKUXV/oHNjxz7dBU_aWKYXKUXV -goversion go1.26.1 -nolocalimports -importcfg $WORK/b119/importcfg -pack /usr/local/go/src/crypto/internal/boring/bbig/big.go
go tool buildid -w $WORK/b119/_pkg_.a # internal
cp $WORK/b119/_pkg_.a /root/.cache/go-build/c4/c4d67df1369df26edcb2ccc6a6efe31c77b91f7a75ad8de982743ecdb166ad52-d # internal
mkdir -p $WORK/b121/
echo -n > $WORK/b121/go_asm.h # internal
cd /usr/local/go/src/crypto/internal/fips140/bigmod
/usr/local/go/pkg/tool/linux_amd64/asm -p crypto/internal/fips140/bigmod -trimpath "$WORK/b121=>" -I $WORK/b121/ -I /usr/local/go/pkg/include -D GOOS_linux -D GOARCH_amd64 -D GOAMD64_v1 -gensymabis -o $WORK/b121/symabis ./nat_amd64.s
cat >/tmp/go-build2523599738/b121/importcfg << 'EOF' # internal
# import config
packagefile crypto/internal/fips140/check=/tmp/go-build2523599738/b085/_pkg_.a
packagefile crypto/internal/fips140deps/byteorder=/tmp/go-build2523599738/b088/_pkg_.a
packagefile crypto/internal/fips140deps/cpu=/tmp/go-build2523599738/b089/_pkg_.a
packagefile crypto/internal/impl=/tmp/go-build2523599738/b090/_pkg_.a
packagefile errors=/tmp/go-build2523599738/b003/_pkg_.a
packagefile math/bits=/tmp/go-build2523599738/b023/_pkg_.a
EOF
cd /app
/usr/local/go/pkg/tool/linux_amd64/compile -o $WORK/b121/_pkg_.a -trimpath "$WORK/b121=>" -p crypto/internal/fips140/bigmod -lang=go1.26 -std -buildid 0a9xZxytCPgUBIKc82mO/0a9xZxytCPgUBIKc82mO -goversion go1.26.1 -symabis $WORK/b121/symabis -nolocalimports -importcfg $WORK/b121/importcfg -pack -asmhdr $WORK/b121/go_asm.h /usr/local/go/src/crypto/internal/fips140/bigmod/nat.go /usr/local/go/src/crypto/internal/fips140/bigmod/nat_asm.go
cd /usr/local/go/src/crypto/internal/fips140/bigmod
/usr/local/go/pkg/tool/linux_amd64/asm -p crypto/internal/fips140/bigmod -trimpath "$WORK/b121=>" -I $WORK/b121/ -I /usr/local/go/pkg/include -D GOOS_linux -D GOARCH_amd64 -D GOAMD64_v1 -o $WORK/b121/nat_amd64.o ./nat_amd64.s
go tool pack r $WORK/b121/_pkg_.a $WORK/b121/nat_amd64.o # internal
go tool buildid -w $WORK/b121/_pkg_.a # internal
cp $WORK/b121/_pkg_.a /root/.cache/go-build/cd/cdf47ae54d0d31f197abb068bf7e47439c2918d42fb15cc187fce917746bf545-d # internal
mkdir -p $WORK/b120/
cat >/tmp/go-build2523599738/b120/importcfg << 'EOF' # internal
# import config
packagefile bytes=/tmp/go-build2523599738/b067/_pkg_.a
packagefile crypto/internal/fips140=/tmp/go-build2523599738/b082/_pkg_.a
packagefile crypto/internal/fips140/bigmod=/tmp/go-build2523599738/b121/_pkg_.a
packagefile crypto/internal/fips140/check=/tmp/go-build2523599738/b085/_pkg_.a
packagefile crypto/internal/fips140/drbg=/tmp/go-build2523599738/b096/_pkg_.a
packagefile crypto/internal/fips140/hmac=/tmp/go-build2523599738/b086/_pkg_.a
packagefile crypto/internal/fips140/nistec=/tmp/go-build2523599738/b114/_pkg_.a
packagefile crypto/internal/fips140/sha512=/tmp/go-build2523599738/b094/_pkg_.a
packagefile errors=/tmp/go-build2523599738/b003/_pkg_.a
packagefile hash=/tmp/go-build2523599738/b074/_pkg_.a
packagefile io=/tmp/go-build2523599738/b049/_pkg_.a
packagefile sync=/tmp/go-build2523599738/b043/_pkg_.a
EOF
cd /app
/usr/local/go/pkg/tool/linux_amd64/compile -o $WORK/b120/_pkg_.a -trimpath "$WORK/b120=>" -p crypto/internal/fips140/ecdsa -lang=go1.26 -std -complete -buildid Q-BuPIfcA4z5pgaECudu/Q-BuPIfcA4z5pgaECudu -goversion go1.26.1 -nolocalimports -importcfg $WORK/b120/importcfg -pack /usr/local/go/src/crypto/internal/fips140/ecdsa/cast.go /usr/local/go/src/crypto/internal/fips140/ecdsa/ecdsa.go /usr/local/go/src/crypto/internal/fips140/ecdsa/ecdsa_noasm.go /usr/local/go/src/crypto/internal/fips140/ecdsa/hmacdrbg.go
go tool buildid -w $WORK/b120/_pkg_.a # internal
cp $WORK/b120/_pkg_.a /root/.cache/go-build/be/beda30cc489e41ddb365c269a3b0fc7bfd2988957d8b0baf4a8566a215806a61-d # internal
mkdir -p $WORK/b123/
cat >/tmp/go-build2523599738/b123/importcfg << 'EOF' # internal
# import config
packagefile internal/abi=/tmp/go-build2523599738/b005/_pkg_.a
packagefile runtime=/tmp/go-build2523599738/b009/_pkg_.a
EOF
/usr/local/go/pkg/tool/linux_amd64/compile -o $WORK/b123/_pkg_.a -trimpath "$WORK/b123=>" -p weak -lang=go1.26 -std -complete -buildid TrN2dN7sjl5zntAzguRD/TrN2dN7sjl5zntAzguRD -goversion go1.26.1 -nolocalimports -importcfg $WORK/b123/importcfg -pack /usr/local/go/src/weak/doc.go /usr/local/go/src/weak/pointer.go
go tool buildid -w $WORK/b123/_pkg_.a # internal
cp $WORK/b123/_pkg_.a /root/.cache/go-build/3f/3f3a3dfcc2ae8ceb085bef289cb61d305443058b5af1a14eb7dcc579062c6e17-d # internal
mkdir -p $WORK/b122/
cat >/tmp/go-build2523599738/b122/importcfg << 'EOF' # internal
# import config
packagefile runtime=/tmp/go-build2523599738/b009/_pkg_.a
packagefile sync=/tmp/go-build2523599738/b043/_pkg_.a
packagefile weak=/tmp/go-build2523599738/b123/_pkg_.a
EOF
/usr/local/go/pkg/tool/linux_amd64/compile -o $WORK/b122/_pkg_.a -trimpath "$WORK/b122=>" -p crypto/internal/fips140cache -lang=go1.26 -std -complete -buildid nfGknppq3n43njzwVllW/nfGknppq3n43njzwVllW -goversion go1.26.1 -nolocalimports -importcfg $WORK/b122/importcfg -pack /usr/local/go/src/crypto/internal/fips140cache/cache.go
go tool buildid -w $WORK/b122/_pkg_.a # internal
cp $WORK/b122/_pkg_.a /root/.cache/go-build/df/df77f5b9fdbc88ed0971b0d3a644aff7bc8051b7e87eb4053f0a55fca0f913ab-d # internal
mkdir -p $WORK/b125/
cat >/tmp/go-build2523599738/b125/importcfg << 'EOF' # internal
# import config
packagefile crypto=/tmp/go-build2523599738/b079/_pkg_.a
packagefile crypto/internal/fips140/sha3=/tmp/go-build2523599738/b091/_pkg_.a
packagefile hash=/tmp/go-build2523599738/b074/_pkg_.a
EOF
/usr/local/go/pkg/tool/linux_amd64/compile -o $WORK/b125/_pkg_.a -trimpath "$WORK/b125=>" -p crypto/sha3 -lang=go1.26 -std -complete -buildid XL79wGQUl6BI2T_S5-7m/XL79wGQUl6BI2T_S5-7m -goversion go1.26.1 -nolocalimports -importcfg $WORK/b125/importcfg -pack /usr/local/go/src/crypto/sha3/sha3.go
go tool buildid -w $WORK/b125/_pkg_.a # internal
cp $WORK/b125/_pkg_.a /root/.cache/go-build/61/614bbe52aa6054bb25a1160c21fa1d13f5c7b40b03c98eda2b7018affe2252f8-d # internal
mkdir -p $WORK/b124/
cat >/tmp/go-build2523599738/b124/importcfg << 'EOF' # internal
# import config
packagefile crypto/internal/fips140/sha3=/tmp/go-build2523599738/b091/_pkg_.a
packagefile crypto/sha3=/tmp/go-build2523599738/b125/_pkg_.a
packagefile hash=/tmp/go-build2523599738/b074/_pkg_.a
EOF
/usr/local/go/pkg/tool/linux_amd64/compile -o $WORK/b124/_pkg_.a -trimpath "$WORK/b124=>" -p crypto/internal/fips140hash -lang=go1.26 -std -complete -buildid qlNTvfUgmGNBMTlRYj2V/qlNTvfUgmGNBMTlRYj2V -goversion go1.26.1 -nolocalimports -importcfg $WORK/b124/importcfg -pack /usr/local/go/src/crypto/internal/fips140hash/hash.go
go tool buildid -w $WORK/b124/_pkg_.a # internal
cp $WORK/b124/_pkg_.a /root/.cache/go-build/7b/7bfa9c00e813ce6d5270525681ca223f03593d2778bf1365d8ee95866b975e63-d # internal
mkdir -p $WORK/b126/
cat >/tmp/go-build2523599738/b126/importcfg << 'EOF' # internal
# import config
packagefile crypto=/tmp/go-build2523599738/b079/_pkg_.a
packagefile crypto/internal/boring=/tmp/go-build2523599738/b078/_pkg_.a
packagefile crypto/internal/fips140/sha512=/tmp/go-build2523599738/b094/_pkg_.a
packagefile hash=/tmp/go-build2523599738/b074/_pkg_.a
EOF
/usr/local/go/pkg/tool/linux_amd64/compile -o $WORK/b126/_pkg_.a -trimpath "$WORK/b126=>" -p crypto/sha512 -lang=go1.26 -std -complete -buildid AQ9gFzaM_rVoWMK9tMyp/AQ9gFzaM_rVoWMK9tMyp -goversion go1.26.1 -nolocalimports -importcfg $WORK/b126/importcfg -pack /usr/local/go/src/crypto/sha512/sha512.go
go tool buildid -w $WORK/b126/_pkg_.a # internal
cp $WORK/b126/_pkg_.a /root/.cache/go-build/57/57b18b83218b91a61eec96cd6402476a3c549d1097b9c40803c1d03ddd10fd2f-d # internal
mkdir -p $WORK/b129/
cat >/tmp/go-build2523599738/b129/importcfg << 'EOF' # internal
# import config
packagefile io=/tmp/go-build2523599738/b049/_pkg_.a
EOF
/usr/local/go/pkg/tool/linux_amd64/compile -o $WORK/b129/_pkg_.a -trimpath "$WORK/b129=>" -p internal/saferio -lang=go1.26 -std -complete -buildid 7ogKIkvLVzIuffknJ2Qa/7ogKIkvLVzIuffknJ2Qa -goversion go1.26.1 -nolocalimports -importcfg $WORK/b129/importcfg -pack /usr/local/go/src/internal/saferio/io.go
go tool buildid -w $WORK/b129/_pkg_.a # internal
cp $WORK/b129/_pkg_.a /root/.cache/go-build/7b/7b5b6686842dbd762d8fd83c13205a163ca12fcb636f6f5da9f18d9476ad0f29-d # internal
mkdir -p $WORK/b130/
echo '# import config' > $WORK/b130/importcfg # internal
/usr/local/go/pkg/tool/linux_amd64/compile -o $WORK/b130/_pkg_.a -trimpath "$WORK/b130=>" -p unicode/utf16 -lang=go1.26 -std -complete -buildid h7eub94L4LC3rjw_LLAy/h7eub94L4LC3rjw_LLAy -goversion go1.26.1 -nolocalimports -importcfg $WORK/b130/importcfg -pack /usr/local/go/src/unicode/utf16/utf16.go
go tool buildid -w $WORK/b130/_pkg_.a # internal
cp $WORK/b130/_pkg_.a /root/.cache/go-build/f9/f9ba1bec2660a3dbaf12ae30f29fc0f7bbddf660c0d91e8af1e8f5b27a4ee845-d # internal
mkdir -p $WORK/b128/
cat >/tmp/go-build2523599738/b128/importcfg << 'EOF' # internal
# import config
packagefile bytes=/tmp/go-build2523599738/b067/_pkg_.a
packagefile errors=/tmp/go-build2523599738/b003/_pkg_.a
packagefile fmt=/tmp/go-build2523599738/b002/_pkg_.a
packagefile internal/saferio=/tmp/go-build2523599738/b129/_pkg_.a
packagefile math=/tmp/go-build2523599738/b040/_pkg_.a
packagefile math/big=/tmp/go-build2523599738/b107/_pkg_.a
packagefile reflect=/tmp/go-build2523599738/b038/_pkg_.a
packagefile slices=/tmp/go-build2523599738/b048/_pkg_.a
packagefile strconv=/tmp/go-build2523599738/b041/_pkg_.a
packagefile strings=/tmp/go-build2523599738/b068/_pkg_.a
packagefile time=/tmp/go-build2523599738/b055/_pkg_.a
packagefile unicode/utf16=/tmp/go-build2523599738/b130/_pkg_.a
packagefile unicode/utf8=/tmp/go-build2523599738/b042/_pkg_.a
EOF
/usr/local/go/pkg/tool/linux_amd64/compile -o $WORK/b128/_pkg_.a -trimpath "$WORK/b128=>" -p encoding/asn1 -lang=go1.26 -std -complete -buildid Ae1jt8Eoy_Y41zPCRR24/Ae1jt8Eoy_Y41zPCRR24 -goversion go1.26.1 -nolocalimports -importcfg $WORK/b128/importcfg -pack /usr/local/go/src/encoding/asn1/asn1.go /usr/local/go/src/encoding/asn1/common.go /usr/local/go/src/encoding/asn1/marshal.go
go tool buildid -w $WORK/b128/_pkg_.a # internal
cp $WORK/b128/_pkg_.a /root/.cache/go-build/d1/d1514545e334a25597df5bc517b66d163984c77ab261e47ccc7b6b0da2fdd966-d # internal
mkdir -p $WORK/b131/
echo '# import config' > $WORK/b131/importcfg # internal
/usr/local/go/pkg/tool/linux_amd64/compile -o $WORK/b131/_pkg_.a -trimpath "$WORK/b131=>" -p vendor/golang.org/x/crypto/cryptobyte/asn1 -lang=go1.26 -std -complete -buildid KUpbR-mkyP0rWm-sdPOY/KUpbR-mkyP0rWm-sdPOY -goversion go1.26.1 -nolocalimports -importcfg $WORK/b131/importcfg -pack /usr/local/go/src/vendor/golang.org/x/crypto/cryptobyte/asn1/asn1.go
go tool buildid -w $WORK/b131/_pkg_.a # internal
cp $WORK/b131/_pkg_.a /root/.cache/go-build/9d/9db89cccdb753aa030d06641e8f3edcc4a407c14b56a8ccec4c79248a763c8df-d # internal
mkdir -p $WORK/b127/
cat >/tmp/go-build2523599738/b127/importcfg << 'EOF' # internal
# import config
importmap golang.org/x/crypto/cryptobyte/asn1=vendor/golang.org/x/crypto/cryptobyte/asn1
packagefile encoding/asn1=/tmp/go-build2523599738/b128/_pkg_.a
packagefile errors=/tmp/go-build2523599738/b003/_pkg_.a
packagefile fmt=/tmp/go-build2523599738/b002/_pkg_.a
packagefile vendor/golang.org/x/crypto/cryptobyte/asn1=/tmp/go-build2523599738/b131/_pkg_.a
packagefile math/big=/tmp/go-build2523599738/b107/_pkg_.a
packagefile reflect=/tmp/go-build2523599738/b038/_pkg_.a
packagefile time=/tmp/go-build2523599738/b055/_pkg_.a
EOF
/usr/local/go/pkg/tool/linux_amd64/compile -o $WORK/b127/_pkg_.a -trimpath "$WORK/b127=>" -p vendor/golang.org/x/crypto/cryptobyte -lang=go1.26 -std -complete -buildid mb7tP3IzsFkEeKs3k6Yz/mb7tP3IzsFkEeKs3k6Yz -goversion go1.26.1 -nolocalimports -importcfg $WORK/b127/importcfg -pack /usr/local/go/src/vendor/golang.org/x/crypto/cryptobyte/asn1.go /usr/local/go/src/vendor/golang.org/x/crypto/cryptobyte/builder.go /usr/local/go/src/vendor/golang.org/x/crypto/cryptobyte/string.go
go tool buildid -w $WORK/b127/_pkg_.a # internal
cp $WORK/b127/_pkg_.a /root/.cache/go-build/4c/4c00f58c348e56d5955250b3b720d16c3866f5229a676fd43a831991a8aff80d-d # internal
mkdir -p $WORK/b117/
cat >/tmp/go-build2523599738/b117/importcfg << 'EOF' # internal
# import config
importmap golang.org/x/crypto/cryptobyte=vendor/golang.org/x/crypto/cryptobyte
importmap golang.org/x/crypto/cryptobyte/asn1=vendor/golang.org/x/crypto/cryptobyte/asn1
packagefile crypto=/tmp/go-build2523599738/b079/_pkg_.a
packagefile crypto/ecdh=/tmp/go-build2523599738/b112/_pkg_.a
packagefile crypto/elliptic=/tmp/go-build2523599738/b118/_pkg_.a
packagefile crypto/internal/boring=/tmp/go-build2523599738/b078/_pkg_.a
packagefile crypto/internal/boring/bbig=/tmp/go-build2523599738/b119/_pkg_.a
packagefile crypto/internal/fips140/ecdsa=/tmp/go-build2523599738/b120/_pkg_.a
packagefile crypto/internal/fips140/nistec=/tmp/go-build2523599738/b114/_pkg_.a
packagefile crypto/internal/fips140cache=/tmp/go-build2523599738/b122/_pkg_.a
packagefile crypto/internal/fips140hash=/tmp/go-build2523599738/b124/_pkg_.a
packagefile crypto/internal/fips140only=/tmp/go-build2523599738/b100/_pkg_.a
packagefile crypto/internal/rand=/tmp/go-build2523599738/b104/_pkg_.a
packagefile crypto/sha512=/tmp/go-build2523599738/b126/_pkg_.a
packagefile crypto/subtle=/tmp/go-build2523599738/b102/_pkg_.a
packagefile errors=/tmp/go-build2523599738/b003/_pkg_.a
packagefile vendor/golang.org/x/crypto/cryptobyte=/tmp/go-build2523599738/b127/_pkg_.a
packagefile vendor/golang.org/x/crypto/cryptobyte/asn1=/tmp/go-build2523599738/b131/_pkg_.a
packagefile io=/tmp/go-build2523599738/b049/_pkg_.a
packagefile math/big=/tmp/go-build2523599738/b107/_pkg_.a
packagefile math/rand/v2=/tmp/go-build2523599738/b106/_pkg_.a
EOF
/usr/local/go/pkg/tool/linux_amd64/compile -o $WORK/b117/_pkg_.a -trimpath "$WORK/b117=>" -p crypto/ecdsa -lang=go1.26 -std -complete -buildid 5N9DHb-RfNV4DSkyazw6/5N9DHb-RfNV4DSkyazw6 -goversion go1.26.1 -nolocalimports -importcfg $WORK/b117/importcfg -pack /usr/local/go/src/crypto/ecdsa/ecdsa.go /usr/local/go/src/crypto/ecdsa/ecdsa_legacy.go /usr/local/go/src/crypto/ecdsa/notboring.go
go tool buildid -w $WORK/b117/_pkg_.a # internal
cp $WORK/b117/_pkg_.a /root/.cache/go-build/2a/2a91ca358c07dcc4fb10af012256f69ce2d9d8924dfa46d10648f3ecbb7936df-d # internal
mkdir -p $WORK/b134/
cat >/tmp/go-build2523599738/b134/importcfg << 'EOF' # internal
# import config
packagefile crypto/internal/constanttime=/tmp/go-build2523599738/b093/_pkg_.a
packagefile crypto/internal/fips140/check=/tmp/go-build2523599738/b085/_pkg_.a
packagefile crypto/internal/fips140/edwards25519/field=/tmp/go-build2523599738/b116/_pkg_.a
packagefile crypto/internal/fips140deps/byteorder=/tmp/go-build2523599738/b088/_pkg_.a
packagefile errors=/tmp/go-build2523599738/b003/_pkg_.a
packagefile math/bits=/tmp/go-build2523599738/b023/_pkg_.a
packagefile sync=/tmp/go-build2523599738/b043/_pkg_.a
EOF
/usr/local/go/pkg/tool/linux_amd64/compile -o $WORK/b134/_pkg_.a -trimpath "$WORK/b134=>" -p crypto/internal/fips140/edwards25519 -lang=go1.26 -std -complete -buildid pcNRIGZI5wf8TfbMQjdK/pcNRIGZI5wf8TfbMQjdK -goversion go1.26.1 -nolocalimports -importcfg $WORK/b134/importcfg -pack /usr/local/go/src/crypto/internal/fips140/edwards25519/doc.go /usr/local/go/src/crypto/internal/fips140/edwards25519/edwards25519.go /usr/local/go/src/crypto/internal/fips140/edwards25519/scalar.go /usr/local/go/src/crypto/internal/fips140/edwards25519/scalar_fiat.go /usr/local/go/src/crypto/internal/fips140/edwards25519/scalarmult.go /usr/local/go/src/crypto/internal/fips140/edwards25519/tables.go
go tool buildid -w $WORK/b134/_pkg_.a # internal
cp $WORK/b134/_pkg_.a /root/.cache/go-build/28/28fec0c3a6642a7142fd411ab074dba001197ef8068eebc1b14c9bb1b4d4bda1-d # internal
mkdir -p $WORK/b133/
cat >/tmp/go-build2523599738/b133/importcfg << 'EOF' # internal
# import config
packagefile bytes=/tmp/go-build2523599738/b067/_pkg_.a
packagefile crypto/internal/fips140=/tmp/go-build2523599738/b082/_pkg_.a
packagefile crypto/internal/fips140/check=/tmp/go-build2523599738/b085/_pkg_.a
packagefile crypto/internal/fips140/drbg=/tmp/go-build2523599738/b096/_pkg_.a
packagefile crypto/internal/fips140/edwards25519=/tmp/go-build2523599738/b134/_pkg_.a
packagefile crypto/internal/fips140/sha512=/tmp/go-build2523599738/b094/_pkg_.a
packagefile errors=/tmp/go-build2523599738/b003/_pkg_.a
packagefile strconv=/tmp/go-build2523599738/b041/_pkg_.a
packagefile sync=/tmp/go-build2523599738/b043/_pkg_.a
EOF
/usr/local/go/pkg/tool/linux_amd64/compile -o $WORK/b133/_pkg_.a -trimpath "$WORK/b133=>" -p crypto/internal/fips140/ed25519 -lang=go1.26 -std -complete -buildid 7jggrDvQqzmOzIGoe3ru/7jggrDvQqzmOzIGoe3ru -goversion go1.26.1 -nolocalimports -importcfg $WORK/b133/importcfg -pack /usr/local/go/src/crypto/internal/fips140/ed25519/cast.go /usr/local/go/src/crypto/internal/fips140/ed25519/ed25519.go
go tool buildid -w $WORK/b133/_pkg_.a # internal
cp $WORK/b133/_pkg_.a /root/.cache/go-build/5d/5d4e7fc014f5a8e490aac4840c3cefd8d63f92ed2831c14c8e3e9693180a259b-d # internal
mkdir -p $WORK/b132/
cat >/tmp/go-build2523599738/b132/importcfg << 'EOF' # internal
# import config
packagefile crypto=/tmp/go-build2523599738/b079/_pkg_.a
packagefile crypto/internal/fips140/ed25519=/tmp/go-build2523599738/b133/_pkg_.a
packagefile crypto/internal/fips140cache=/tmp/go-build2523599738/b122/_pkg_.a
packagefile crypto/internal/fips140only=/tmp/go-build2523599738/b100/_pkg_.a
packagefile crypto/internal/rand=/tmp/go-build2523599738/b104/_pkg_.a
packagefile crypto/rand=/tmp/go-build2523599738/b077/_pkg_.a
packagefile crypto/subtle=/tmp/go-build2523599738/b102/_pkg_.a
packagefile errors=/tmp/go-build2523599738/b003/_pkg_.a
packagefile internal/godebug=/tmp/go-build2523599738/b056/_pkg_.a
packagefile io=/tmp/go-build2523599738/b049/_pkg_.a
packagefile strconv=/tmp/go-build2523599738/b041/_pkg_.a
EOF
/usr/local/go/pkg/tool/linux_amd64/compile -o $WORK/b132/_pkg_.a -trimpath "$WORK/b132=>" -p crypto/ed25519 -lang=go1.26 -std -complete -buildid HIDdkP8Loq_2uKPkc9mT/HIDdkP8Loq_2uKPkc9mT -goversion go1.26.1 -nolocalimports -importcfg $WORK/b132/importcfg -pack /usr/local/go/src/crypto/ed25519/ed25519.go
go tool buildid -w $WORK/b132/_pkg_.a # internal
cp $WORK/b132/_pkg_.a /root/.cache/go-build/26/26d60a7c60ba7f9cf3ce41907512f4b02e705f65cf48effbbada28ec81181aab-d # internal
mkdir -p $WORK/b136/
cat >/tmp/go-build2523599738/b136/importcfg << 'EOF' # internal
# import config
packagefile bytes=/tmp/go-build2523599738/b067/_pkg_.a
packagefile crypto/internal/fips140=/tmp/go-build2523599738/b082/_pkg_.a
packagefile crypto/internal/fips140/check=/tmp/go-build2523599738/b085/_pkg_.a
packagefile crypto/internal/fips140/hmac=/tmp/go-build2523599738/b086/_pkg_.a
packagefile crypto/internal/fips140/sha256=/tmp/go-build2523599738/b087/_pkg_.a
packagefile errors=/tmp/go-build2523599738/b003/_pkg_.a
packagefile hash=/tmp/go-build2523599738/b074/_pkg_.a
EOF
/usr/local/go/pkg/tool/linux_amd64/compile -o $WORK/b136/_pkg_.a -trimpath "$WORK/b136=>" -p crypto/internal/fips140/hkdf -lang=go1.26 -std -complete -buildid 6MG358kYeHsL6ufa7IH2/6MG358kYeHsL6ufa7IH2 -goversion go1.26.1 -nolocalimports -importcfg $WORK/b136/importcfg -pack /usr/local/go/src/crypto/internal/fips140/hkdf/cast.go /usr/local/go/src/crypto/internal/fips140/hkdf/hkdf.go
go tool buildid -w $WORK/b136/_pkg_.a # internal
cp $WORK/b136/_pkg_.a /root/.cache/go-build/3d/3d98b6ebe246f5ba63406aae6ef0fec9231bc73403082b7555614a72e71b7043-d # internal
mkdir -p $WORK/b135/
cat >/tmp/go-build2523599738/b135/importcfg << 'EOF' # internal
# import config
packagefile crypto/internal/fips140/hkdf=/tmp/go-build2523599738/b136/_pkg_.a
packagefile crypto/internal/fips140hash=/tmp/go-build2523599738/b124/_pkg_.a
packagefile crypto/internal/fips140only=/tmp/go-build2523599738/b100/_pkg_.a
packagefile errors=/tmp/go-build2523599738/b003/_pkg_.a
packagefile hash=/tmp/go-build2523599738/b074/_pkg_.a
EOF
/usr/local/go/pkg/tool/linux_amd64/compile -o $WORK/b135/_pkg_.a -trimpath "$WORK/b135=>" -p crypto/hkdf -lang=go1.26 -std -complete -buildid dLCHBZzjr0-brZ3O30xS/dLCHBZzjr0-brZ3O30xS -goversion go1.26.1 -nolocalimports -importcfg $WORK/b135/importcfg -pack /usr/local/go/src/crypto/hkdf/hkdf.go
go tool buildid -w $WORK/b135/_pkg_.a # internal
cp $WORK/b135/_pkg_.a /root/.cache/go-build/81/8158e46f416595b43d8a5f8cfcec592822c5081938245e15b82d70d362de1399-d # internal
mkdir -p $WORK/b137/
cat >/tmp/go-build2523599738/b137/importcfg << 'EOF' # internal
# import config
packagefile crypto/internal/boring=/tmp/go-build2523599738/b078/_pkg_.a
packagefile crypto/internal/fips140/hmac=/tmp/go-build2523599738/b086/_pkg_.a
packagefile crypto/internal/fips140hash=/tmp/go-build2523599738/b124/_pkg_.a
packagefile crypto/internal/fips140only=/tmp/go-build2523599738/b100/_pkg_.a
packagefile crypto/subtle=/tmp/go-build2523599738/b102/_pkg_.a
packagefile hash=/tmp/go-build2523599738/b074/_pkg_.a
EOF
/usr/local/go/pkg/tool/linux_amd64/compile -o $WORK/b137/_pkg_.a -trimpath "$WORK/b137=>" -p crypto/hmac -lang=go1.26 -std -complete -buildid N4hVucBazR-hYFGAnDQQ/N4hVucBazR-hYFGAnDQQ -goversion go1.26.1 -nolocalimports -importcfg $WORK/b137/importcfg -pack /usr/local/go/src/crypto/hmac/hmac.go
go tool buildid -w $WORK/b137/_pkg_.a # internal
cp $WORK/b137/_pkg_.a /root/.cache/go-build/8f/8f048ffabca40a54f3c07d34fc5c6b23a72dba951384c1c44f9c5480551f0227-d # internal
mkdir -p $WORK/b140/
cat >/tmp/go-build2523599738/b140/importcfg << 'EOF' # internal
# import config
packagefile bytes=/tmp/go-build2523599738/b067/_pkg_.a
packagefile crypto/internal/fips140=/tmp/go-build2523599738/b082/_pkg_.a
packagefile crypto/internal/fips140/check=/tmp/go-build2523599738/b085/_pkg_.a
packagefile crypto/internal/fips140/drbg=/tmp/go-build2523599738/b096/_pkg_.a
packagefile crypto/internal/fips140/sha3=/tmp/go-build2523599738/b091/_pkg_.a
packagefile crypto/internal/fips140/subtle=/tmp/go-build2523599738/b092/_pkg_.a
packagefile crypto/internal/fips140deps/byteorder=/tmp/go-build2523599738/b088/_pkg_.a
packagefile errors=/tmp/go-build2523599738/b003/_pkg_.a
packagefile sync=/tmp/go-build2523599738/b043/_pkg_.a
EOF
/usr/local/go/pkg/tool/linux_amd64/compile -o $WORK/b140/_pkg_.a -trimpath "$WORK/b140=>" -p crypto/internal/fips140/mlkem -lang=go1.26 -std -complete -buildid h4Nsz0v2oP9gsGzMrNHD/h4Nsz0v2oP9gsGzMrNHD -goversion go1.26.1 -nolocalimports -importcfg $WORK/b140/importcfg -pack /usr/local/go/src/crypto/internal/fips140/mlkem/cast.go /usr/local/go/src/crypto/internal/fips140/mlkem/field.go /usr/local/go/src/crypto/internal/fips140/mlkem/mlkem1024.go /usr/local/go/src/crypto/internal/fips140/mlkem/mlkem768.go
go tool buildid -w $WORK/b140/_pkg_.a # internal
cp $WORK/b140/_pkg_.a /root/.cache/go-build/d3/d3074525dca583c5439d1328f6a38fa42fe1a6c2f738a530a4567a003fb78ef7-d # internal
mkdir -p $WORK/b139/
cat >/tmp/go-build2523599738/b139/importcfg << 'EOF' # internal
# import config
packagefile crypto=/tmp/go-build2523599738/b079/_pkg_.a
packagefile crypto/internal/fips140/mlkem=/tmp/go-build2523599738/b140/_pkg_.a
EOF
/usr/local/go/pkg/tool/linux_amd64/compile -o $WORK/b139/_pkg_.a -trimpath "$WORK/b139=>" -p crypto/mlkem -lang=go1.26 -std -complete -buildid jLf6Ugp8TJAJE4wYY-bk/jLf6Ugp8TJAJE4wYY-bk -goversion go1.26.1 -nolocalimports -importcfg $WORK/b139/importcfg -pack /usr/local/go/src/crypto/mlkem/mlkem.go
go tool buildid -w $WORK/b139/_pkg_.a # internal
cp $WORK/b139/_pkg_.a /root/.cache/go-build/3c/3c29d956f7cb727b83fa70c20abf8c91fcdf69c33737b430cee2292bce4dbbe5-d # internal
mkdir -p $WORK/b141/
cat >/tmp/go-build2523599738/b141/importcfg << 'EOF' # internal
# import config
packagefile crypto=/tmp/go-build2523599738/b079/_pkg_.a
packagefile crypto/internal/boring=/tmp/go-build2523599738/b078/_pkg_.a
packagefile crypto/internal/fips140/sha256=/tmp/go-build2523599738/b087/_pkg_.a
packagefile hash=/tmp/go-build2523599738/b074/_pkg_.a
EOF
/usr/local/go/pkg/tool/linux_amd64/compile -o $WORK/b141/_pkg_.a -trimpath "$WORK/b141=>" -p crypto/sha256 -lang=go1.26 -std -complete -buildid liLXQaUbVBChdNBc83Vv/liLXQaUbVBChdNBc83Vv -goversion go1.26.1 -nolocalimports -importcfg $WORK/b141/importcfg -pack /usr/local/go/src/crypto/sha256/sha256.go
go tool buildid -w $WORK/b141/_pkg_.a # internal
cp $WORK/b141/_pkg_.a /root/.cache/go-build/38/387f2b41559080856635e88d47d7d82f711e3de926282580750488fd0128f308-d # internal
mkdir -p $WORK/b144/
echo '# import config' > $WORK/b144/importcfg # internal
/usr/local/go/pkg/tool/linux_amd64/compile -o $WORK/b144/_pkg_.a -trimpath "$WORK/b144=>" -p vendor/golang.org/x/crypto/internal/alias -lang=go1.26 -std -complete -buildid Vxn8veOKMJPfaOSXPrSR/Vxn8veOKMJPfaOSXPrSR -goversion go1.26.1 -nolocalimports -importcfg $WORK/b144/importcfg -pack /usr/local/go/src/vendor/golang.org/x/crypto/internal/alias/alias.go
go tool buildid -w $WORK/b144/_pkg_.a # internal
cp $WORK/b144/_pkg_.a /root/.cache/go-build/43/43a8804d91a07ea8f60a0d9cf1301b08aa6146d05891ca5fd89f3d26e31316bc-d # internal
mkdir -p $WORK/b143/
cat >/tmp/go-build2523599738/b143/importcfg << 'EOF' # internal
# import config
importmap golang.org/x/crypto/internal/alias=vendor/golang.org/x/crypto/internal/alias
packagefile crypto/cipher=/tmp/go-build2523599738/b080/_pkg_.a
packagefile encoding/binary=/tmp/go-build2523599738/b072/_pkg_.a
packagefile errors=/tmp/go-build2523599738/b003/_pkg_.a
packagefile vendor/golang.org/x/crypto/internal/alias=/tmp/go-build2523599738/b144/_pkg_.a
packagefile math/bits=/tmp/go-build2523599738/b023/_pkg_.a
packagefile runtime=/tmp/go-build2523599738/b009/_pkg_.a
EOF
/usr/local/go/pkg/tool/linux_amd64/compile -o $WORK/b143/_pkg_.a -trimpath "$WORK/b143=>" -p vendor/golang.org/x/crypto/chacha20 -lang=go1.26 -std -complete -buildid XzRfSlUmCTPoSYBI_ty6/XzRfSlUmCTPoSYBI_ty6 -goversion go1.26.1 -nolocalimports -importcfg $WORK/b143/importcfg -pack /usr/local/go/src/vendor/golang.org/x/crypto/chacha20/chacha_generic.go /usr/local/go/src/vendor/golang.org/x/crypto/chacha20/chacha_noasm.go /usr/local/go/src/vendor/golang.org/x/crypto/chacha20/xor.go
go tool buildid -w $WORK/b143/_pkg_.a # internal
cp $WORK/b143/_pkg_.a /root/.cache/go-build/10/1001cf4e76e73d5dc98ac0d506d8e4cddc7aedf7b1b53d763bb47763774b32c9-d # internal
mkdir -p $WORK/b145/
echo -n > $WORK/b145/go_asm.h # internal
cd /usr/local/go/src/vendor/golang.org/x/crypto/internal/poly1305
/usr/local/go/pkg/tool/linux_amd64/asm -p vendor/golang.org/x/crypto/internal/poly1305 -trimpath "$WORK/b145=>" -I $WORK/b145/ -I /usr/local/go/pkg/include -D GOOS_linux -D GOARCH_amd64 -D GOAMD64_v1 -gensymabis -o $WORK/b145/symabis ./sum_amd64.s
cat >/tmp/go-build2523599738/b145/importcfg << 'EOF' # internal
# import config
packagefile crypto/subtle=/tmp/go-build2523599738/b102/_pkg_.a
packagefile encoding/binary=/tmp/go-build2523599738/b072/_pkg_.a
packagefile math/bits=/tmp/go-build2523599738/b023/_pkg_.a
EOF
cd /app
/usr/local/go/pkg/tool/linux_amd64/compile -o $WORK/b145/_pkg_.a -trimpath "$WORK/b145=>" -p vendor/golang.org/x/crypto/internal/poly1305 -lang=go1.26 -std -buildid 7QRiP4UiRJNwFMZVKChE/7QRiP4UiRJNwFMZVKChE -goversion go1.26.1 -symabis $WORK/b145/symabis -nolocalimports -importcfg $WORK/b145/importcfg -pack -asmhdr $WORK/b145/go_asm.h /usr/local/go/src/vendor/golang.org/x/crypto/internal/poly1305/poly1305.go /usr/local/go/src/vendor/golang.org/x/crypto/internal/poly1305/sum_asm.go /usr/local/go/src/vendor/golang.org/x/crypto/internal/poly1305/sum_generic.go
cd /usr/local/go/src/vendor/golang.org/x/crypto/internal/poly1305
/usr/local/go/pkg/tool/linux_amd64/asm -p vendor/golang.org/x/crypto/internal/poly1305 -trimpath "$WORK/b145=>" -I $WORK/b145/ -I /usr/local/go/pkg/include -D GOOS_linux -D GOARCH_amd64 -D GOAMD64_v1 -o $WORK/b145/sum_amd64.o ./sum_amd64.s
go tool pack r $WORK/b145/_pkg_.a $WORK/b145/sum_amd64.o # internal
go tool buildid -w $WORK/b145/_pkg_.a # internal
cp $WORK/b145/_pkg_.a /root/.cache/go-build/55/551709957246cd1b0790b6f6d73fb3362e6bf9fe8f2a8a485d8f5095c1edc8db-d # internal
mkdir -p $WORK/b146/
echo -n > $WORK/b146/go_asm.h # internal
cd /usr/local/go/src/vendor/golang.org/x/sys/cpu
/usr/local/go/pkg/tool/linux_amd64/asm -p vendor/golang.org/x/sys/cpu -trimpath "$WORK/b146=>" -I $WORK/b146/ -I /usr/local/go/pkg/include -D GOOS_linux -D GOARCH_amd64 -D GOAMD64_v1 -gensymabis -o $WORK/b146/symabis ./cpu_gc_x86.s
cat >/tmp/go-build2523599738/b146/importcfg << 'EOF' # internal
# import config
packagefile os=/tmp/go-build2523599738/b050/_pkg_.a
packagefile runtime=/tmp/go-build2523599738/b009/_pkg_.a
packagefile strconv=/tmp/go-build2523599738/b041/_pkg_.a
packagefile strings=/tmp/go-build2523599738/b068/_pkg_.a
EOF
cd /app
/usr/local/go/pkg/tool/linux_amd64/compile -o $WORK/b146/_pkg_.a -trimpath "$WORK/b146=>" -p vendor/golang.org/x/sys/cpu -lang=go1.26 -std -buildid Gj0zubBvvz5Xu9SMBPEW/Gj0zubBvvz5Xu9SMBPEW -goversion go1.26.1 -symabis $WORK/b146/symabis -nolocalimports -importcfg $WORK/b146/importcfg -pack -asmhdr $WORK/b146/go_asm.h /usr/local/go/src/vendor/golang.org/x/sys/cpu/byteorder.go /usr/local/go/src/vendor/golang.org/x/sys/cpu/cpu.go /usr/local/go/src/vendor/golang.org/x/sys/cpu/cpu_gc_x86.go /usr/local/go/src/vendor/golang.org/x/sys/cpu/cpu_linux_noinit.go /usr/local/go/src/vendor/golang.org/x/sys/cpu/cpu_other_x86.go /usr/local/go/src/vendor/golang.org/x/sys/cpu/cpu_x86.go /usr/local/go/src/vendor/golang.org/x/sys/cpu/endian_little.go /usr/local/go/src/vendor/golang.org/x/sys/cpu/hwcap_linux.go /usr/local/go/src/vendor/golang.org/x/sys/cpu/parse.go /usr/local/go/src/vendor/golang.org/x/sys/cpu/runtime_auxv.go /usr/local/go/src/vendor/golang.org/x/sys/cpu/runtime_auxv_go121.go
cd /usr/local/go/src/vendor/golang.org/x/sys/cpu
/usr/local/go/pkg/tool/linux_amd64/asm -p vendor/golang.org/x/sys/cpu -trimpath "$WORK/b146=>" -I $WORK/b146/ -I /usr/local/go/pkg/include -D GOOS_linux -D GOARCH_amd64 -D GOAMD64_v1 -o $WORK/b146/cpu_gc_x86.o ./cpu_gc_x86.s
go tool pack r $WORK/b146/_pkg_.a $WORK/b146/cpu_gc_x86.o # internal
go tool buildid -w $WORK/b146/_pkg_.a # internal
cp $WORK/b146/_pkg_.a /root/.cache/go-build/f7/f7c224c73572f45b35a33721a084834d3aa30f2c2a90a8e32de2329c35784cf3-d # internal
mkdir -p $WORK/b142/
echo -n > $WORK/b142/go_asm.h # internal
cd /usr/local/go/src/vendor/golang.org/x/crypto/chacha20poly1305
/usr/local/go/pkg/tool/linux_amd64/asm -p vendor/golang.org/x/crypto/chacha20poly1305 -trimpath "$WORK/b142=>" -I $WORK/b142/ -I /usr/local/go/pkg/include -D GOOS_linux -D GOARCH_amd64 -D GOAMD64_v1 -gensymabis -o $WORK/b142/symabis ./chacha20poly1305_amd64.s
cat >/tmp/go-build2523599738/b142/importcfg << 'EOF' # internal
# import config
importmap golang.org/x/crypto/chacha20=vendor/golang.org/x/crypto/chacha20
importmap golang.org/x/crypto/internal/alias=vendor/golang.org/x/crypto/internal/alias
importmap golang.org/x/crypto/internal/poly1305=vendor/golang.org/x/crypto/internal/poly1305
importmap golang.org/x/sys/cpu=vendor/golang.org/x/sys/cpu
packagefile crypto/cipher=/tmp/go-build2523599738/b080/_pkg_.a
packagefile crypto/fips140=/tmp/go-build2523599738/b101/_pkg_.a
packagefile encoding/binary=/tmp/go-build2523599738/b072/_pkg_.a
packagefile errors=/tmp/go-build2523599738/b003/_pkg_.a
packagefile vendor/golang.org/x/crypto/chacha20=/tmp/go-build2523599738/b143/_pkg_.a
packagefile vendor/golang.org/x/crypto/internal/alias=/tmp/go-build2523599738/b144/_pkg_.a
packagefile vendor/golang.org/x/crypto/internal/poly1305=/tmp/go-build2523599738/b145/_pkg_.a
packagefile vendor/golang.org/x/sys/cpu=/tmp/go-build2523599738/b146/_pkg_.a
EOF
cd /app
/usr/local/go/pkg/tool/linux_amd64/compile -o $WORK/b142/_pkg_.a -trimpath "$WORK/b142=>" -p vendor/golang.org/x/crypto/chacha20poly1305 -lang=go1.26 -std -buildid wSyK_q_gJz5xemuR-8fx/wSyK_q_gJz5xemuR-8fx -goversion go1.26.1 -symabis $WORK/b142/symabis -nolocalimports -importcfg $WORK/b142/importcfg -pack -asmhdr $WORK/b142/go_asm.h /usr/local/go/src/vendor/golang.org/x/crypto/chacha20poly1305/chacha20poly1305.go /usr/local/go/src/vendor/golang.org/x/crypto/chacha20poly1305/chacha20poly1305_amd64.go /usr/local/go/src/vendor/golang.org/x/crypto/chacha20poly1305/chacha20poly1305_generic.go /usr/local/go/src/vendor/golang.org/x/crypto/chacha20poly1305/fips140only_go1.26.go /usr/local/go/src/vendor/golang.org/x/crypto/chacha20poly1305/xchacha20poly1305.go
cd /usr/local/go/src/vendor/golang.org/x/crypto/chacha20poly1305
/usr/local/go/pkg/tool/linux_amd64/asm -p vendor/golang.org/x/crypto/chacha20poly1305 -trimpath "$WORK/b142=>" -I $WORK/b142/ -I /usr/local/go/pkg/include -D GOOS_linux -D GOARCH_amd64 -D GOAMD64_v1 -o $WORK/b142/chacha20poly1305_amd64.o ./chacha20poly1305_amd64.s
go tool pack r $WORK/b142/_pkg_.a $WORK/b142/chacha20poly1305_amd64.o # internal
go tool buildid -w $WORK/b142/_pkg_.a # internal
cp $WORK/b142/_pkg_.a /root/.cache/go-build/f3/f394f209f4fc525627274b7747b04b901cddd513cd2b4d9197c8fee32c42fe51-d # internal
mkdir -p $WORK/b138/
cat >/tmp/go-build2523599738/b138/importcfg << 'EOF' # internal
# import config
importmap golang.org/x/crypto/chacha20poly1305=vendor/golang.org/x/crypto/chacha20poly1305
packagefile bytes=/tmp/go-build2523599738/b067/_pkg_.a
packagefile crypto=/tmp/go-build2523599738/b079/_pkg_.a
packagefile crypto/cipher=/tmp/go-build2523599738/b080/_pkg_.a
packagefile crypto/ecdh=/tmp/go-build2523599738/b112/_pkg_.a
packagefile crypto/fips140=/tmp/go-build2523599738/b101/_pkg_.a
packagefile crypto/hkdf=/tmp/go-build2523599738/b135/_pkg_.a
packagefile crypto/internal/fips140/aes=/tmp/go-build2523599738/b081/_pkg_.a
packagefile crypto/internal/fips140/aes/gcm=/tmp/go-build2523599738/b095/_pkg_.a
packagefile crypto/internal/fips140/drbg=/tmp/go-build2523599738/b096/_pkg_.a
packagefile crypto/internal/rand=/tmp/go-build2523599738/b104/_pkg_.a
packagefile crypto/mlkem=/tmp/go-build2523599738/b139/_pkg_.a
packagefile crypto/sha256=/tmp/go-build2523599738/b141/_pkg_.a
packagefile crypto/sha3=/tmp/go-build2523599738/b125/_pkg_.a
packagefile crypto/sha512=/tmp/go-build2523599738/b126/_pkg_.a
packagefile errors=/tmp/go-build2523599738/b003/_pkg_.a
packagefile fmt=/tmp/go-build2523599738/b002/_pkg_.a
packagefile vendor/golang.org/x/crypto/chacha20poly1305=/tmp/go-build2523599738/b142/_pkg_.a
packagefile hash=/tmp/go-build2523599738/b074/_pkg_.a
packagefile internal/byteorder=/tmp/go-build2523599738/b012/_pkg_.a
packagefile slices=/tmp/go-build2523599738/b048/_pkg_.a
EOF
cd /app
/usr/local/go/pkg/tool/linux_amd64/compile -o $WORK/b138/_pkg_.a -trimpath "$WORK/b138=>" -p crypto/hpke -lang=go1.26 -std -complete -buildid zPlxBLQlehZ2H7NTRiuR/zPlxBLQlehZ2H7NTRiuR -goversion go1.26.1 -nolocalimports -importcfg $WORK/b138/importcfg -pack /usr/local/go/src/crypto/hpke/aead.go /usr/local/go/src/crypto/hpke/aead_fips140v1.26.go /usr/local/go/src/crypto/hpke/hpke.go /usr/local/go/src/crypto/hpke/kdf.go /usr/local/go/src/crypto/hpke/kem.go /usr/local/go/src/crypto/hpke/pq.go
go tool buildid -w $WORK/b138/_pkg_.a # internal
cp $WORK/b138/_pkg_.a /root/.cache/go-build/3a/3aaf09cd02391a7af1337b442413ec3871eda1a2da8e573378bca5a0e865d243-d # internal
mkdir -p $WORK/b147/
cat >/tmp/go-build2523599738/b147/importcfg << 'EOF' # internal
# import config
packagefile bytes=/tmp/go-build2523599738/b067/_pkg_.a
packagefile crypto/internal/fips140=/tmp/go-build2523599738/b082/_pkg_.a
packagefile crypto/internal/fips140/check=/tmp/go-build2523599738/b085/_pkg_.a
packagefile crypto/internal/fips140/hmac=/tmp/go-build2523599738/b086/_pkg_.a
packagefile crypto/internal/fips140/sha256=/tmp/go-build2523599738/b087/_pkg_.a
packagefile crypto/internal/fips140/sha512=/tmp/go-build2523599738/b094/_pkg_.a
packagefile errors=/tmp/go-build2523599738/b003/_pkg_.a
packagefile hash=/tmp/go-build2523599738/b074/_pkg_.a
EOF
/usr/local/go/pkg/tool/linux_amd64/compile -o $WORK/b147/_pkg_.a -trimpath "$WORK/b147=>" -p crypto/internal/fips140/tls12 -lang=go1.26 -std -complete -buildid 6iSh9xZFcfZbnAFQgp9u/6iSh9xZFcfZbnAFQgp9u -goversion go1.26.1 -nolocalimports -importcfg $WORK/b147/importcfg -pack /usr/local/go/src/crypto/internal/fips140/tls12/cast.go /usr/local/go/src/crypto/internal/fips140/tls12/tls12.go
go tool buildid -w $WORK/b147/_pkg_.a # internal
cp $WORK/b147/_pkg_.a /root/.cache/go-build/d7/d75656f7f66e64abdaf662c99543a0bdf5a181e7a1c01a1076f4793096bb8542-d # internal
mkdir -p $WORK/b148/
cat >/tmp/go-build2523599738/b148/importcfg << 'EOF' # internal
# import config
packagefile bytes=/tmp/go-build2523599738/b067/_pkg_.a
packagefile crypto/internal/fips140=/tmp/go-build2523599738/b082/_pkg_.a
packagefile crypto/internal/fips140/check=/tmp/go-build2523599738/b085/_pkg_.a
packagefile crypto/internal/fips140/hkdf=/tmp/go-build2523599738/b136/_pkg_.a
packagefile crypto/internal/fips140/sha256=/tmp/go-build2523599738/b087/_pkg_.a
packagefile crypto/internal/fips140deps/byteorder=/tmp/go-build2523599738/b088/_pkg_.a
packagefile errors=/tmp/go-build2523599738/b003/_pkg_.a
packagefile hash=/tmp/go-build2523599738/b074/_pkg_.a
EOF
/usr/local/go/pkg/tool/linux_amd64/compile -o $WORK/b148/_pkg_.a -trimpath "$WORK/b148=>" -p crypto/internal/fips140/tls13 -lang=go1.26 -std -complete -buildid 5JPik62xOHnirXIts5ko/5JPik62xOHnirXIts5ko -goversion go1.26.1 -nolocalimports -importcfg $WORK/b148/importcfg -pack /usr/local/go/src/crypto/internal/fips140/tls13/cast.go /usr/local/go/src/crypto/internal/fips140/tls13/tls13.go
go tool buildid -w $WORK/b148/_pkg_.a # internal
cp $WORK/b148/_pkg_.a /root/.cache/go-build/a1/a19550a3d2668a168f5cf3ae96f736d7f9d23ca1431ea9a0e4b6982f214d96da-d # internal
mkdir -p $WORK/b149/
echo -n > $WORK/b149/go_asm.h # internal
cd /usr/local/go/src/crypto/md5
/usr/local/go/pkg/tool/linux_amd64/asm -p crypto/md5 -trimpath "$WORK/b149=>" -I $WORK/b149/ -I /usr/local/go/pkg/include -D GOOS_linux -D GOARCH_amd64 -D GOAMD64_v1 -gensymabis -o $WORK/b149/symabis ./md5block_amd64.s
cat >/tmp/go-build2523599738/b149/importcfg << 'EOF' # internal
# import config
packagefile crypto=/tmp/go-build2523599738/b079/_pkg_.a
packagefile crypto/internal/fips140only=/tmp/go-build2523599738/b100/_pkg_.a
packagefile errors=/tmp/go-build2523599738/b003/_pkg_.a
packagefile hash=/tmp/go-build2523599738/b074/_pkg_.a
packagefile internal/byteorder=/tmp/go-build2523599738/b012/_pkg_.a
packagefile math/bits=/tmp/go-build2523599738/b023/_pkg_.a
EOF
cd /app
/usr/local/go/pkg/tool/linux_amd64/compile -o $WORK/b149/_pkg_.a -trimpath "$WORK/b149=>" -p crypto/md5 -lang=go1.26 -std -buildid 3Tn2L4Kovj81qdFWsiyP/3Tn2L4Kovj81qdFWsiyP -goversion go1.26.1 -symabis $WORK/b149/symabis -nolocalimports -importcfg $WORK/b149/importcfg -pack -asmhdr $WORK/b149/go_asm.h /usr/local/go/src/crypto/md5/md5.go /usr/local/go/src/crypto/md5/md5block.go /usr/local/go/src/crypto/md5/md5block_decl.go
cd /usr/local/go/src/crypto/md5
/usr/local/go/pkg/tool/linux_amd64/asm -p crypto/md5 -trimpath "$WORK/b149=>" -I $WORK/b149/ -I /usr/local/go/pkg/include -D GOOS_linux -D GOARCH_amd64 -D GOAMD64_v1 -o $WORK/b149/md5block_amd64.o ./md5block_amd64.s
go tool pack r $WORK/b149/_pkg_.a $WORK/b149/md5block_amd64.o # internal
go tool buildid -w $WORK/b149/_pkg_.a # internal
cp $WORK/b149/_pkg_.a /root/.cache/go-build/67/67d2c6216cb24e454f9b490d6d15dd1811ee9a9ac9f376211cb8b81acbe8345e-d # internal
mkdir -p $WORK/b150/
cat >/tmp/go-build2523599738/b150/importcfg << 'EOF' # internal
# import config
packagefile crypto/internal/fips140/alias=/tmp/go-build2523599738/b084/_pkg_.a
packagefile crypto/internal/fips140only=/tmp/go-build2523599738/b100/_pkg_.a
packagefile errors=/tmp/go-build2523599738/b003/_pkg_.a
packagefile strconv=/tmp/go-build2523599738/b041/_pkg_.a
EOF
cd /app
/usr/local/go/pkg/tool/linux_amd64/compile -o $WORK/b150/_pkg_.a -trimpath "$WORK/b150=>" -p crypto/rc4 -lang=go1.26 -std -complete -buildid 0m70HyvBEpyq36fR4O_0/0m70HyvBEpyq36fR4O_0 -goversion go1.26.1 -nolocalimports -importcfg $WORK/b150/importcfg -pack /usr/local/go/src/crypto/rc4/rc4.go
go tool buildid -w $WORK/b150/_pkg_.a # internal
cp $WORK/b150/_pkg_.a /root/.cache/go-build/67/676a7aa76bdaabad83e3c17a09c92fc2075dc19ef9f215b26057c9dc5f5f0825-d # internal
mkdir -p $WORK/b152/
cat >/tmp/go-build2523599738/b152/importcfg << 'EOF' # internal
# import config
packagefile bytes=/tmp/go-build2523599738/b067/_pkg_.a
packagefile crypto/internal/constanttime=/tmp/go-build2523599738/b093/_pkg_.a
packagefile crypto/internal/fips140=/tmp/go-build2523599738/b082/_pkg_.a
packagefile crypto/internal/fips140/bigmod=/tmp/go-build2523599738/b121/_pkg_.a
packagefile crypto/internal/fips140/check=/tmp/go-build2523599738/b085/_pkg_.a
packagefile crypto/internal/fips140/drbg=/tmp/go-build2523599738/b096/_pkg_.a
packagefile crypto/internal/fips140/sha256=/tmp/go-build2523599738/b087/_pkg_.a
packagefile crypto/internal/fips140/sha3=/tmp/go-build2523599738/b091/_pkg_.a
packagefile crypto/internal/fips140/sha512=/tmp/go-build2523599738/b094/_pkg_.a
packagefile crypto/internal/fips140/subtle=/tmp/go-build2523599738/b092/_pkg_.a
packagefile errors=/tmp/go-build2523599738/b003/_pkg_.a
packagefile hash=/tmp/go-build2523599738/b074/_pkg_.a
packagefile io=/tmp/go-build2523599738/b049/_pkg_.a
packagefile sync=/tmp/go-build2523599738/b043/_pkg_.a
EOF
/usr/local/go/pkg/tool/linux_amd64/compile -o $WORK/b152/_pkg_.a -trimpath "$WORK/b152=>" -p crypto/internal/fips140/rsa -lang=go1.26 -std -complete -buildid epmx56EtP3V9BXau3XVL/epmx56EtP3V9BXau3XVL -goversion go1.26.1 -nolocalimports -importcfg $WORK/b152/importcfg -pack /usr/local/go/src/crypto/internal/fips140/rsa/cast.go /usr/local/go/src/crypto/internal/fips140/rsa/keygen.go /usr/local/go/src/crypto/internal/fips140/rsa/pkcs1v15.go /usr/local/go/src/crypto/internal/fips140/rsa/pkcs1v22.go /usr/local/go/src/crypto/internal/fips140/rsa/rsa.go
go tool buildid -w $WORK/b152/_pkg_.a # internal
cp $WORK/b152/_pkg_.a /root/.cache/go-build/99/99a96eb897088d7bccaa7874ff676becfc4ebabeef97e10001dbd5b794333262-d # internal
mkdir -p $WORK/b151/
cat >/tmp/go-build2523599738/b151/importcfg << 'EOF' # internal
# import config
packagefile crypto=/tmp/go-build2523599738/b079/_pkg_.a
packagefile crypto/internal/boring=/tmp/go-build2523599738/b078/_pkg_.a
packagefile crypto/internal/boring/bbig=/tmp/go-build2523599738/b119/_pkg_.a
packagefile crypto/internal/fips140/bigmod=/tmp/go-build2523599738/b121/_pkg_.a
packagefile crypto/internal/fips140/rsa=/tmp/go-build2523599738/b152/_pkg_.a
packagefile crypto/internal/fips140hash=/tmp/go-build2523599738/b124/_pkg_.a
packagefile crypto/internal/fips140only=/tmp/go-build2523599738/b100/_pkg_.a
packagefile crypto/internal/rand=/tmp/go-build2523599738/b104/_pkg_.a
packagefile crypto/rand=/tmp/go-build2523599738/b077/_pkg_.a
packagefile crypto/subtle=/tmp/go-build2523599738/b102/_pkg_.a
packagefile errors=/tmp/go-build2523599738/b003/_pkg_.a
packagefile fmt=/tmp/go-build2523599738/b002/_pkg_.a
packagefile hash=/tmp/go-build2523599738/b074/_pkg_.a
packagefile internal/godebug=/tmp/go-build2523599738/b056/_pkg_.a
packagefile io=/tmp/go-build2523599738/b049/_pkg_.a
packagefile math=/tmp/go-build2523599738/b040/_pkg_.a
packagefile math/big=/tmp/go-build2523599738/b107/_pkg_.a
EOF
/usr/local/go/pkg/tool/linux_amd64/compile -o $WORK/b151/_pkg_.a -trimpath "$WORK/b151=>" -p crypto/rsa -lang=go1.26 -std -complete -buildid tD7XWdUwMliJgbXMSwFz/tD7XWdUwMliJgbXMSwFz -goversion go1.26.1 -nolocalimports -importcfg $WORK/b151/importcfg -pack /usr/local/go/src/crypto/rsa/fips.go /usr/local/go/src/crypto/rsa/notboring.go /usr/local/go/src/crypto/rsa/pkcs1v15.go /usr/local/go/src/crypto/rsa/rsa.go
go tool buildid -w $WORK/b151/_pkg_.a # internal
cp $WORK/b151/_pkg_.a /root/.cache/go-build/5f/5f11dee5b526e93065e3d193ce874f7609e63012b677efa122d112fc9309722a-d # internal
mkdir -p $WORK/b153/
echo -n > $WORK/b153/go_asm.h # internal
cd /usr/local/go/src/crypto/sha1
/usr/local/go/pkg/tool/linux_amd64/asm -p crypto/sha1 -trimpath "$WORK/b153=>" -I $WORK/b153/ -I /usr/local/go/pkg/include -D GOOS_linux -D GOARCH_amd64 -D GOAMD64_v1 -gensymabis -o $WORK/b153/symabis ./sha1block_amd64.s
cat >/tmp/go-build2523599738/b153/importcfg << 'EOF' # internal
# import config
packagefile crypto=/tmp/go-build2523599738/b079/_pkg_.a
packagefile crypto/internal/boring=/tmp/go-build2523599738/b078/_pkg_.a
packagefile crypto/internal/fips140only=/tmp/go-build2523599738/b100/_pkg_.a
packagefile crypto/internal/impl=/tmp/go-build2523599738/b090/_pkg_.a
packagefile errors=/tmp/go-build2523599738/b003/_pkg_.a
packagefile hash=/tmp/go-build2523599738/b074/_pkg_.a
packagefile internal/byteorder=/tmp/go-build2523599738/b012/_pkg_.a
packagefile internal/cpu=/tmp/go-build2523599738/b011/_pkg_.a
packagefile math/bits=/tmp/go-build2523599738/b023/_pkg_.a
EOF
cd /app
/usr/local/go/pkg/tool/linux_amd64/compile -o $WORK/b153/_pkg_.a -trimpath "$WORK/b153=>" -p crypto/sha1 -lang=go1.26 -std -buildid IrYG7F5sFyMmc0FYVbh9/IrYG7F5sFyMmc0FYVbh9 -goversion go1.26.1 -symabis $WORK/b153/symabis -nolocalimports -importcfg $WORK/b153/importcfg -pack -asmhdr $WORK/b153/go_asm.h /usr/local/go/src/crypto/sha1/sha1.go /usr/local/go/src/crypto/sha1/sha1block.go /usr/local/go/src/crypto/sha1/sha1block_amd64.go
cd /usr/local/go/src/crypto/sha1
/usr/local/go/pkg/tool/linux_amd64/asm -p crypto/sha1 -trimpath "$WORK/b153=>" -I $WORK/b153/ -I /usr/local/go/pkg/include -D GOOS_linux -D GOARCH_amd64 -D GOAMD64_v1 -o $WORK/b153/sha1block_amd64.o ./sha1block_amd64.s
go tool pack r $WORK/b153/_pkg_.a $WORK/b153/sha1block_amd64.o # internal
go tool buildid -w $WORK/b153/_pkg_.a # internal
cp $WORK/b153/_pkg_.a /root/.cache/go-build/b3/b34baf306b323a36d63a4ac028cfa0345a1babdc54f95f49030f27e885664bdb-d # internal
mkdir -p $WORK/b154/
cat >/tmp/go-build2523599738/b154/importcfg << 'EOF' # internal
# import config
packagefile crypto/fips140=/tmp/go-build2523599738/b101/_pkg_.a
packagefile sync/atomic=/tmp/go-build2523599738/b045/_pkg_.a
EOF
cd /app
/usr/local/go/pkg/tool/linux_amd64/compile -o $WORK/b154/_pkg_.a -trimpath "$WORK/b154=>" -p crypto/tls/internal/fips140tls -lang=go1.26 -std -complete -buildid OZuAuRIUszH05EwV3odL/OZuAuRIUszH05EwV3odL -goversion go1.26.1 -nolocalimports -importcfg $WORK/b154/importcfg -pack /usr/local/go/src/crypto/tls/internal/fips140tls/fipstls.go
go tool buildid -w $WORK/b154/_pkg_.a # internal
cp $WORK/b154/_pkg_.a /root/.cache/go-build/6f/6fa7fd410de55b36f0287d1b13bc4b65b046a50c3ff9835e4fa0cb59330951af-d # internal
mkdir -p $WORK/b156/
cat >/tmp/go-build2523599738/b156/importcfg << 'EOF' # internal
# import config
packagefile crypto/internal/fips140only=/tmp/go-build2523599738/b100/_pkg_.a
packagefile crypto/internal/rand=/tmp/go-build2523599738/b104/_pkg_.a
packagefile errors=/tmp/go-build2523599738/b003/_pkg_.a
packagefile io=/tmp/go-build2523599738/b049/_pkg_.a
packagefile math/big=/tmp/go-build2523599738/b107/_pkg_.a
EOF
/usr/local/go/pkg/tool/linux_amd64/compile -o $WORK/b156/_pkg_.a -trimpath "$WORK/b156=>" -p crypto/dsa -lang=go1.26 -std -complete -buildid w0tqEwIWUy_qKbvLzxzI/w0tqEwIWUy_qKbvLzxzI -goversion go1.26.1 -nolocalimports -importcfg $WORK/b156/importcfg -pack /usr/local/go/src/crypto/dsa/dsa.go
go tool buildid -w $WORK/b156/_pkg_.a # internal
cp $WORK/b156/_pkg_.a /root/.cache/go-build/c4/c4646c7d8396332af9767af5df817cb2c93bdc62f281a105b48ad51af502b376-d # internal
mkdir -p $WORK/b158/
cat >/tmp/go-build2523599738/b158/importcfg << 'EOF' # internal
# import config
packagefile errors=/tmp/go-build2523599738/b003/_pkg_.a
packagefile fmt=/tmp/go-build2523599738/b002/_pkg_.a
packagefile io=/tmp/go-build2523599738/b049/_pkg_.a
packagefile slices=/tmp/go-build2523599738/b048/_pkg_.a
packagefile strings=/tmp/go-build2523599738/b068/_pkg_.a
EOF
/usr/local/go/pkg/tool/linux_amd64/compile -o $WORK/b158/_pkg_.a -trimpath "$WORK/b158=>" -p encoding/hex -lang=go1.26 -std -complete -buildid b3PPDPkB8BSLpNd-nW5N/b3PPDPkB8BSLpNd-nW5N -goversion go1.26.1 -nolocalimports -importcfg $WORK/b158/importcfg -pack /usr/local/go/src/encoding/hex/hex.go
go tool buildid -w $WORK/b158/_pkg_.a # internal
cp $WORK/b158/_pkg_.a /root/.cache/go-build/94/94dfe9665adba124131e5b09cfed23e7696f463a58e5c5a365d2c38796c9497b-d # internal
mkdir -p $WORK/b157/
cat >/tmp/go-build2523599738/b157/importcfg << 'EOF' # internal
# import config
packagefile encoding/asn1=/tmp/go-build2523599738/b128/_pkg_.a
packagefile encoding/hex=/tmp/go-build2523599738/b158/_pkg_.a
packagefile fmt=/tmp/go-build2523599738/b002/_pkg_.a
packagefile math/big=/tmp/go-build2523599738/b107/_pkg_.a
packagefile time=/tmp/go-build2523599738/b055/_pkg_.a
EOF
/usr/local/go/pkg/tool/linux_amd64/compile -o $WORK/b157/_pkg_.a -trimpath "$WORK/b157=>" -p crypto/x509/pkix -lang=go1.26 -std -complete -buildid nrN4SgAyzPgUyhhexEHG/nrN4SgAyzPgUyhhexEHG -goversion go1.26.1 -nolocalimports -importcfg $WORK/b157/importcfg -pack /usr/local/go/src/crypto/x509/pkix/pkix.go
go tool buildid -w $WORK/b157/_pkg_.a # internal
cp $WORK/b157/_pkg_.a /root/.cache/go-build/57/5734c6d2c01a4bcedc46bfe60d911dfee4aa8f0e796e017f4349ac8ccaa0811f-d # internal
mkdir -p $WORK/b160/
cat >/tmp/go-build2523599738/b160/importcfg << 'EOF' # internal
# import config
packagefile internal/byteorder=/tmp/go-build2523599738/b012/_pkg_.a
packagefile io=/tmp/go-build2523599738/b049/_pkg_.a
packagefile slices=/tmp/go-build2523599738/b048/_pkg_.a
packagefile strconv=/tmp/go-build2523599738/b041/_pkg_.a
EOF
/usr/local/go/pkg/tool/linux_amd64/compile -o $WORK/b160/_pkg_.a -trimpath "$WORK/b160=>" -p encoding/base64 -lang=go1.26 -std -complete -buildid VDcahs1T_TEY8FM29SGf/VDcahs1T_TEY8FM29SGf -goversion go1.26.1 -nolocalimports -importcfg $WORK/b160/importcfg -pack /usr/local/go/src/encoding/base64/base64.go
go tool buildid -w $WORK/b160/_pkg_.a # internal
cp $WORK/b160/_pkg_.a /root/.cache/go-build/22/2215101af4dd7253c0d03023333ff3ce30b24f9311badf7d2afc1e3b42da1951-d # internal
mkdir -p $WORK/b159/
cat >/tmp/go-build2523599738/b159/importcfg << 'EOF' # internal
# import config
packagefile bytes=/tmp/go-build2523599738/b067/_pkg_.a
packagefile encoding/base64=/tmp/go-build2523599738/b160/_pkg_.a
packagefile errors=/tmp/go-build2523599738/b003/_pkg_.a
packagefile io=/tmp/go-build2523599738/b049/_pkg_.a
packagefile slices=/tmp/go-build2523599738/b048/_pkg_.a
packagefile strings=/tmp/go-build2523599738/b068/_pkg_.a
EOF
/usr/local/go/pkg/tool/linux_amd64/compile -o $WORK/b159/_pkg_.a -trimpath "$WORK/b159=>" -p encoding/pem -lang=go1.26 -std -complete -buildid s6IKeEOHuGgwkiJOgjb0/s6IKeEOHuGgwkiJOgjb0 -goversion go1.26.1 -nolocalimports -importcfg $WORK/b159/importcfg -pack /usr/local/go/src/encoding/pem/pem.go
go tool buildid -w $WORK/b159/_pkg_.a # internal
cp $WORK/b159/_pkg_.a /root/.cache/go-build/a8/a835de7024c5aff77aa9af3d3ccffc7479da7387d33707a65aac80302421efe5-d # internal
mkdir -p $WORK/b161/
cat >/tmp/go-build2523599738/b161/importcfg << 'EOF' # internal
# import config
packagefile iter=/tmp/go-build2523599738/b039/_pkg_.a
EOF
/usr/local/go/pkg/tool/linux_amd64/compile -o $WORK/b161/_pkg_.a -trimpath "$WORK/b161=>" -p maps -lang=go1.26 -std -complete -buildid ceucv167KVdtEspLrlw4/ceucv167KVdtEspLrlw4 -goversion go1.26.1 -nolocalimports -importcfg $WORK/b161/importcfg -pack /usr/local/go/src/maps/iter.go /usr/local/go/src/maps/maps.go
go tool buildid -w $WORK/b161/_pkg_.a # internal
cp $WORK/b161/_pkg_.a /root/.cache/go-build/e7/e726b076351f45562592dbd838465ed3d58b18eed69064068ff2af4293049924-d # internal
mkdir -p $WORK/b163/
cat >/tmp/go-build2523599738/b163/importcfg << 'EOF' # internal
# import config
packagefile errors=/tmp/go-build2523599738/b003/_pkg_.a
packagefile slices=/tmp/go-build2523599738/b048/_pkg_.a
EOF
/usr/local/go/pkg/tool/linux_amd64/compile -o $WORK/b163/_pkg_.a -trimpath "$WORK/b163=>" -p vendor/golang.org/x/net/dns/dnsmessage -lang=go1.26 -std -complete -buildid pcVoDIHn7RorXJvCpcRj/pcVoDIHn7RorXJvCpcRj -goversion go1.26.1 -nolocalimports -importcfg $WORK/b163/importcfg -pack /usr/local/go/src/vendor/golang.org/x/net/dns/dnsmessage/message.go /usr/local/go/src/vendor/golang.org/x/net/dns/dnsmessage/svcb.go
go tool buildid -w $WORK/b163/_pkg_.a # internal
cp $WORK/b163/_pkg_.a /root/.cache/go-build/f7/f7caae1515c01dcb5e7ea9022fef9d30cb6d49004b01a8ba5ab989f6131ea3e4-d # internal
mkdir -p $WORK/b164/
echo '# import config' > $WORK/b164/importcfg # internal
/usr/local/go/pkg/tool/linux_amd64/compile -o $WORK/b164/_pkg_.a -trimpath "$WORK/b164=>" -p internal/nettrace -lang=go1.26 -std -complete -buildid YNi1Qtnt8GC2lvDpAYCi/YNi1Qtnt8GC2lvDpAYCi -goversion go1.26.1 -nolocalimports -importcfg $WORK/b164/importcfg -pack /usr/local/go/src/internal/nettrace/nettrace.go
go tool buildid -w $WORK/b164/_pkg_.a # internal
cp $WORK/b164/_pkg_.a /root/.cache/go-build/f3/f30a1379e386e13005db3483e2ab9821de3568ab3d9075816f2aba6d9f444f22-d # internal
mkdir -p $WORK/b165/
cat >/tmp/go-build2523599738/b165/importcfg << 'EOF' # internal
# import config
packagefile sync=/tmp/go-build2523599738/b043/_pkg_.a
EOF
/usr/local/go/pkg/tool/linux_amd64/compile -o $WORK/b165/_pkg_.a -trimpath "$WORK/b165=>" -p internal/singleflight -lang=go1.26 -std -complete -buildid B6LwbO4olznyqzTu2L--/B6LwbO4olznyqzTu2L-- -goversion go1.26.1 -nolocalimports -importcfg $WORK/b165/importcfg -pack /usr/local/go/src/internal/singleflight/singleflight.go
go tool buildid -w $WORK/b165/_pkg_.a # internal
cp $WORK/b165/_pkg_.a /root/.cache/go-build/74/7457c24540efb3c961965810ce3b871dbfe5a88cf2a6e3b5ebabab1bc67a9536-d # internal
mkdir -p $WORK/b167/
cat >/tmp/go-build2523599738/b167/importcfg << 'EOF' # internal
# import config
packagefile internal/abi=/tmp/go-build2523599738/b005/_pkg_.a
packagefile internal/goarch=/tmp/go-build2523599738/b006/_pkg_.a
packagefile internal/stringslite=/tmp/go-build2523599738/b034/_pkg_.a
packagefile internal/sync=/tmp/go-build2523599738/b044/_pkg_.a
packagefile runtime=/tmp/go-build2523599738/b009/_pkg_.a
packagefile sync=/tmp/go-build2523599738/b043/_pkg_.a
packagefile sync/atomic=/tmp/go-build2523599738/b045/_pkg_.a
packagefile weak=/tmp/go-build2523599738/b123/_pkg_.a
EOF
/usr/local/go/pkg/tool/linux_amd64/compile -o $WORK/b167/_pkg_.a -trimpath "$WORK/b167=>" -p unique -lang=go1.26 -std -complete -buildid gzxhRjOH0h72MBItNxY4/gzxhRjOH0h72MBItNxY4 -goversion go1.26.1 -nolocalimports -importcfg $WORK/b167/importcfg -pack /usr/local/go/src/unique/canonmap.go /usr/local/go/src/unique/clone.go /usr/local/go/src/unique/doc.go /usr/local/go/src/unique/handle.go
go tool buildid -w $WORK/b167/_pkg_.a # internal
cp $WORK/b167/_pkg_.a /root/.cache/go-build/dc/dcfb3a1472c03af25a46f42aab66dab7e0cd51cfd735bea9ec8b22479a90a2ba-d # internal
mkdir -p $WORK/b166/
cat >/tmp/go-build2523599738/b166/importcfg << 'EOF' # internal
# import config
packagefile cmp=/tmp/go-build2523599738/b037/_pkg_.a
packagefile errors=/tmp/go-build2523599738/b003/_pkg_.a
packagefile internal/bytealg=/tmp/go-build2523599738/b010/_pkg_.a
packagefile internal/byteorder=/tmp/go-build2523599738/b012/_pkg_.a
packagefile math=/tmp/go-build2523599738/b040/_pkg_.a
packagefile math/bits=/tmp/go-build2523599738/b023/_pkg_.a
packagefile strconv=/tmp/go-build2523599738/b041/_pkg_.a
packagefile unique=/tmp/go-build2523599738/b167/_pkg_.a
EOF
/usr/local/go/pkg/tool/linux_amd64/compile -o $WORK/b166/_pkg_.a -trimpath "$WORK/b166=>" -p net/netip -lang=go1.26 -std -complete -buildid retIushfML74enwxk-Gm/retIushfML74enwxk-Gm -goversion go1.26.1 -nolocalimports -importcfg $WORK/b166/importcfg -pack /usr/local/go/src/net/netip/netip.go /usr/local/go/src/net/netip/uint128.go
go tool buildid -w $WORK/b166/_pkg_.a # internal
cp $WORK/b166/_pkg_.a /root/.cache/go-build/3a/3ab269aa4fa63611daeccbe219533065857ecbb9501cc2f49fdb720083ad222e-d # internal
mkdir -p $WORK/b162/
cat >/tmp/go-build2523599738/b162/importcfg << 'EOF' # internal
# import config
importmap golang.org/x/net/dns/dnsmessage=vendor/golang.org/x/net/dns/dnsmessage
packagefile cmp=/tmp/go-build2523599738/b037/_pkg_.a
packagefile context=/tmp/go-build2523599738/b076/_pkg_.a
packagefile errors=/tmp/go-build2523599738/b003/_pkg_.a
packagefile vendor/golang.org/x/net/dns/dnsmessage=/tmp/go-build2523599738/b163/_pkg_.a
packagefile internal/bytealg=/tmp/go-build2523599738/b010/_pkg_.a
packagefile internal/godebug=/tmp/go-build2523599738/b056/_pkg_.a
packagefile internal/nettrace=/tmp/go-build2523599738/b164/_pkg_.a
packagefile internal/poll=/tmp/go-build2523599738/b059/_pkg_.a
packagefile internal/singleflight=/tmp/go-build2523599738/b165/_pkg_.a
packagefile internal/strconv=/tmp/go-build2523599738/b022/_pkg_.a
packagefile internal/stringslite=/tmp/go-build2523599738/b034/_pkg_.a
packagefile internal/syscall/unix=/tmp/go-build2523599738/b060/_pkg_.a
packagefile io=/tmp/go-build2523599738/b049/_pkg_.a
packagefile io/fs=/tmp/go-build2523599738/b052/_pkg_.a
packagefile net/netip=/tmp/go-build2523599738/b166/_pkg_.a
packagefile os=/tmp/go-build2523599738/b050/_pkg_.a
packagefile runtime=/tmp/go-build2523599738/b009/_pkg_.a
packagefile slices=/tmp/go-build2523599738/b048/_pkg_.a
packagefile sync=/tmp/go-build2523599738/b043/_pkg_.a
packagefile sync/atomic=/tmp/go-build2523599738/b045/_pkg_.a
packagefile syscall=/tmp/go-build2523599738/b058/_pkg_.a
packagefile time=/tmp/go-build2523599738/b055/_pkg_.a
EOF
/usr/local/go/pkg/tool/linux_amd64/compile -o $WORK/b162/_pkg_.a -trimpath "$WORK/b162=>" -p net -lang=go1.26 -std -buildid -zC9A60rblHasWv1F27u/-zC9A60rblHasWv1F27u -goversion go1.26.1 -nolocalimports -importcfg $WORK/b162/importcfg -pack /usr/local/go/src/net/addrselect.go /usr/local/go/src/net/cgo_stub.go /usr/local/go/src/net/conf.go /usr/local/go/src/net/dial.go /usr/local/go/src/net/dnsclient.go /usr/local/go/src/net/dnsclient_unix.go /usr/local/go/src/net/dnsconfig.go /usr/local/go/src/net/dnsconfig_unix.go /usr/local/go/src/net/error_posix.go /usr/local/go/src/net/error_unix.go /usr/local/go/src/net/fd_posix.go /usr/local/go/src/net/fd_unix.go /usr/local/go/src/net/file.go /usr/local/go/src/net/file_posix.go /usr/local/go/src/net/file_unix.go /usr/local/go/src/net/hook.go /usr/local/go/src/net/hook_unix.go /usr/local/go/src/net/hosts.go /usr/local/go/src/net/interface.go /usr/local/go/src/net/interface_linux.go /usr/local/go/src/net/ip.go /usr/local/go/src/net/iprawsock.go /usr/local/go/src/net/iprawsock_posix.go /usr/local/go/src/net/ipsock.go /usr/local/go/src/net/ipsock_posix.go /usr/local/go/src/net/lookup.go /usr/local/go/src/net/lookup_unix.go /usr/local/go/src/net/mac.go /usr/local/go/src/net/mptcpsock_linux.go /usr/local/go/src/net/net.go /usr/local/go/src/net/netcgo_off.go /usr/local/go/src/net/netgo_off.go /usr/local/go/src/net/nss.go /usr/local/go/src/net/parse.go /usr/local/go/src/net/pipe.go /usr/local/go/src/net/port.go /usr/local/go/src/net/port_unix.go /usr/local/go/src/net/rawconn.go /usr/local/go/src/net/rlimit_unix.go /usr/local/go/src/net/sendfile.go /usr/local/go/src/net/sendfile_nonwindows.go /usr/local/go/src/net/sock_cloexec.go /usr/local/go/src/net/sock_linux.go /usr/local/go/src/net/sock_posix.go /usr/local/go/src/net/sockaddr_posix.go /usr/local/go/src/net/sockopt_linux.go /usr/local/go/src/net/sockopt_posix.go /usr/local/go/src/net/sockoptip4_linux.go /usr/local/go/src/net/sockoptip6_posix.go /usr/local/go/src/net/splice_linux.go /usr/local/go/src/net/tcpsock.go /usr/local/go/src/net/tcpsock_posix.go /usr/local/go/src/net/tcpsock_unix.go /usr/local/go/src/net/tcpsockopt_posix.go /usr/local/go/src/net/tcpsockopt_unix.go /usr/local/go/src/net/udpsock.go /usr/local/go/src/net/udpsock_posix.go /usr/local/go/src/net/unixsock.go /usr/local/go/src/net/unixsock_posix.go /usr/local/go/src/net/unixsock_readmsg_cmsg_cloexec.go /usr/local/go/src/net/writev_unix.go
go tool buildid -w $WORK/b162/_pkg_.a # internal
cp $WORK/b162/_pkg_.a /root/.cache/go-build/2c/2ccb360387ef90fb9936dc483fe2bbeb36f76f5c54a0a94d0fdfb3b79c0fc23a-d # internal
mkdir -p $WORK/b168/
cat >/tmp/go-build2523599738/b168/importcfg << 'EOF' # internal
# import config
packagefile errors=/tmp/go-build2523599738/b003/_pkg_.a
packagefile fmt=/tmp/go-build2523599738/b002/_pkg_.a
packagefile internal/godebug=/tmp/go-build2523599738/b056/_pkg_.a
packagefile net/netip=/tmp/go-build2523599738/b166/_pkg_.a
packagefile path=/tmp/go-build2523599738/b054/_pkg_.a
packagefile slices=/tmp/go-build2523599738/b048/_pkg_.a
packagefile strconv=/tmp/go-build2523599738/b041/_pkg_.a
packagefile strings=/tmp/go-build2523599738/b068/_pkg_.a
EOF
/usr/local/go/pkg/tool/linux_amd64/compile -o $WORK/b168/_pkg_.a -trimpath "$WORK/b168=>" -p net/url -lang=go1.26 -std -complete -buildid mSR_e7XJd0tFNuqKMdEY/mSR_e7XJd0tFNuqKMdEY -goversion go1.26.1 -nolocalimports -importcfg $WORK/b168/importcfg -pack /usr/local/go/src/net/url/encoding_table.go /usr/local/go/src/net/url/url.go
go tool buildid -w $WORK/b168/_pkg_.a # internal
cp $WORK/b168/_pkg_.a /root/.cache/go-build/b7/b7607255a8fcdf0679805df5b059781b4d57b096fea3bbf207436d761e592a7d-d # internal
mkdir -p $WORK/b169/
cat >/tmp/go-build2523599738/b169/importcfg << 'EOF' # internal
# import config
packagefile errors=/tmp/go-build2523599738/b003/_pkg_.a
packagefile internal/bytealg=/tmp/go-build2523599738/b010/_pkg_.a
packagefile internal/filepathlite=/tmp/go-build2523599738/b051/_pkg_.a
packagefile io/fs=/tmp/go-build2523599738/b052/_pkg_.a
packagefile os=/tmp/go-build2523599738/b050/_pkg_.a
packagefile runtime=/tmp/go-build2523599738/b009/_pkg_.a
packagefile slices=/tmp/go-build2523599738/b048/_pkg_.a
packagefile strings=/tmp/go-build2523599738/b068/_pkg_.a
packagefile syscall=/tmp/go-build2523599738/b058/_pkg_.a
packagefile unicode/utf8=/tmp/go-build2523599738/b042/_pkg_.a
EOF
/usr/local/go/pkg/tool/linux_amd64/compile -o $WORK/b169/_pkg_.a -trimpath "$WORK/b169=>" -p path/filepath -lang=go1.26 -std -complete -buildid hMwhWgbRYN6Q1juFpYJ5/hMwhWgbRYN6Q1juFpYJ5 -goversion go1.26.1 -nolocalimports -importcfg $WORK/b169/importcfg -pack /usr/local/go/src/path/filepath/match.go /usr/local/go/src/path/filepath/path.go /usr/local/go/src/path/filepath/path_unix.go /usr/local/go/src/path/filepath/symlink.go /usr/local/go/src/path/filepath/symlink_unix.go
go tool buildid -w $WORK/b169/_pkg_.a # internal
cp $WORK/b169/_pkg_.a /root/.cache/go-build/41/4147fef313349a8a844a65bf08a394a6b2f7a4fe84a3a8eca1b94900f6718662-d # internal
mkdir -p $WORK/b155/
cat >/tmp/go-build2523599738/b155/importcfg << 'EOF' # internal
# import config
importmap golang.org/x/crypto/cryptobyte=vendor/golang.org/x/crypto/cryptobyte
importmap golang.org/x/crypto/cryptobyte/asn1=vendor/golang.org/x/crypto/cryptobyte/asn1
packagefile bytes=/tmp/go-build2523599738/b067/_pkg_.a
packagefile crypto=/tmp/go-build2523599738/b079/_pkg_.a
packagefile crypto/aes=/tmp/go-build2523599738/b110/_pkg_.a
packagefile crypto/cipher=/tmp/go-build2523599738/b080/_pkg_.a
packagefile crypto/des=/tmp/go-build2523599738/b111/_pkg_.a
packagefile crypto/dsa=/tmp/go-build2523599738/b156/_pkg_.a
packagefile crypto/ecdh=/tmp/go-build2523599738/b112/_pkg_.a
packagefile crypto/ecdsa=/tmp/go-build2523599738/b117/_pkg_.a
packagefile crypto/ed25519=/tmp/go-build2523599738/b132/_pkg_.a
packagefile crypto/elliptic=/tmp/go-build2523599738/b118/_pkg_.a
packagefile crypto/md5=/tmp/go-build2523599738/b149/_pkg_.a
packagefile crypto/rsa=/tmp/go-build2523599738/b151/_pkg_.a
packagefile crypto/sha1=/tmp/go-build2523599738/b153/_pkg_.a
packagefile crypto/sha256=/tmp/go-build2523599738/b141/_pkg_.a
packagefile crypto/sha512=/tmp/go-build2523599738/b126/_pkg_.a
packagefile crypto/x509/pkix=/tmp/go-build2523599738/b157/_pkg_.a
packagefile encoding/asn1=/tmp/go-build2523599738/b128/_pkg_.a
packagefile encoding/hex=/tmp/go-build2523599738/b158/_pkg_.a
packagefile encoding/pem=/tmp/go-build2523599738/b159/_pkg_.a
packagefile errors=/tmp/go-build2523599738/b003/_pkg_.a
packagefile fmt=/tmp/go-build2523599738/b002/_pkg_.a
packagefile vendor/golang.org/x/crypto/cryptobyte=/tmp/go-build2523599738/b127/_pkg_.a
packagefile vendor/golang.org/x/crypto/cryptobyte/asn1=/tmp/go-build2523599738/b131/_pkg_.a
packagefile internal/godebug=/tmp/go-build2523599738/b056/_pkg_.a
packagefile internal/goos=/tmp/go-build2523599738/b017/_pkg_.a
packagefile io=/tmp/go-build2523599738/b049/_pkg_.a
packagefile io/fs=/tmp/go-build2523599738/b052/_pkg_.a
packagefile iter=/tmp/go-build2523599738/b039/_pkg_.a
packagefile maps=/tmp/go-build2523599738/b161/_pkg_.a
packagefile math=/tmp/go-build2523599738/b040/_pkg_.a
packagefile math/big=/tmp/go-build2523599738/b107/_pkg_.a
packagefile math/bits=/tmp/go-build2523599738/b023/_pkg_.a
packagefile net=/tmp/go-build2523599738/b162/_pkg_.a
packagefile net/netip=/tmp/go-build2523599738/b166/_pkg_.a
packagefile net/url=/tmp/go-build2523599738/b168/_pkg_.a
packagefile os=/tmp/go-build2523599738/b050/_pkg_.a
packagefile path/filepath=/tmp/go-build2523599738/b169/_pkg_.a
packagefile runtime=/tmp/go-build2523599738/b009/_pkg_.a
packagefile slices=/tmp/go-build2523599738/b048/_pkg_.a
packagefile strconv=/tmp/go-build2523599738/b041/_pkg_.a
packagefile strings=/tmp/go-build2523599738/b068/_pkg_.a
packagefile sync=/tmp/go-build2523599738/b043/_pkg_.a
packagefile time=/tmp/go-build2523599738/b055/_pkg_.a
packagefile unicode=/tmp/go-build2523599738/b047/_pkg_.a
packagefile unicode/utf16=/tmp/go-build2523599738/b130/_pkg_.a
packagefile unicode/utf8=/tmp/go-build2523599738/b042/_pkg_.a
EOF
/usr/local/go/pkg/tool/linux_amd64/compile -o $WORK/b155/_pkg_.a -trimpath "$WORK/b155=>" -p crypto/x509 -lang=go1.26 -std -complete -buildid 4ebyBqhLsYTZfDpwUH9B/4ebyBqhLsYTZfDpwUH9B -goversion go1.26.1 -nolocalimports -importcfg $WORK/b155/importcfg -pack /usr/local/go/src/crypto/x509/cert_pool.go /usr/local/go/src/crypto/x509/constraints.go /usr/local/go/src/crypto/x509/oid.go /usr/local/go/src/crypto/x509/parser.go /usr/local/go/src/crypto/x509/pem_decrypt.go /usr/local/go/src/crypto/x509/pkcs1.go /usr/local/go/src/crypto/x509/pkcs8.go /usr/local/go/src/crypto/x509/root.go /usr/local/go/src/crypto/x509/root_linux.go /usr/local/go/src/crypto/x509/root_unix.go /usr/local/go/src/crypto/x509/sec1.go /usr/local/go/src/crypto/x509/verify.go /usr/local/go/src/crypto/x509/x509.go /usr/local/go/src/crypto/x509/x509_string.go
go tool buildid -w $WORK/b155/_pkg_.a # internal
cp $WORK/b155/_pkg_.a /root/.cache/go-build/94/940e41667c24fee4b5587b569af4f085b025570434f2acdf81b8a939e1c78d81-d # internal
mkdir -p $WORK/b109/
cat >/tmp/go-build2523599738/b109/importcfg << 'EOF' # internal
# import config
importmap golang.org/x/crypto/chacha20poly1305=vendor/golang.org/x/crypto/chacha20poly1305
importmap golang.org/x/crypto/cryptobyte=vendor/golang.org/x/crypto/cryptobyte
packagefile bytes=/tmp/go-build2523599738/b067/_pkg_.a
packagefile container/list=/tmp/go-build2523599738/b075/_pkg_.a
packagefile context=/tmp/go-build2523599738/b076/_pkg_.a
packagefile crypto=/tmp/go-build2523599738/b079/_pkg_.a
packagefile crypto/aes=/tmp/go-build2523599738/b110/_pkg_.a
packagefile crypto/cipher=/tmp/go-build2523599738/b080/_pkg_.a
packagefile crypto/des=/tmp/go-build2523599738/b111/_pkg_.a
packagefile crypto/ecdh=/tmp/go-build2523599738/b112/_pkg_.a
packagefile crypto/ecdsa=/tmp/go-build2523599738/b117/_pkg_.a
packagefile crypto/ed25519=/tmp/go-build2523599738/b132/_pkg_.a
packagefile crypto/elliptic=/tmp/go-build2523599738/b118/_pkg_.a
packagefile crypto/hkdf=/tmp/go-build2523599738/b135/_pkg_.a
packagefile crypto/hmac=/tmp/go-build2523599738/b137/_pkg_.a
packagefile crypto/hpke=/tmp/go-build2523599738/b138/_pkg_.a
packagefile crypto/internal/boring=/tmp/go-build2523599738/b078/_pkg_.a
packagefile crypto/internal/fips140/aes=/tmp/go-build2523599738/b081/_pkg_.a
packagefile crypto/internal/fips140/aes/gcm=/tmp/go-build2523599738/b095/_pkg_.a
packagefile crypto/internal/fips140/tls12=/tmp/go-build2523599738/b147/_pkg_.a
packagefile crypto/internal/fips140/tls13=/tmp/go-build2523599738/b148/_pkg_.a
packagefile crypto/md5=/tmp/go-build2523599738/b149/_pkg_.a
packagefile crypto/mlkem=/tmp/go-build2523599738/b139/_pkg_.a
packagefile crypto/rand=/tmp/go-build2523599738/b077/_pkg_.a
packagefile crypto/rc4=/tmp/go-build2523599738/b150/_pkg_.a
packagefile crypto/rsa=/tmp/go-build2523599738/b151/_pkg_.a
packagefile crypto/sha1=/tmp/go-build2523599738/b153/_pkg_.a
packagefile crypto/sha256=/tmp/go-build2523599738/b141/_pkg_.a
packagefile crypto/sha512=/tmp/go-build2523599738/b126/_pkg_.a
packagefile crypto/subtle=/tmp/go-build2523599738/b102/_pkg_.a
packagefile crypto/tls/internal/fips140tls=/tmp/go-build2523599738/b154/_pkg_.a
packagefile crypto/x509=/tmp/go-build2523599738/b155/_pkg_.a
packagefile encoding/pem=/tmp/go-build2523599738/b159/_pkg_.a
packagefile errors=/tmp/go-build2523599738/b003/_pkg_.a
packagefile fmt=/tmp/go-build2523599738/b002/_pkg_.a
packagefile vendor/golang.org/x/crypto/chacha20poly1305=/tmp/go-build2523599738/b142/_pkg_.a
packagefile vendor/golang.org/x/crypto/cryptobyte=/tmp/go-build2523599738/b127/_pkg_.a
packagefile hash=/tmp/go-build2523599738/b074/_pkg_.a
packagefile internal/byteorder=/tmp/go-build2523599738/b012/_pkg_.a
packagefile internal/cpu=/tmp/go-build2523599738/b011/_pkg_.a
packagefile internal/godebug=/tmp/go-build2523599738/b056/_pkg_.a
packagefile io=/tmp/go-build2523599738/b049/_pkg_.a
packagefile net=/tmp/go-build2523599738/b162/_pkg_.a
packagefile os=/tmp/go-build2523599738/b050/_pkg_.a
packagefile runtime=/tmp/go-build2523599738/b009/_pkg_.a
packagefile slices=/tmp/go-build2523599738/b048/_pkg_.a
packagefile sort=/tmp/go-build2523599738/b070/_pkg_.a
packagefile strconv=/tmp/go-build2523599738/b041/_pkg_.a
packagefile strings=/tmp/go-build2523599738/b068/_pkg_.a
packagefile sync=/tmp/go-build2523599738/b043/_pkg_.a
packagefile sync/atomic=/tmp/go-build2523599738/b045/_pkg_.a
packagefile time=/tmp/go-build2523599738/b055/_pkg_.a
packagefile weak=/tmp/go-build2523599738/b123/_pkg_.a
EOF
/usr/local/go/pkg/tool/linux_amd64/compile -o $WORK/b109/_pkg_.a -trimpath "$WORK/b109=>" -p crypto/tls -lang=go1.26 -std -complete -buildid Qd1W734xcxE2kfwRYaPJ/Qd1W734xcxE2kfwRYaPJ -goversion go1.26.1 -nolocalimports -importcfg $WORK/b109/importcfg -pack /usr/local/go/src/crypto/tls/alert.go /usr/local/go/src/crypto/tls/auth.go /usr/local/go/src/crypto/tls/cache.go /usr/local/go/src/crypto/tls/cipher_suites.go /usr/local/go/src/crypto/tls/common.go /usr/local/go/src/crypto/tls/common_string.go /usr/local/go/src/crypto/tls/conn.go /usr/local/go/src/crypto/tls/defaults.go /usr/local/go/src/crypto/tls/defaults_fips140.go /usr/local/go/src/crypto/tls/ech.go /usr/local/go/src/crypto/tls/handshake_client.go /usr/local/go/src/crypto/tls/handshake_client_tls13.go /usr/local/go/src/crypto/tls/handshake_messages.go /usr/local/go/src/crypto/tls/handshake_server.go /usr/local/go/src/crypto/tls/handshake_server_tls13.go /usr/local/go/src/crypto/tls/key_agreement.go /usr/local/go/src/crypto/tls/key_schedule.go /usr/local/go/src/crypto/tls/prf.go /usr/local/go/src/crypto/tls/quic.go /usr/local/go/src/crypto/tls/ticket.go /usr/local/go/src/crypto/tls/tls.go
go tool buildid -w $WORK/b109/_pkg_.a # internal
cp $WORK/b109/_pkg_.a /root/.cache/go-build/47/472b984a3e449fb8a42ad8a1c237ad74572bc16e3b8804a244974cfef3d44000-d # internal
mkdir -p $WORK/b173/
cat >/tmp/go-build2523599738/b173/importcfg << 'EOF' # internal
# import config
packagefile bytes=/tmp/go-build2523599738/b067/_pkg_.a
packagefile errors=/tmp/go-build2523599738/b003/_pkg_.a
packagefile io=/tmp/go-build2523599738/b049/_pkg_.a
packagefile unicode/utf8=/tmp/go-build2523599738/b042/_pkg_.a
EOF
/usr/local/go/pkg/tool/linux_amd64/compile -o $WORK/b173/_pkg_.a -trimpath "$WORK/b173=>" -p vendor/golang.org/x/text/transform -lang=go1.26 -std -complete -buildid VjsgSjdgJI0EXccXdNiz/VjsgSjdgJI0EXccXdNiz -goversion go1.26.1 -nolocalimports -importcfg $WORK/b173/importcfg -pack /usr/local/go/src/vendor/golang.org/x/text/transform/transform.go
go tool buildid -w $WORK/b173/_pkg_.a # internal
cp $WORK/b173/_pkg_.a /root/.cache/go-build/07/0793910fe22de6222b4b47da97b308a352279ff7a1e5e6725dbfd1955bb441b8-d # internal
mkdir -p $WORK/b174/
cat >/tmp/go-build2523599738/b174/importcfg << 'EOF' # internal
# import config
packagefile bytes=/tmp/go-build2523599738/b067/_pkg_.a
packagefile container/list=/tmp/go-build2523599738/b075/_pkg_.a
packagefile fmt=/tmp/go-build2523599738/b002/_pkg_.a
packagefile log=/tmp/go-build2523599738/b063/_pkg_.a
packagefile sort=/tmp/go-build2523599738/b070/_pkg_.a
packagefile unicode/utf8=/tmp/go-build2523599738/b042/_pkg_.a
EOF
/usr/local/go/pkg/tool/linux_amd64/compile -o $WORK/b174/_pkg_.a -trimpath "$WORK/b174=>" -p vendor/golang.org/x/text/unicode/bidi -lang=go1.26 -std -complete -buildid 6pwr0gmo6iKmYf6Ufnmw/6pwr0gmo6iKmYf6Ufnmw -goversion go1.26.1 -nolocalimports -importcfg $WORK/b174/importcfg -pack /usr/local/go/src/vendor/golang.org/x/text/unicode/bidi/bidi.go /usr/local/go/src/vendor/golang.org/x/text/unicode/bidi/bracket.go /usr/local/go/src/vendor/golang.org/x/text/unicode/bidi/core.go /usr/local/go/src/vendor/golang.org/x/text/unicode/bidi/prop.go /usr/local/go/src/vendor/golang.org/x/text/unicode/bidi/tables15.0.0.go /usr/local/go/src/vendor/golang.org/x/text/unicode/bidi/trieval.go
go tool buildid -w $WORK/b174/_pkg_.a # internal
cp $WORK/b174/_pkg_.a /root/.cache/go-build/c4/c4d8964d70934d07eb5f3a6b70ab8f1b950594bbf76dd233691a02fb2fc75bd1-d # internal
mkdir -p $WORK/b172/
cat >/tmp/go-build2523599738/b172/importcfg << 'EOF' # internal
# import config
importmap golang.org/x/text/transform=vendor/golang.org/x/text/transform
importmap golang.org/x/text/unicode/bidi=vendor/golang.org/x/text/unicode/bidi
packagefile errors=/tmp/go-build2523599738/b003/_pkg_.a
packagefile vendor/golang.org/x/text/transform=/tmp/go-build2523599738/b173/_pkg_.a
packagefile vendor/golang.org/x/text/unicode/bidi=/tmp/go-build2523599738/b174/_pkg_.a
packagefile unicode/utf8=/tmp/go-build2523599738/b042/_pkg_.a
EOF
/usr/local/go/pkg/tool/linux_amd64/compile -o $WORK/b172/_pkg_.a -trimpath "$WORK/b172=>" -p vendor/golang.org/x/text/secure/bidirule -lang=go1.26 -std -complete -buildid gx6eqV5gpjqX0TGfMM2y/gx6eqV5gpjqX0TGfMM2y -goversion go1.26.1 -nolocalimports -importcfg $WORK/b172/importcfg -pack /usr/local/go/src/vendor/golang.org/x/text/secure/bidirule/bidirule.go /usr/local/go/src/vendor/golang.org/x/text/secure/bidirule/bidirule10.0.0.go
go tool buildid -w $WORK/b172/_pkg_.a # internal
cp $WORK/b172/_pkg_.a /root/.cache/go-build/43/43e74b9a929fb2dfc2ee7f3ecda92fde3451e4db87c9ac7ecb89c04d41cb90d4-d # internal
mkdir -p $WORK/b175/
cat >/tmp/go-build2523599738/b175/importcfg << 'EOF' # internal
# import config
importmap golang.org/x/text/transform=vendor/golang.org/x/text/transform
packagefile encoding/binary=/tmp/go-build2523599738/b072/_pkg_.a
packagefile fmt=/tmp/go-build2523599738/b002/_pkg_.a
packagefile vendor/golang.org/x/text/transform=/tmp/go-build2523599738/b173/_pkg_.a
packagefile io=/tmp/go-build2523599738/b049/_pkg_.a
packagefile sync=/tmp/go-build2523599738/b043/_pkg_.a
packagefile unicode/utf8=/tmp/go-build2523599738/b042/_pkg_.a
EOF
/usr/local/go/pkg/tool/linux_amd64/compile -o $WORK/b175/_pkg_.a -trimpath "$WORK/b175=>" -p vendor/golang.org/x/text/unicode/norm -lang=go1.26 -std -complete -buildid kLmpLXT_Bj0FYzU9EkQf/kLmpLXT_Bj0FYzU9EkQf -goversion go1.26.1 -nolocalimports -importcfg $WORK/b175/importcfg -pack /usr/local/go/src/vendor/golang.org/x/text/unicode/norm/composition.go /usr/local/go/src/vendor/golang.org/x/text/unicode/norm/forminfo.go /usr/local/go/src/vendor/golang.org/x/text/unicode/norm/input.go /usr/local/go/src/vendor/golang.org/x/text/unicode/norm/iter.go /usr/local/go/src/vendor/golang.org/x/text/unicode/norm/normalize.go /usr/local/go/src/vendor/golang.org/x/text/unicode/norm/readwriter.go /usr/local/go/src/vendor/golang.org/x/text/unicode/norm/tables15.0.0.go /usr/local/go/src/vendor/golang.org/x/text/unicode/norm/transform.go /usr/local/go/src/vendor/golang.org/x/text/unicode/norm/trie.go
go tool buildid -w $WORK/b175/_pkg_.a # internal
cp $WORK/b175/_pkg_.a /root/.cache/go-build/e2/e2dd867d9d8ece5d92a4d157cfd6c6bb6df41e136ecf7a84e5a91158803b87e0-d # internal
mkdir -p $WORK/b171/
cat >/tmp/go-build2523599738/b171/importcfg << 'EOF' # internal
# import config
importmap golang.org/x/text/secure/bidirule=vendor/golang.org/x/text/secure/bidirule
importmap golang.org/x/text/unicode/bidi=vendor/golang.org/x/text/unicode/bidi
importmap golang.org/x/text/unicode/norm=vendor/golang.org/x/text/unicode/norm
packagefile fmt=/tmp/go-build2523599738/b002/_pkg_.a
packagefile vendor/golang.org/x/text/secure/bidirule=/tmp/go-build2523599738/b172/_pkg_.a
packagefile vendor/golang.org/x/text/unicode/bidi=/tmp/go-build2523599738/b174/_pkg_.a
packagefile vendor/golang.org/x/text/unicode/norm=/tmp/go-build2523599738/b175/_pkg_.a
packagefile math=/tmp/go-build2523599738/b040/_pkg_.a
packagefile strings=/tmp/go-build2523599738/b068/_pkg_.a
packagefile unicode/utf8=/tmp/go-build2523599738/b042/_pkg_.a
EOF
/usr/local/go/pkg/tool/linux_amd64/compile -o $WORK/b171/_pkg_.a -trimpath "$WORK/b171=>" -p vendor/golang.org/x/net/idna -lang=go1.26 -std -complete -buildid GEWZdHjTrkRZ7sJXlOaB/GEWZdHjTrkRZ7sJXlOaB -goversion go1.26.1 -nolocalimports -importcfg $WORK/b171/importcfg -pack /usr/local/go/src/vendor/golang.org/x/net/idna/go118.go /usr/local/go/src/vendor/golang.org/x/net/idna/idna10.0.0.go /usr/local/go/src/vendor/golang.org/x/net/idna/punycode.go /usr/local/go/src/vendor/golang.org/x/net/idna/tables15.0.0.go /usr/local/go/src/vendor/golang.org/x/net/idna/trie.go /usr/local/go/src/vendor/golang.org/x/net/idna/trie13.0.0.go /usr/local/go/src/vendor/golang.org/x/net/idna/trieval.go
go tool buildid -w $WORK/b171/_pkg_.a # internal
cp $WORK/b171/_pkg_.a /root/.cache/go-build/77/773cd65eef2f72e162bd3424d2b07f376c72653b0f5c5febecd3936b8f0bb9c4-d # internal
mkdir -p $WORK/b176/
cat >/tmp/go-build2523599738/b176/importcfg << 'EOF' # internal
# import config
packagefile bufio=/tmp/go-build2523599738/b066/_pkg_.a
packagefile bytes=/tmp/go-build2523599738/b067/_pkg_.a
packagefile errors=/tmp/go-build2523599738/b003/_pkg_.a
packagefile fmt=/tmp/go-build2523599738/b002/_pkg_.a
packagefile io=/tmp/go-build2523599738/b049/_pkg_.a
packagefile math=/tmp/go-build2523599738/b040/_pkg_.a
packagefile net=/tmp/go-build2523599738/b162/_pkg_.a
packagefile strconv=/tmp/go-build2523599738/b041/_pkg_.a
packagefile strings=/tmp/go-build2523599738/b068/_pkg_.a
packagefile sync=/tmp/go-build2523599738/b043/_pkg_.a
EOF
/usr/local/go/pkg/tool/linux_amd64/compile -o $WORK/b176/_pkg_.a -trimpath "$WORK/b176=>" -p net/textproto -lang=go1.26 -std -complete -buildid CCldSrvvJZRiqBI_Y0Wv/CCldSrvvJZRiqBI_Y0Wv -goversion go1.26.1 -nolocalimports -importcfg $WORK/b176/importcfg -pack /usr/local/go/src/net/textproto/header.go /usr/local/go/src/net/textproto/pipeline.go /usr/local/go/src/net/textproto/reader.go /usr/local/go/src/net/textproto/textproto.go /usr/local/go/src/net/textproto/writer.go
go tool buildid -w $WORK/b176/_pkg_.a # internal
cp $WORK/b176/_pkg_.a /root/.cache/go-build/d3/d306c7688c29ab58694209ccf5030ae75ddb797fba621a7c12b1cc826cb5b574-d # internal
mkdir -p $WORK/b170/
cat >/tmp/go-build2523599738/b170/importcfg << 'EOF' # internal
# import config
importmap golang.org/x/net/idna=vendor/golang.org/x/net/idna
packagefile vendor/golang.org/x/net/idna=/tmp/go-build2523599738/b171/_pkg_.a
packagefile net=/tmp/go-build2523599738/b162/_pkg_.a
packagefile net/textproto=/tmp/go-build2523599738/b176/_pkg_.a
packagefile strings=/tmp/go-build2523599738/b068/_pkg_.a
packagefile unicode/utf8=/tmp/go-build2523599738/b042/_pkg_.a
EOF
/usr/local/go/pkg/tool/linux_amd64/compile -o $WORK/b170/_pkg_.a -trimpath "$WORK/b170=>" -p vendor/golang.org/x/net/http/httpguts -lang=go1.26 -std -complete -buildid bgxh5BSfAAIkcOb18tFU/bgxh5BSfAAIkcOb18tFU -goversion go1.26.1 -nolocalimports -importcfg $WORK/b170/importcfg -pack /usr/local/go/src/vendor/golang.org/x/net/http/httpguts/guts.go /usr/local/go/src/vendor/golang.org/x/net/http/httpguts/httplex.go
go tool buildid -w $WORK/b170/_pkg_.a # internal
cp $WORK/b170/_pkg_.a /root/.cache/go-build/24/24aa637c358cb7d9b2057263ec1f3b6e6deee218f7654e17f3990c5e61c358e6-d # internal
mkdir -p $WORK/b177/
cat >/tmp/go-build2523599738/b177/importcfg << 'EOF' # internal
# import config
importmap golang.org/x/net/idna=vendor/golang.org/x/net/idna
packagefile errors=/tmp/go-build2523599738/b003/_pkg_.a
packagefile fmt=/tmp/go-build2523599738/b002/_pkg_.a
packagefile vendor/golang.org/x/net/idna=/tmp/go-build2523599738/b171/_pkg_.a
packagefile net=/tmp/go-build2523599738/b162/_pkg_.a
packagefile net/netip=/tmp/go-build2523599738/b166/_pkg_.a
packagefile net/url=/tmp/go-build2523599738/b168/_pkg_.a
packagefile os=/tmp/go-build2523599738/b050/_pkg_.a
packagefile strings=/tmp/go-build2523599738/b068/_pkg_.a
packagefile unicode/utf8=/tmp/go-build2523599738/b042/_pkg_.a
EOF
/usr/local/go/pkg/tool/linux_amd64/compile -o $WORK/b177/_pkg_.a -trimpath "$WORK/b177=>" -p vendor/golang.org/x/net/http/httpproxy -lang=go1.26 -std -complete -buildid xSkgMYEaBsPclCzY4p78/xSkgMYEaBsPclCzY4p78 -goversion go1.26.1 -nolocalimports -importcfg $WORK/b177/importcfg -pack /usr/local/go/src/vendor/golang.org/x/net/http/httpproxy/proxy.go
go tool buildid -w $WORK/b177/_pkg_.a # internal
cp $WORK/b177/_pkg_.a /root/.cache/go-build/c9/c99093e490efe0cc71ea748b97db41fa02c95149a2cc811800475bf1d464352b-d # internal
mkdir -p $WORK/b178/
cat >/tmp/go-build2523599738/b178/importcfg << 'EOF' # internal
# import config
packagefile bytes=/tmp/go-build2523599738/b067/_pkg_.a
packagefile errors=/tmp/go-build2523599738/b003/_pkg_.a
packagefile fmt=/tmp/go-build2523599738/b002/_pkg_.a
packagefile io=/tmp/go-build2523599738/b049/_pkg_.a
packagefile sync=/tmp/go-build2523599738/b043/_pkg_.a
EOF
/usr/local/go/pkg/tool/linux_amd64/compile -o $WORK/b178/_pkg_.a -trimpath "$WORK/b178=>" -p vendor/golang.org/x/net/http2/hpack -lang=go1.26 -std -complete -buildid dtkeGEYlAglpdEK9SR89/dtkeGEYlAglpdEK9SR89 -goversion go1.26.1 -nolocalimports -importcfg $WORK/b178/importcfg -pack /usr/local/go/src/vendor/golang.org/x/net/http2/hpack/encode.go /usr/local/go/src/vendor/golang.org/x/net/http2/hpack/hpack.go /usr/local/go/src/vendor/golang.org/x/net/http2/hpack/huffman.go /usr/local/go/src/vendor/golang.org/x/net/http2/hpack/static_table.go /usr/local/go/src/vendor/golang.org/x/net/http2/hpack/tables.go
go tool buildid -w $WORK/b178/_pkg_.a # internal
cp $WORK/b178/_pkg_.a /root/.cache/go-build/ce/ce3a00b634a96913ad2e8d4ff254bddba2aa0cc3c75bde5371650ef60e700aae-d # internal
mkdir -p $WORK/b179/
cat >/tmp/go-build2523599738/b179/importcfg << 'EOF' # internal
# import config
packagefile bufio=/tmp/go-build2523599738/b066/_pkg_.a
packagefile bytes=/tmp/go-build2523599738/b067/_pkg_.a
packagefile encoding/base64=/tmp/go-build2523599738/b160/_pkg_.a
packagefile errors=/tmp/go-build2523599738/b003/_pkg_.a
packagefile fmt=/tmp/go-build2523599738/b002/_pkg_.a
packagefile io=/tmp/go-build2523599738/b049/_pkg_.a
packagefile maps=/tmp/go-build2523599738/b161/_pkg_.a
packagefile os=/tmp/go-build2523599738/b050/_pkg_.a
packagefile slices=/tmp/go-build2523599738/b048/_pkg_.a
packagefile strings=/tmp/go-build2523599738/b068/_pkg_.a
packagefile sync=/tmp/go-build2523599738/b043/_pkg_.a
packagefile unicode=/tmp/go-build2523599738/b047/_pkg_.a
packagefile unicode/utf8=/tmp/go-build2523599738/b042/_pkg_.a
EOF
/usr/local/go/pkg/tool/linux_amd64/compile -o $WORK/b179/_pkg_.a -trimpath "$WORK/b179=>" -p mime -lang=go1.26 -std -complete -buildid sbwswZHZxWjCMqBcMrKr/sbwswZHZxWjCMqBcMrKr -goversion go1.26.1 -nolocalimports -importcfg $WORK/b179/importcfg -pack /usr/local/go/src/mime/encodedword.go /usr/local/go/src/mime/grammar.go /usr/local/go/src/mime/mediatype.go /usr/local/go/src/mime/type.go /usr/local/go/src/mime/type_unix.go
go tool buildid -w $WORK/b179/_pkg_.a # internal
cp $WORK/b179/_pkg_.a /root/.cache/go-build/02/02316f1489c7fe221ee987e37f93a7acb15f9174e9678da928c82f03abefec8e-d # internal
mkdir -p $WORK/b181/
cat >/tmp/go-build2523599738/b181/importcfg << 'EOF' # internal
# import config
packagefile bufio=/tmp/go-build2523599738/b066/_pkg_.a
packagefile bytes=/tmp/go-build2523599738/b067/_pkg_.a
packagefile fmt=/tmp/go-build2523599738/b002/_pkg_.a
packagefile io=/tmp/go-build2523599738/b049/_pkg_.a
EOF
/usr/local/go/pkg/tool/linux_amd64/compile -o $WORK/b181/_pkg_.a -trimpath "$WORK/b181=>" -p mime/quotedprintable -lang=go1.26 -std -complete -buildid gPEDw1cAhxzkB3setYyW/gPEDw1cAhxzkB3setYyW -goversion go1.26.1 -nolocalimports -importcfg $WORK/b181/importcfg -pack /usr/local/go/src/mime/quotedprintable/reader.go /usr/local/go/src/mime/quotedprintable/writer.go
go tool buildid -w $WORK/b181/_pkg_.a # internal
cp $WORK/b181/_pkg_.a /root/.cache/go-build/3f/3fdd70818265478c2a3a045294e16b5db4e177b12961284b3c57a6bd0ab59289-d # internal
mkdir -p $WORK/b180/
cat >/tmp/go-build2523599738/b180/importcfg << 'EOF' # internal
# import config
packagefile bufio=/tmp/go-build2523599738/b066/_pkg_.a
packagefile bytes=/tmp/go-build2523599738/b067/_pkg_.a
packagefile crypto/rand=/tmp/go-build2523599738/b077/_pkg_.a
packagefile errors=/tmp/go-build2523599738/b003/_pkg_.a
packagefile fmt=/tmp/go-build2523599738/b002/_pkg_.a
packagefile internal/godebug=/tmp/go-build2523599738/b056/_pkg_.a
packagefile io=/tmp/go-build2523599738/b049/_pkg_.a
packagefile maps=/tmp/go-build2523599738/b161/_pkg_.a
packagefile math=/tmp/go-build2523599738/b040/_pkg_.a
packagefile mime=/tmp/go-build2523599738/b179/_pkg_.a
packagefile mime/quotedprintable=/tmp/go-build2523599738/b181/_pkg_.a
packagefile net/textproto=/tmp/go-build2523599738/b176/_pkg_.a
packagefile os=/tmp/go-build2523599738/b050/_pkg_.a
packagefile path/filepath=/tmp/go-build2523599738/b169/_pkg_.a
packagefile slices=/tmp/go-build2523599738/b048/_pkg_.a
packagefile strconv=/tmp/go-build2523599738/b041/_pkg_.a
packagefile strings=/tmp/go-build2523599738/b068/_pkg_.a
EOF
/usr/local/go/pkg/tool/linux_amd64/compile -o $WORK/b180/_pkg_.a -trimpath "$WORK/b180=>" -p mime/multipart -lang=go1.26 -std -complete -buildid dMEPLpn1wKnPtBgtQ5Th/dMEPLpn1wKnPtBgtQ5Th -goversion go1.26.1 -nolocalimports -importcfg $WORK/b180/importcfg -pack /usr/local/go/src/mime/multipart/formdata.go /usr/local/go/src/mime/multipart/multipart.go /usr/local/go/src/mime/multipart/readmimeheader.go /usr/local/go/src/mime/multipart/writer.go
go tool buildid -w $WORK/b180/_pkg_.a # internal
cp $WORK/b180/_pkg_.a /root/.cache/go-build/9e/9e9fc0dd947e421bd2668afda7d799bf4f17bbfe63a49d62b010673d782ba6cd-d # internal
mkdir -p $WORK/b182/
cat >/tmp/go-build2523599738/b182/importcfg << 'EOF' # internal
# import config
packagefile context=/tmp/go-build2523599738/b076/_pkg_.a
packagefile crypto/tls=/tmp/go-build2523599738/b109/_pkg_.a
packagefile internal/nettrace=/tmp/go-build2523599738/b164/_pkg_.a
packagefile net=/tmp/go-build2523599738/b162/_pkg_.a
packagefile net/textproto=/tmp/go-build2523599738/b176/_pkg_.a
packagefile reflect=/tmp/go-build2523599738/b038/_pkg_.a
packagefile time=/tmp/go-build2523599738/b055/_pkg_.a
EOF
/usr/local/go/pkg/tool/linux_amd64/compile -o $WORK/b182/_pkg_.a -trimpath "$WORK/b182=>" -p net/http/httptrace -lang=go1.26 -std -complete -buildid aHx13Pwj7cE-eMUZgIxK/aHx13Pwj7cE-eMUZgIxK -goversion go1.26.1 -nolocalimports -importcfg $WORK/b182/importcfg -pack /usr/local/go/src/net/http/httptrace/trace.go
go tool buildid -w $WORK/b182/_pkg_.a # internal
cp $WORK/b182/_pkg_.a /root/.cache/go-build/95/95ec4a93e0a76df9c67d599ad5e48fec1c3bda7f0e3827c27816055e1e95d143-d # internal
mkdir -p $WORK/b183/
cat >/tmp/go-build2523599738/b183/importcfg << 'EOF' # internal
# import config
packagefile bufio=/tmp/go-build2523599738/b066/_pkg_.a
packagefile bytes=/tmp/go-build2523599738/b067/_pkg_.a
packagefile errors=/tmp/go-build2523599738/b003/_pkg_.a
packagefile fmt=/tmp/go-build2523599738/b002/_pkg_.a
packagefile io=/tmp/go-build2523599738/b049/_pkg_.a
EOF
/usr/local/go/pkg/tool/linux_amd64/compile -o $WORK/b183/_pkg_.a -trimpath "$WORK/b183=>" -p net/http/internal -lang=go1.26 -std -complete -buildid Th8TQzjft7oToxKXYJ7R/Th8TQzjft7oToxKXYJ7R -goversion go1.26.1 -nolocalimports -importcfg $WORK/b183/importcfg -pack /usr/local/go/src/net/http/internal/chunked.go
go tool buildid -w $WORK/b183/_pkg_.a # internal
cp $WORK/b183/_pkg_.a /root/.cache/go-build/47/47e20ff19c11c234b7437df0171020431b3d591f55a0c1053a2033b80ba53a1f-d # internal
mkdir -p $WORK/b184/
cat >/tmp/go-build2523599738/b184/importcfg << 'EOF' # internal
# import config
packagefile strings=/tmp/go-build2523599738/b068/_pkg_.a
packagefile unicode=/tmp/go-build2523599738/b047/_pkg_.a
EOF
/usr/local/go/pkg/tool/linux_amd64/compile -o $WORK/b184/_pkg_.a -trimpath "$WORK/b184=>" -p net/http/internal/ascii -lang=go1.26 -std -complete -buildid wmC29XhvohMLNZkMcfn2/wmC29XhvohMLNZkMcfn2 -goversion go1.26.1 -nolocalimports -importcfg $WORK/b184/importcfg -pack /usr/local/go/src/net/http/internal/ascii/print.go
go tool buildid -w $WORK/b184/_pkg_.a # internal
cp $WORK/b184/_pkg_.a /root/.cache/go-build/cc/cc1739e301582cc0a76460d1ba6f318f8adda2e7bd2d9ab2786d33212b9a607f-d # internal
mkdir -p $WORK/b185/
cat >/tmp/go-build2523599738/b185/importcfg << 'EOF' # internal
# import config
importmap golang.org/x/net/http/httpguts=vendor/golang.org/x/net/http/httpguts
importmap golang.org/x/net/http2/hpack=vendor/golang.org/x/net/http2/hpack
packagefile context=/tmp/go-build2523599738/b076/_pkg_.a
packagefile errors=/tmp/go-build2523599738/b003/_pkg_.a
packagefile fmt=/tmp/go-build2523599738/b002/_pkg_.a
packagefile vendor/golang.org/x/net/http/httpguts=/tmp/go-build2523599738/b170/_pkg_.a
packagefile vendor/golang.org/x/net/http2/hpack=/tmp/go-build2523599738/b178/_pkg_.a
packagefile net/http/httptrace=/tmp/go-build2523599738/b182/_pkg_.a
packagefile net/textproto=/tmp/go-build2523599738/b176/_pkg_.a
packagefile net/url=/tmp/go-build2523599738/b168/_pkg_.a
packagefile sort=/tmp/go-build2523599738/b070/_pkg_.a
packagefile strconv=/tmp/go-build2523599738/b041/_pkg_.a
packagefile strings=/tmp/go-build2523599738/b068/_pkg_.a
packagefile sync=/tmp/go-build2523599738/b043/_pkg_.a
EOF
/usr/local/go/pkg/tool/linux_amd64/compile -o $WORK/b185/_pkg_.a -trimpath "$WORK/b185=>" -p net/http/internal/httpcommon -lang=go1.26 -std -complete -buildid KLTOFJoLhkYFSCjkYPwp/KLTOFJoLhkYFSCjkYPwp -goversion go1.26.1 -nolocalimports -importcfg $WORK/b185/importcfg -pack /usr/local/go/src/net/http/internal/httpcommon/httpcommon.go
go tool buildid -w $WORK/b185/_pkg_.a # internal
cp $WORK/b185/_pkg_.a /root/.cache/go-build/0f/0f20133d9043f9688454f4d5210afe0c58dafcb6d0a5667909de59e80cd7d42d-d # internal
mkdir -p $WORK/b065/
cat >/tmp/go-build2523599738/b065/importcfg << 'EOF' # internal
# import config
importmap golang.org/x/net/http/httpguts=vendor/golang.org/x/net/http/httpguts
importmap golang.org/x/net/http/httpproxy=vendor/golang.org/x/net/http/httpproxy
importmap golang.org/x/net/http2/hpack=vendor/golang.org/x/net/http2/hpack
importmap golang.org/x/net/idna=vendor/golang.org/x/net/idna
packagefile bufio=/tmp/go-build2523599738/b066/_pkg_.a
packagefile bytes=/tmp/go-build2523599738/b067/_pkg_.a
packagefile compress/flate=/tmp/go-build2523599738/b069/_pkg_.a
packagefile compress/gzip=/tmp/go-build2523599738/b071/_pkg_.a
packagefile container/list=/tmp/go-build2523599738/b075/_pkg_.a
packagefile context=/tmp/go-build2523599738/b076/_pkg_.a
packagefile crypto/rand=/tmp/go-build2523599738/b077/_pkg_.a
packagefile crypto/tls=/tmp/go-build2523599738/b109/_pkg_.a
packagefile encoding/base64=/tmp/go-build2523599738/b160/_pkg_.a
packagefile encoding/binary=/tmp/go-build2523599738/b072/_pkg_.a
packagefile errors=/tmp/go-build2523599738/b003/_pkg_.a
packagefile fmt=/tmp/go-build2523599738/b002/_pkg_.a
packagefile vendor/golang.org/x/net/http/httpguts=/tmp/go-build2523599738/b170/_pkg_.a
packagefile vendor/golang.org/x/net/http/httpproxy=/tmp/go-build2523599738/b177/_pkg_.a
packagefile vendor/golang.org/x/net/http2/hpack=/tmp/go-build2523599738/b178/_pkg_.a
packagefile vendor/golang.org/x/net/idna=/tmp/go-build2523599738/b171/_pkg_.a
packagefile internal/godebug=/tmp/go-build2523599738/b056/_pkg_.a
packagefile io=/tmp/go-build2523599738/b049/_pkg_.a
packagefile io/fs=/tmp/go-build2523599738/b052/_pkg_.a
packagefile log=/tmp/go-build2523599738/b063/_pkg_.a
packagefile maps=/tmp/go-build2523599738/b161/_pkg_.a
packagefile math=/tmp/go-build2523599738/b040/_pkg_.a
packagefile math/bits=/tmp/go-build2523599738/b023/_pkg_.a
packagefile math/rand=/tmp/go-build2523599738/b108/_pkg_.a
packagefile mime=/tmp/go-build2523599738/b179/_pkg_.a
packagefile mime/multipart=/tmp/go-build2523599738/b180/_pkg_.a
packagefile net=/tmp/go-build2523599738/b162/_pkg_.a
packagefile net/http/httptrace=/tmp/go-build2523599738/b182/_pkg_.a
packagefile net/http/internal=/tmp/go-build2523599738/b183/_pkg_.a
packagefile net/http/internal/ascii=/tmp/go-build2523599738/b184/_pkg_.a
packagefile net/http/internal/httpcommon=/tmp/go-build2523599738/b185/_pkg_.a
packagefile net/textproto=/tmp/go-build2523599738/b176/_pkg_.a
packagefile net/url=/tmp/go-build2523599738/b168/_pkg_.a
packagefile os=/tmp/go-build2523599738/b050/_pkg_.a
packagefile path=/tmp/go-build2523599738/b054/_pkg_.a
packagefile path/filepath=/tmp/go-build2523599738/b169/_pkg_.a
packagefile reflect=/tmp/go-build2523599738/b038/_pkg_.a
packagefile runtime=/tmp/go-build2523599738/b009/_pkg_.a
packagefile slices=/tmp/go-build2523599738/b048/_pkg_.a
packagefile sort=/tmp/go-build2523599738/b070/_pkg_.a
packagefile strconv=/tmp/go-build2523599738/b041/_pkg_.a
packagefile strings=/tmp/go-build2523599738/b068/_pkg_.a
packagefile sync=/tmp/go-build2523599738/b043/_pkg_.a
packagefile sync/atomic=/tmp/go-build2523599738/b045/_pkg_.a
packagefile time=/tmp/go-build2523599738/b055/_pkg_.a
packagefile unicode=/tmp/go-build2523599738/b047/_pkg_.a
packagefile unicode/utf8=/tmp/go-build2523599738/b042/_pkg_.a
EOF
/usr/local/go/pkg/tool/linux_amd64/compile -o $WORK/b065/_pkg_.a -trimpath "$WORK/b065=>" -p net/http -lang=go1.26 -std -complete -buildid c9YV4FMJLYTDCDMNsZRM/c9YV4FMJLYTDCDMNsZRM -goversion go1.26.1 -nolocalimports -importcfg $WORK/b065/importcfg -pack /usr/local/go/src/net/http/client.go /usr/local/go/src/net/http/clientconn.go /usr/local/go/src/net/http/clone.go /usr/local/go/src/net/http/cookie.go /usr/local/go/src/net/http/csrf.go /usr/local/go/src/net/http/doc.go /usr/local/go/src/net/http/filetransport.go /usr/local/go/src/net/http/fs.go /usr/local/go/src/net/http/h2_bundle.go /usr/local/go/src/net/http/h2_error.go /usr/local/go/src/net/http/header.go /usr/local/go/src/net/http/http.go /usr/local/go/src/net/http/jar.go /usr/local/go/src/net/http/mapping.go /usr/local/go/src/net/http/method.go /usr/local/go/src/net/http/pattern.go /usr/local/go/src/net/http/request.go /usr/local/go/src/net/http/response.go /usr/local/go/src/net/http/responsecontroller.go /usr/local/go/src/net/http/roundtrip.go /usr/local/go/src/net/http/routing_index.go /usr/local/go/src/net/http/routing_tree.go /usr/local/go/src/net/http/servemux121.go /usr/local/go/src/net/http/server.go /usr/local/go/src/net/http/sniff.go /usr/local/go/src/net/http/socks_bundle.go /usr/local/go/src/net/http/status.go /usr/local/go/src/net/http/transfer.go /usr/local/go/src/net/http/transport.go /usr/local/go/src/net/http/transport_default_other.go
go tool buildid -w $WORK/b065/_pkg_.a # internal
cp $WORK/b065/_pkg_.a /root/.cache/go-build/d8/d8a73027aacf94e04a591f5fe5a2cb53802fc52cbf898d656d71a387263d3068-d # internal
mkdir -p $WORK/b189/
echo '# import config' > $WORK/b189/importcfg # internal
/usr/local/go/pkg/tool/linux_amd64/compile -o $WORK/b189/_pkg_.a -trimpath "$WORK/b189=>" -p encoding -lang=go1.26 -std -complete -buildid ZAZWl6gtRcLJY7cKhKeW/ZAZWl6gtRcLJY7cKhKeW -goversion go1.26.1 -nolocalimports -importcfg $WORK/b189/importcfg -pack /usr/local/go/src/encoding/encoding.go
go tool buildid -w $WORK/b189/_pkg_.a # internal
cp $WORK/b189/_pkg_.a /root/.cache/go-build/9b/9b3a40b093353251880ced21607d26f7eb295581537a9098a10ffe64bdeb4f66-d # internal
mkdir -p $WORK/b188/
cat >/tmp/go-build2523599738/b188/importcfg << 'EOF' # internal
# import config
packagefile bytes=/tmp/go-build2523599738/b067/_pkg_.a
packagefile cmp=/tmp/go-build2523599738/b037/_pkg_.a
packagefile encoding=/tmp/go-build2523599738/b189/_pkg_.a
packagefile encoding/base64=/tmp/go-build2523599738/b160/_pkg_.a
packagefile errors=/tmp/go-build2523599738/b003/_pkg_.a
packagefile fmt=/tmp/go-build2523599738/b002/_pkg_.a
packagefile io=/tmp/go-build2523599738/b049/_pkg_.a
packagefile math=/tmp/go-build2523599738/b040/_pkg_.a
packagefile reflect=/tmp/go-build2523599738/b038/_pkg_.a
packagefile slices=/tmp/go-build2523599738/b048/_pkg_.a
packagefile strconv=/tmp/go-build2523599738/b041/_pkg_.a
packagefile strings=/tmp/go-build2523599738/b068/_pkg_.a
packagefile sync=/tmp/go-build2523599738/b043/_pkg_.a
packagefile unicode=/tmp/go-build2523599738/b047/_pkg_.a
packagefile unicode/utf16=/tmp/go-build2523599738/b130/_pkg_.a
packagefile unicode/utf8=/tmp/go-build2523599738/b042/_pkg_.a
EOF
/usr/local/go/pkg/tool/linux_amd64/compile -o $WORK/b188/_pkg_.a -trimpath "$WORK/b188=>" -p encoding/json -lang=go1.26 -std -complete -buildid JUSFkmmVc5nnkwsA803o/JUSFkmmVc5nnkwsA803o -goversion go1.26.1 -nolocalimports -importcfg $WORK/b188/importcfg -pack /usr/local/go/src/encoding/json/decode.go /usr/local/go/src/encoding/json/encode.go /usr/local/go/src/encoding/json/fold.go /usr/local/go/src/encoding/json/indent.go /usr/local/go/src/encoding/json/scanner.go /usr/local/go/src/encoding/json/stream.go /usr/local/go/src/encoding/json/tables.go /usr/local/go/src/encoding/json/tags.go
go tool buildid -w $WORK/b188/_pkg_.a # internal
cp $WORK/b188/_pkg_.a /root/.cache/go-build/60/60e9d8141aaac64cbe4575e0391cd4b9b116b3bf462b4468b0ae9b5ad4090ffa-d # internal
mkdir -p $WORK/b190/
cat >/tmp/go-build2523599738/b190/importcfg << 'EOF' # internal
# import config
packagefile strings=/tmp/go-build2523599738/b068/_pkg_.a
packagefile sync=/tmp/go-build2523599738/b043/_pkg_.a
packagefile unicode/utf8=/tmp/go-build2523599738/b042/_pkg_.a
EOF
/usr/local/go/pkg/tool/linux_amd64/compile -o $WORK/b190/_pkg_.a -trimpath "$WORK/b190=>" -p html -lang=go1.26 -std -complete -buildid vI3GY5LqK35Jo1Lmeogm/vI3GY5LqK35Jo1Lmeogm -goversion go1.26.1 -nolocalimports -importcfg $WORK/b190/importcfg -pack /usr/local/go/src/html/entity.go /usr/local/go/src/html/escape.go
go tool buildid -w $WORK/b190/_pkg_.a # internal
cp $WORK/b190/_pkg_.a /root/.cache/go-build/5c/5c4a4509a82e040a0ae066ef2dc701987d26acafa759dfd43cf16787a260a2cd-d # internal
mkdir -p $WORK/b192/
cat >/tmp/go-build2523599738/b192/importcfg << 'EOF' # internal
# import config
packagefile slices=/tmp/go-build2523599738/b048/_pkg_.a
packagefile sort=/tmp/go-build2523599738/b070/_pkg_.a
packagefile strconv=/tmp/go-build2523599738/b041/_pkg_.a
packagefile strings=/tmp/go-build2523599738/b068/_pkg_.a
packagefile sync=/tmp/go-build2523599738/b043/_pkg_.a
packagefile unicode=/tmp/go-build2523599738/b047/_pkg_.a
packagefile unicode/utf8=/tmp/go-build2523599738/b042/_pkg_.a
EOF
/usr/local/go/pkg/tool/linux_amd64/compile -o $WORK/b192/_pkg_.a -trimpath "$WORK/b192=>" -p regexp/syntax -lang=go1.26 -std -complete -buildid 0w1UHk4XE88u1o7Ge4DM/0w1UHk4XE88u1o7Ge4DM -goversion go1.26.1 -nolocalimports -importcfg $WORK/b192/importcfg -pack /usr/local/go/src/regexp/syntax/compile.go /usr/local/go/src/regexp/syntax/doc.go /usr/local/go/src/regexp/syntax/op_string.go /usr/local/go/src/regexp/syntax/parse.go /usr/local/go/src/regexp/syntax/perl_groups.go /usr/local/go/src/regexp/syntax/prog.go /usr/local/go/src/regexp/syntax/regexp.go /usr/local/go/src/regexp/syntax/simplify.go
go tool buildid -w $WORK/b192/_pkg_.a # internal
cp $WORK/b192/_pkg_.a /root/.cache/go-build/f3/f30048f92d33352cdf34c0de654080979985875c6341a01b4a419aeb52019971-d # internal
mkdir -p $WORK/b191/
cat >/tmp/go-build2523599738/b191/importcfg << 'EOF' # internal
# import config
packagefile bytes=/tmp/go-build2523599738/b067/_pkg_.a
packagefile io=/tmp/go-build2523599738/b049/_pkg_.a
packagefile regexp/syntax=/tmp/go-build2523599738/b192/_pkg_.a
packagefile slices=/tmp/go-build2523599738/b048/_pkg_.a
packagefile strconv=/tmp/go-build2523599738/b041/_pkg_.a
packagefile strings=/tmp/go-build2523599738/b068/_pkg_.a
packagefile sync=/tmp/go-build2523599738/b043/_pkg_.a
packagefile unicode=/tmp/go-build2523599738/b047/_pkg_.a
packagefile unicode/utf8=/tmp/go-build2523599738/b042/_pkg_.a
EOF
/usr/local/go/pkg/tool/linux_amd64/compile -o $WORK/b191/_pkg_.a -trimpath "$WORK/b191=>" -p regexp -lang=go1.26 -std -complete -buildid YY384cxjdpNZW03la1ZI/YY384cxjdpNZW03la1ZI -goversion go1.26.1 -nolocalimports -importcfg $WORK/b191/importcfg -pack /usr/local/go/src/regexp/backtrack.go /usr/local/go/src/regexp/exec.go /usr/local/go/src/regexp/onepass.go /usr/local/go/src/regexp/regexp.go
go tool buildid -w $WORK/b191/_pkg_.a # internal
cp $WORK/b191/_pkg_.a /root/.cache/go-build/c3/c35b080ed87b6f70ccfc688e7c2e9eaf432e828cf20c4dc4681811acfdbb4519-d # internal
mkdir -p $WORK/b194/
cat >/tmp/go-build2523599738/b194/importcfg << 'EOF' # internal
# import config
packagefile bytes=/tmp/go-build2523599738/b067/_pkg_.a
packagefile fmt=/tmp/go-build2523599738/b002/_pkg_.a
packagefile runtime=/tmp/go-build2523599738/b009/_pkg_.a
packagefile strconv=/tmp/go-build2523599738/b041/_pkg_.a
packagefile strings=/tmp/go-build2523599738/b068/_pkg_.a
packagefile unicode=/tmp/go-build2523599738/b047/_pkg_.a
packagefile unicode/utf8=/tmp/go-build2523599738/b042/_pkg_.a
EOF
/usr/local/go/pkg/tool/linux_amd64/compile -o $WORK/b194/_pkg_.a -trimpath "$WORK/b194=>" -p text/template/parse -lang=go1.26 -std -complete -buildid -_wulMIzUG37VudZz_o2/-_wulMIzUG37VudZz_o2 -goversion go1.26.1 -nolocalimports -importcfg $WORK/b194/importcfg -pack /usr/local/go/src/text/template/parse/lex.go /usr/local/go/src/text/template/parse/node.go /usr/local/go/src/text/template/parse/parse.go
go tool buildid -w $WORK/b194/_pkg_.a # internal
cp $WORK/b194/_pkg_.a /root/.cache/go-build/f0/f0ef78237e0d9ec272b622c518a458be3772768f29254118bc0b7849887b581a-d # internal
mkdir -p $WORK/b193/
cat >/tmp/go-build2523599738/b193/importcfg << 'EOF' # internal
# import config
packagefile errors=/tmp/go-build2523599738/b003/_pkg_.a
packagefile fmt=/tmp/go-build2523599738/b002/_pkg_.a
packagefile internal/fmtsort=/tmp/go-build2523599738/b036/_pkg_.a
packagefile io=/tmp/go-build2523599738/b049/_pkg_.a
packagefile io/fs=/tmp/go-build2523599738/b052/_pkg_.a
packagefile maps=/tmp/go-build2523599738/b161/_pkg_.a
packagefile net/url=/tmp/go-build2523599738/b168/_pkg_.a
packagefile os=/tmp/go-build2523599738/b050/_pkg_.a
packagefile path=/tmp/go-build2523599738/b054/_pkg_.a
packagefile path/filepath=/tmp/go-build2523599738/b169/_pkg_.a
packagefile reflect=/tmp/go-build2523599738/b038/_pkg_.a
packagefile runtime=/tmp/go-build2523599738/b009/_pkg_.a
packagefile strings=/tmp/go-build2523599738/b068/_pkg_.a
packagefile sync=/tmp/go-build2523599738/b043/_pkg_.a
packagefile text/template/parse=/tmp/go-build2523599738/b194/_pkg_.a
packagefile unicode=/tmp/go-build2523599738/b047/_pkg_.a
packagefile unicode/utf8=/tmp/go-build2523599738/b042/_pkg_.a
EOF
/usr/local/go/pkg/tool/linux_amd64/compile -o $WORK/b193/_pkg_.a -trimpath "$WORK/b193=>" -p text/template -lang=go1.26 -std -complete -buildid fN9r8NUTfTLt36Tq1qzJ/fN9r8NUTfTLt36Tq1qzJ -goversion go1.26.1 -nolocalimports -importcfg $WORK/b193/importcfg -pack /usr/local/go/src/text/template/doc.go /usr/local/go/src/text/template/exec.go /usr/local/go/src/text/template/funcs.go /usr/local/go/src/text/template/helper.go /usr/local/go/src/text/template/option.go /usr/local/go/src/text/template/template.go
go tool buildid -w $WORK/b193/_pkg_.a # internal
cp $WORK/b193/_pkg_.a /root/.cache/go-build/25/25cc5e06cc39453b03cbda7c35e6446206fb44867391c25ccecd2fcb18b78389-d # internal
mkdir -p $WORK/b187/
cat >/tmp/go-build2523599738/b187/importcfg << 'EOF' # internal
# import config
packagefile bytes=/tmp/go-build2523599738/b067/_pkg_.a
packagefile encoding/json=/tmp/go-build2523599738/b188/_pkg_.a
packagefile fmt=/tmp/go-build2523599738/b002/_pkg_.a
packagefile html=/tmp/go-build2523599738/b190/_pkg_.a
packagefile internal/godebug=/tmp/go-build2523599738/b056/_pkg_.a
packagefile io=/tmp/go-build2523599738/b049/_pkg_.a
packagefile io/fs=/tmp/go-build2523599738/b052/_pkg_.a
packagefile maps=/tmp/go-build2523599738/b161/_pkg_.a
packagefile os=/tmp/go-build2523599738/b050/_pkg_.a
packagefile path=/tmp/go-build2523599738/b054/_pkg_.a
packagefile path/filepath=/tmp/go-build2523599738/b169/_pkg_.a
packagefile reflect=/tmp/go-build2523599738/b038/_pkg_.a
packagefile regexp=/tmp/go-build2523599738/b191/_pkg_.a
packagefile strconv=/tmp/go-build2523599738/b041/_pkg_.a
packagefile strings=/tmp/go-build2523599738/b068/_pkg_.a
packagefile sync=/tmp/go-build2523599738/b043/_pkg_.a
packagefile text/template=/tmp/go-build2523599738/b193/_pkg_.a
packagefile text/template/parse=/tmp/go-build2523599738/b194/_pkg_.a
packagefile unicode=/tmp/go-build2523599738/b047/_pkg_.a
packagefile unicode/utf8=/tmp/go-build2523599738/b042/_pkg_.a
EOF
/usr/local/go/pkg/tool/linux_amd64/compile -o $WORK/b187/_pkg_.a -trimpath "$WORK/b187=>" -p html/template -lang=go1.26 -std -complete -buildid 3REOpAvhMA8lLD4gxULm/3REOpAvhMA8lLD4gxULm -goversion go1.26.1 -nolocalimports -importcfg $WORK/b187/importcfg -pack /usr/local/go/src/html/template/attr.go /usr/local/go/src/html/template/attr_string.go /usr/local/go/src/html/template/content.go /usr/local/go/src/html/template/context.go /usr/local/go/src/html/template/css.go /usr/local/go/src/html/template/delim_string.go /usr/local/go/src/html/template/doc.go /usr/local/go/src/html/template/element_string.go /usr/local/go/src/html/template/error.go /usr/local/go/src/html/template/escape.go /usr/local/go/src/html/template/html.go /usr/local/go/src/html/template/js.go /usr/local/go/src/html/template/jsctx_string.go /usr/local/go/src/html/template/state_string.go /usr/local/go/src/html/template/template.go /usr/local/go/src/html/template/transition.go /usr/local/go/src/html/template/url.go /usr/local/go/src/html/template/urlpart_string.go
go tool buildid -w $WORK/b187/_pkg_.a # internal
cp $WORK/b187/_pkg_.a /root/.cache/go-build/85/852171a2e1975cacab4dae8f834da29addb56e42ab1d7d5cdb2c77448311b4fb-d # internal
mkdir -p $WORK/b197/
cat >/tmp/go-build2523599738/b197/importcfg << 'EOF' # internal
# import config
packagefile strconv=/tmp/go-build2523599738/b041/_pkg_.a
EOF
/usr/local/go/pkg/tool/linux_amd64/compile -o $WORK/b197/_pkg_.a -trimpath "$WORK/b197=>" -p golang.org/x/crypto/blowfish -lang=go1.24 -complete -buildid lPCmMDj9yqV74XYWTACL/lPCmMDj9yqV74XYWTACL -goversion go1.26.1 -nolocalimports -importcfg $WORK/b197/importcfg -pack /go/pkg/mod/golang.org/x/crypto@v0.48.0/blowfish/block.go /go/pkg/mod/golang.org/x/crypto@v0.48.0/blowfish/cipher.go /go/pkg/mod/golang.org/x/crypto@v0.48.0/blowfish/const.go
go tool buildid -w $WORK/b197/_pkg_.a # internal
cp $WORK/b197/_pkg_.a /root/.cache/go-build/53/532a6f63ec397c6491470425d316e554da69a4b2fd6723e4ff84f67922d744b7-d # internal
mkdir -p $WORK/b196/
cat >/tmp/go-build2523599738/b196/importcfg << 'EOF' # internal
# import config
packagefile crypto/rand=/tmp/go-build2523599738/b077/_pkg_.a
packagefile crypto/subtle=/tmp/go-build2523599738/b102/_pkg_.a
packagefile encoding/base64=/tmp/go-build2523599738/b160/_pkg_.a
packagefile errors=/tmp/go-build2523599738/b003/_pkg_.a
packagefile fmt=/tmp/go-build2523599738/b002/_pkg_.a
packagefile golang.org/x/crypto/blowfish=/tmp/go-build2523599738/b197/_pkg_.a
packagefile io=/tmp/go-build2523599738/b049/_pkg_.a
packagefile strconv=/tmp/go-build2523599738/b041/_pkg_.a
EOF
/usr/local/go/pkg/tool/linux_amd64/compile -o $WORK/b196/_pkg_.a -trimpath "$WORK/b196=>" -p golang.org/x/crypto/bcrypt -lang=go1.24 -complete -buildid JcPsNznoCCr9FCeGvJ8i/JcPsNznoCCr9FCeGvJ8i -goversion go1.26.1 -nolocalimports -importcfg $WORK/b196/importcfg -pack /go/pkg/mod/golang.org/x/crypto@v0.48.0/bcrypt/base64.go /go/pkg/mod/golang.org/x/crypto@v0.48.0/bcrypt/bcrypt.go
go tool buildid -w $WORK/b196/_pkg_.a # internal
cp $WORK/b196/_pkg_.a /root/.cache/go-build/26/262198fc2da388b11163ac6c813ba4836be6a420db4f1e3ff239c77d1a74452a-d # internal
mkdir -p $WORK/b195/
cat >/tmp/go-build2523599738/b195/importcfg << 'EOF' # internal
# import config
packagefile crypto/hmac=/tmp/go-build2523599738/b137/_pkg_.a
packagefile crypto/sha256=/tmp/go-build2523599738/b141/_pkg_.a
packagefile encoding/hex=/tmp/go-build2523599738/b158/_pkg_.a
packagefile golang.org/x/crypto/bcrypt=/tmp/go-build2523599738/b196/_pkg_.a
packagefile net/http=/tmp/go-build2523599738/b065/_pkg_.a
packagefile os=/tmp/go-build2523599738/b050/_pkg_.a
packagefile strings=/tmp/go-build2523599738/b068/_pkg_.a
EOF
/usr/local/go/pkg/tool/linux_amd64/compile -o $WORK/b195/_pkg_.a -trimpath "$WORK/b195=>" -p webapp/internal/auth -lang=go1.24 -complete -buildid PWRnXePRbb6EXST5cINv/PWRnXePRbb6EXST5cINv -goversion go1.26.1 -nolocalimports -importcfg $WORK/b195/importcfg -pack ./internal/auth/auth.go
go tool buildid -w $WORK/b195/_pkg_.a # internal
cp $WORK/b195/_pkg_.a /root/.cache/go-build/fa/fa13e4f51c181a4567fc3fc6ded0d65d20f6a754f662d553556269c108e44600-d # internal
mkdir -p $WORK/b201/
echo '# import config' > $WORK/b201/importcfg # internal
/usr/local/go/pkg/tool/linux_amd64/compile -o $WORK/b201/_pkg_.a -trimpath "$WORK/b201=>" -p go.mongodb.org/mongo-driver/bson/bsonoptions -lang=go1.18 -complete -buildid MFU9PVWxUQTEzc1KcKMD/MFU9PVWxUQTEzc1KcKMD -goversion go1.26.1 -nolocalimports -importcfg $WORK/b201/importcfg -pack /go/pkg/mod/go.mongodb.org/mongo-driver@v1.17.9/bson/bsonoptions/byte_slice_codec_options.go /go/pkg/mod/go.mongodb.org/mongo-driver@v1.17.9/bson/bsonoptions/doc.go /go/pkg/mod/go.mongodb.org/mongo-driver@v1.17.9/bson/bsonoptions/empty_interface_codec_options.go /go/pkg/mod/go.mongodb.org/mongo-driver@v1.17.9/bson/bsonoptions/map_codec_options.go /go/pkg/mod/go.mongodb.org/mongo-driver@v1.17.9/bson/bsonoptions/slice_codec_options.go /go/pkg/mod/go.mongodb.org/mongo-driver@v1.17.9/bson/bsonoptions/string_codec_options.go /go/pkg/mod/go.mongodb.org/mongo-driver@v1.17.9/bson/bsonoptions/struct_codec_options.go /go/pkg/mod/go.mongodb.org/mongo-driver@v1.17.9/bson/bsonoptions/time_codec_options.go /go/pkg/mod/go.mongodb.org/mongo-driver@v1.17.9/bson/bsonoptions/uint_codec_options.go
go tool buildid -w $WORK/b201/_pkg_.a # internal
cp $WORK/b201/_pkg_.a /root/.cache/go-build/0c/0c5634fa92dfac3fcf9e205a1c1c661a99c093730b3c54e2adc94f7a5d780eed-d # internal
mkdir -p $WORK/b203/
echo '# import config' > $WORK/b203/importcfg # internal
/usr/local/go/pkg/tool/linux_amd64/compile -o $WORK/b203/_pkg_.a -trimpath "$WORK/b203=>" -p go.mongodb.org/mongo-driver/bson/bsontype -lang=go1.18 -complete -buildid kjA0feJdKoyzU1DV2pTI/kjA0feJdKoyzU1DV2pTI -goversion go1.26.1 -nolocalimports -importcfg $WORK/b203/importcfg -pack /go/pkg/mod/go.mongodb.org/mongo-driver@v1.17.9/bson/bsontype/bsontype.go
go tool buildid -w $WORK/b203/_pkg_.a # internal
cp $WORK/b203/_pkg_.a /root/.cache/go-build/56/5647dad8f3c34f1d2372009c7eb374312350765e2f91c6f138c7d3eedf5709f8-d # internal
mkdir -p $WORK/b204/
cat >/tmp/go-build2523599738/b204/importcfg << 'EOF' # internal
# import config
packagefile bytes=/tmp/go-build2523599738/b067/_pkg_.a
packagefile crypto/rand=/tmp/go-build2523599738/b077/_pkg_.a
packagefile encoding=/tmp/go-build2523599738/b189/_pkg_.a
packagefile encoding/binary=/tmp/go-build2523599738/b072/_pkg_.a
packagefile encoding/hex=/tmp/go-build2523599738/b158/_pkg_.a
packagefile encoding/json=/tmp/go-build2523599738/b188/_pkg_.a
packagefile errors=/tmp/go-build2523599738/b003/_pkg_.a
packagefile fmt=/tmp/go-build2523599738/b002/_pkg_.a
packagefile io=/tmp/go-build2523599738/b049/_pkg_.a
packagefile math/big=/tmp/go-build2523599738/b107/_pkg_.a
packagefile regexp=/tmp/go-build2523599738/b191/_pkg_.a
packagefile strconv=/tmp/go-build2523599738/b041/_pkg_.a
packagefile strings=/tmp/go-build2523599738/b068/_pkg_.a
packagefile sync/atomic=/tmp/go-build2523599738/b045/_pkg_.a
packagefile time=/tmp/go-build2523599738/b055/_pkg_.a
EOF
/usr/local/go/pkg/tool/linux_amd64/compile -o $WORK/b204/_pkg_.a -trimpath "$WORK/b204=>" -p go.mongodb.org/mongo-driver/bson/primitive -lang=go1.18 -complete -buildid 51Zf5m3DqMb5abx3c5bD/51Zf5m3DqMb5abx3c5bD -goversion go1.26.1 -nolocalimports -importcfg $WORK/b204/importcfg -pack /go/pkg/mod/go.mongodb.org/mongo-driver@v1.17.9/bson/primitive/decimal.go /go/pkg/mod/go.mongodb.org/mongo-driver@v1.17.9/bson/primitive/objectid.go /go/pkg/mod/go.mongodb.org/mongo-driver@v1.17.9/bson/primitive/primitive.go
go tool buildid -w $WORK/b204/_pkg_.a # internal
cp $WORK/b204/_pkg_.a /root/.cache/go-build/c4/c407b663b8cbc1b2185fa6e178a4d9d645f4f2da033f7555aacdd5eaaf893df2-d # internal
mkdir -p $WORK/b205/
cat >/tmp/go-build2523599738/b205/importcfg << 'EOF' # internal
# import config
packagefile bytes=/tmp/go-build2523599738/b067/_pkg_.a
packagefile encoding/base64=/tmp/go-build2523599738/b160/_pkg_.a
packagefile encoding/binary=/tmp/go-build2523599738/b072/_pkg_.a
packagefile errors=/tmp/go-build2523599738/b003/_pkg_.a
packagefile fmt=/tmp/go-build2523599738/b002/_pkg_.a
packagefile go.mongodb.org/mongo-driver/bson/bsontype=/tmp/go-build2523599738/b203/_pkg_.a
packagefile go.mongodb.org/mongo-driver/bson/primitive=/tmp/go-build2523599738/b204/_pkg_.a
packagefile io=/tmp/go-build2523599738/b049/_pkg_.a
packagefile math=/tmp/go-build2523599738/b040/_pkg_.a
packagefile sort=/tmp/go-build2523599738/b070/_pkg_.a
packagefile strconv=/tmp/go-build2523599738/b041/_pkg_.a
packagefile strings=/tmp/go-build2523599738/b068/_pkg_.a
packagefile time=/tmp/go-build2523599738/b055/_pkg_.a
packagefile unicode/utf8=/tmp/go-build2523599738/b042/_pkg_.a
EOF
/usr/local/go/pkg/tool/linux_amd64/compile -o $WORK/b205/_pkg_.a -trimpath "$WORK/b205=>" -p go.mongodb.org/mongo-driver/x/bsonx/bsoncore -lang=go1.18 -complete -buildid bL1zMnGsii4QGlKz7-zG/bL1zMnGsii4QGlKz7-zG -goversion go1.26.1 -nolocalimports -importcfg $WORK/b205/importcfg -pack /go/pkg/mod/go.mongodb.org/mongo-driver@v1.17.9/x/bsonx/bsoncore/array.go /go/pkg/mod/go.mongodb.org/mongo-driver@v1.17.9/x/bsonx/bsoncore/bson_arraybuilder.go /go/pkg/mod/go.mongodb.org/mongo-driver@v1.17.9/x/bsonx/bsoncore/bson_documentbuilder.go /go/pkg/mod/go.mongodb.org/mongo-driver@v1.17.9/x/bsonx/bsoncore/bsoncore.go /go/pkg/mod/go.mongodb.org/mongo-driver@v1.17.9/x/bsonx/bsoncore/doc.go /go/pkg/mod/go.mongodb.org/mongo-driver@v1.17.9/x/bsonx/bsoncore/document.go /go/pkg/mod/go.mongodb.org/mongo-driver@v1.17.9/x/bsonx/bsoncore/document_sequence.go /go/pkg/mod/go.mongodb.org/mongo-driver@v1.17.9/x/bsonx/bsoncore/element.go /go/pkg/mod/go.mongodb.org/mongo-driver@v1.17.9/x/bsonx/bsoncore/tables.go /go/pkg/mod/go.mongodb.org/mongo-driver@v1.17.9/x/bsonx/bsoncore/value.go
go tool buildid -w $WORK/b205/_pkg_.a # internal
cp $WORK/b205/_pkg_.a /root/.cache/go-build/7f/7f0d5d3448b1a532b9d29e28c0ab3782ed885e037e21a2ebef19b0e9bb183ad4-d # internal
mkdir -p $WORK/b202/
cat >/tmp/go-build2523599738/b202/importcfg << 'EOF' # internal
# import config
packagefile bytes=/tmp/go-build2523599738/b067/_pkg_.a
packagefile encoding/base64=/tmp/go-build2523599738/b160/_pkg_.a
packagefile encoding/binary=/tmp/go-build2523599738/b072/_pkg_.a
packagefile encoding/hex=/tmp/go-build2523599738/b158/_pkg_.a
packagefile errors=/tmp/go-build2523599738/b003/_pkg_.a
packagefile fmt=/tmp/go-build2523599738/b002/_pkg_.a
packagefile go.mongodb.org/mongo-driver/bson/bsontype=/tmp/go-build2523599738/b203/_pkg_.a
packagefile go.mongodb.org/mongo-driver/bson/primitive=/tmp/go-build2523599738/b204/_pkg_.a
packagefile go.mongodb.org/mongo-driver/x/bsonx/bsoncore=/tmp/go-build2523599738/b205/_pkg_.a
packagefile io=/tmp/go-build2523599738/b049/_pkg_.a
packagefile math=/tmp/go-build2523599738/b040/_pkg_.a
packagefile sort=/tmp/go-build2523599738/b070/_pkg_.a
packagefile strconv=/tmp/go-build2523599738/b041/_pkg_.a
packagefile strings=/tmp/go-build2523599738/b068/_pkg_.a
packagefile sync=/tmp/go-build2523599738/b043/_pkg_.a
packagefile time=/tmp/go-build2523599738/b055/_pkg_.a
packagefile unicode=/tmp/go-build2523599738/b047/_pkg_.a
packagefile unicode/utf16=/tmp/go-build2523599738/b130/_pkg_.a
packagefile unicode/utf8=/tmp/go-build2523599738/b042/_pkg_.a
EOF
/usr/local/go/pkg/tool/linux_amd64/compile -o $WORK/b202/_pkg_.a -trimpath "$WORK/b202=>" -p go.mongodb.org/mongo-driver/bson/bsonrw -lang=go1.18 -complete -buildid 56qYtnBWeIBQY8g19uGJ/56qYtnBWeIBQY8g19uGJ -goversion go1.26.1 -nolocalimports -importcfg $WORK/b202/importcfg -pack /go/pkg/mod/go.mongodb.org/mongo-driver@v1.17.9/bson/bsonrw/copier.go /go/pkg/mod/go.mongodb.org/mongo-driver@v1.17.9/bson/bsonrw/doc.go /go/pkg/mod/go.mongodb.org/mongo-driver@v1.17.9/bson/bsonrw/extjson_parser.go /go/pkg/mod/go.mongodb.org/mongo-driver@v1.17.9/bson/bsonrw/extjson_reader.go /go/pkg/mod/go.mongodb.org/mongo-driver@v1.17.9/bson/bsonrw/extjson_tables.go /go/pkg/mod/go.mongodb.org/mongo-driver@v1.17.9/bson/bsonrw/extjson_wrappers.go /go/pkg/mod/go.mongodb.org/mongo-driver@v1.17.9/bson/bsonrw/extjson_writer.go /go/pkg/mod/go.mongodb.org/mongo-driver@v1.17.9/bson/bsonrw/json_scanner.go /go/pkg/mod/go.mongodb.org/mongo-driver@v1.17.9/bson/bsonrw/mode.go /go/pkg/mod/go.mongodb.org/mongo-driver@v1.17.9/bson/bsonrw/reader.go /go/pkg/mod/go.mongodb.org/mongo-driver@v1.17.9/bson/bsonrw/value_reader.go /go/pkg/mod/go.mongodb.org/mongo-driver@v1.17.9/bson/bsonrw/value_writer.go /go/pkg/mod/go.mongodb.org/mongo-driver@v1.17.9/bson/bsonrw/writer.go
go tool buildid -w $WORK/b202/_pkg_.a # internal
cp $WORK/b202/_pkg_.a /root/.cache/go-build/eb/ebde18f8d82b3ce139fa1b55b72943eca17c59703a8e78529af9e56b82cf6ee3-d # internal
mkdir -p $WORK/b200/
cat >/tmp/go-build2523599738/b200/importcfg << 'EOF' # internal
# import config
packagefile encoding=/tmp/go-build2523599738/b189/_pkg_.a
packagefile encoding/json=/tmp/go-build2523599738/b188/_pkg_.a
packagefile errors=/tmp/go-build2523599738/b003/_pkg_.a
packagefile fmt=/tmp/go-build2523599738/b002/_pkg_.a
packagefile go.mongodb.org/mongo-driver/bson/bsonoptions=/tmp/go-build2523599738/b201/_pkg_.a
packagefile go.mongodb.org/mongo-driver/bson/bsonrw=/tmp/go-build2523599738/b202/_pkg_.a
packagefile go.mongodb.org/mongo-driver/bson/bsontype=/tmp/go-build2523599738/b203/_pkg_.a
packagefile go.mongodb.org/mongo-driver/bson/primitive=/tmp/go-build2523599738/b204/_pkg_.a
packagefile go.mongodb.org/mongo-driver/x/bsonx/bsoncore=/tmp/go-build2523599738/b205/_pkg_.a
packagefile math=/tmp/go-build2523599738/b040/_pkg_.a
packagefile net/url=/tmp/go-build2523599738/b168/_pkg_.a
packagefile reflect=/tmp/go-build2523599738/b038/_pkg_.a
packagefile sort=/tmp/go-build2523599738/b070/_pkg_.a
packagefile strconv=/tmp/go-build2523599738/b041/_pkg_.a
packagefile strings=/tmp/go-build2523599738/b068/_pkg_.a
packagefile sync=/tmp/go-build2523599738/b043/_pkg_.a
packagefile sync/atomic=/tmp/go-build2523599738/b045/_pkg_.a
packagefile time=/tmp/go-build2523599738/b055/_pkg_.a
EOF
/usr/local/go/pkg/tool/linux_amd64/compile -o $WORK/b200/_pkg_.a -trimpath "$WORK/b200=>" -p go.mongodb.org/mongo-driver/bson/bsoncodec -lang=go1.18 -complete -buildid GQVnMSFjZgoxJZavUeY4/GQVnMSFjZgoxJZavUeY4 -goversion go1.26.1 -nolocalimports -importcfg $WORK/b200/importcfg -pack /go/pkg/mod/go.mongodb.org/mongo-driver@v1.17.9/bson/bsoncodec/array_codec.go /go/pkg/mod/go.mongodb.org/mongo-driver@v1.17.9/bson/bsoncodec/bsoncodec.go /go/pkg/mod/go.mongodb.org/mongo-driver@v1.17.9/bson/bsoncodec/byte_slice_codec.go /go/pkg/mod/go.mongodb.org/mongo-driver@v1.17.9/bson/bsoncodec/codec_cache.go /go/pkg/mod/go.mongodb.org/mongo-driver@v1.17.9/bson/bsoncodec/cond_addr_codec.go /go/pkg/mod/go.mongodb.org/mongo-driver@v1.17.9/bson/bsoncodec/default_value_decoders.go /go/pkg/mod/go.mongodb.org/mongo-driver@v1.17.9/bson/bsoncodec/default_value_encoders.go /go/pkg/mod/go.mongodb.org/mongo-driver@v1.17.9/bson/bsoncodec/doc.go /go/pkg/mod/go.mongodb.org/mongo-driver@v1.17.9/bson/bsoncodec/empty_interface_codec.go /go/pkg/mod/go.mongodb.org/mongo-driver@v1.17.9/bson/bsoncodec/map_codec.go /go/pkg/mod/go.mongodb.org/mongo-driver@v1.17.9/bson/bsoncodec/mode.go /go/pkg/mod/go.mongodb.org/mongo-driver@v1.17.9/bson/bsoncodec/pointer_codec.go /go/pkg/mod/go.mongodb.org/mongo-driver@v1.17.9/bson/bsoncodec/proxy.go /go/pkg/mod/go.mongodb.org/mongo-driver@v1.17.9/bson/bsoncodec/registry.go /go/pkg/mod/go.mongodb.org/mongo-driver@v1.17.9/bson/bsoncodec/slice_codec.go /go/pkg/mod/go.mongodb.org/mongo-driver@v1.17.9/bson/bsoncodec/string_codec.go /go/pkg/mod/go.mongodb.org/mongo-driver@v1.17.9/bson/bsoncodec/struct_codec.go /go/pkg/mod/go.mongodb.org/mongo-driver@v1.17.9/bson/bsoncodec/struct_tag_parser.go /go/pkg/mod/go.mongodb.org/mongo-driver@v1.17.9/bson/bsoncodec/time_codec.go /go/pkg/mod/go.mongodb.org/mongo-driver@v1.17.9/bson/bsoncodec/types.go /go/pkg/mod/go.mongodb.org/mongo-driver@v1.17.9/bson/bsoncodec/uint_codec.go
go tool buildid -w $WORK/b200/_pkg_.a # internal
cp $WORK/b200/_pkg_.a /root/.cache/go-build/d9/d93be25dfc5289c61a4bb9b5522beba8ae23baa1dd38a6cef144b40201a91a86-d # internal
mkdir -p $WORK/b199/
cat >/tmp/go-build2523599738/b199/importcfg << 'EOF' # internal
# import config
packagefile bytes=/tmp/go-build2523599738/b067/_pkg_.a
packagefile encoding/json=/tmp/go-build2523599738/b188/_pkg_.a
packagefile errors=/tmp/go-build2523599738/b003/_pkg_.a
packagefile fmt=/tmp/go-build2523599738/b002/_pkg_.a
packagefile go.mongodb.org/mongo-driver/bson/bsoncodec=/tmp/go-build2523599738/b200/_pkg_.a
packagefile go.mongodb.org/mongo-driver/bson/bsonrw=/tmp/go-build2523599738/b202/_pkg_.a
packagefile go.mongodb.org/mongo-driver/bson/bsontype=/tmp/go-build2523599738/b203/_pkg_.a
packagefile go.mongodb.org/mongo-driver/bson/primitive=/tmp/go-build2523599738/b204/_pkg_.a
packagefile go.mongodb.org/mongo-driver/x/bsonx/bsoncore=/tmp/go-build2523599738/b205/_pkg_.a
packagefile io=/tmp/go-build2523599738/b049/_pkg_.a
packagefile reflect=/tmp/go-build2523599738/b038/_pkg_.a
packagefile sync=/tmp/go-build2523599738/b043/_pkg_.a
packagefile time=/tmp/go-build2523599738/b055/_pkg_.a
EOF
/usr/local/go/pkg/tool/linux_amd64/compile -o $WORK/b199/_pkg_.a -trimpath "$WORK/b199=>" -p go.mongodb.org/mongo-driver/bson -lang=go1.18 -complete -buildid UPLF95KUs0i-noozdgPE/UPLF95KUs0i-noozdgPE -goversion go1.26.1 -nolocalimports -importcfg $WORK/b199/importcfg -pack /go/pkg/mod/go.mongodb.org/mongo-driver@v1.17.9/bson/bson.go /go/pkg/mod/go.mongodb.org/mongo-driver@v1.17.9/bson/decoder.go /go/pkg/mod/go.mongodb.org/mongo-driver@v1.17.9/bson/doc.go /go/pkg/mod/go.mongodb.org/mongo-driver@v1.17.9/bson/encoder.go /go/pkg/mod/go.mongodb.org/mongo-driver@v1.17.9/bson/marshal.go /go/pkg/mod/go.mongodb.org/mongo-driver@v1.17.9/bson/primitive_codecs.go /go/pkg/mod/go.mongodb.org/mongo-driver@v1.17.9/bson/raw.go /go/pkg/mod/go.mongodb.org/mongo-driver@v1.17.9/bson/raw_element.go /go/pkg/mod/go.mongodb.org/mongo-driver@v1.17.9/bson/raw_value.go /go/pkg/mod/go.mongodb.org/mongo-driver@v1.17.9/bson/registry.go /go/pkg/mod/go.mongodb.org/mongo-driver@v1.17.9/bson/types.go /go/pkg/mod/go.mongodb.org/mongo-driver@v1.17.9/bson/unmarshal.go
go tool buildid -w $WORK/b199/_pkg_.a # internal
cp $WORK/b199/_pkg_.a /root/.cache/go-build/8a/8a086bdb256067d6e03457de5d7e6a8e9725e60dacfcd5cb1cb82291517d481d-d # internal
mkdir -p $WORK/b208/
cat >/tmp/go-build2523599738/b208/importcfg << 'EOF' # internal
# import config
packagefile net=/tmp/go-build2523599738/b162/_pkg_.a
packagefile strings=/tmp/go-build2523599738/b068/_pkg_.a
EOF
/usr/local/go/pkg/tool/linux_amd64/compile -o $WORK/b208/_pkg_.a -trimpath "$WORK/b208=>" -p go.mongodb.org/mongo-driver/mongo/address -lang=go1.18 -complete -buildid 8rmxT1eJMG9CyevVe_Le/8rmxT1eJMG9CyevVe_Le -goversion go1.26.1 -nolocalimports -importcfg $WORK/b208/importcfg -pack /go/pkg/mod/go.mongodb.org/mongo-driver@v1.17.9/mongo/address/addr.go
go tool buildid -w $WORK/b208/_pkg_.a # internal
cp $WORK/b208/_pkg_.a /root/.cache/go-build/2d/2df22004a32591db23b4179b5bd619259967896a738e2dde490ab628568dc9b1-d # internal
mkdir -p $WORK/b210/
cat >/tmp/go-build2523599738/b210/importcfg << 'EOF' # internal
# import config
packagefile fmt=/tmp/go-build2523599738/b002/_pkg_.a
packagefile go.mongodb.org/mongo-driver/bson=/tmp/go-build2523599738/b199/_pkg_.a
EOF
/usr/local/go/pkg/tool/linux_amd64/compile -o $WORK/b210/_pkg_.a -trimpath "$WORK/b210=>" -p go.mongodb.org/mongo-driver/internal/bsonutil -lang=go1.18 -complete -buildid 9NMKgmrz9uDSPwkZzPis/9NMKgmrz9uDSPwkZzPis -goversion go1.26.1 -nolocalimports -importcfg $WORK/b210/importcfg -pack /go/pkg/mod/go.mongodb.org/mongo-driver@v1.17.9/internal/bsonutil/bsonutil.go
go tool buildid -w $WORK/b210/_pkg_.a # internal
cp $WORK/b210/_pkg_.a /root/.cache/go-build/9d/9d7b824536f8c7fca8b7705de6fe602e444ce242e8df63df5a404ebe073b91e3-d # internal
mkdir -p $WORK/b211/
echo '# import config' > $WORK/b211/importcfg # internal
/usr/local/go/pkg/tool/linux_amd64/compile -o $WORK/b211/_pkg_.a -trimpath "$WORK/b211=>" -p go.mongodb.org/mongo-driver/internal/handshake -lang=go1.18 -complete -buildid FaKAPj47C7-guJLRAhNH/FaKAPj47C7-guJLRAhNH -goversion go1.26.1 -nolocalimports -importcfg $WORK/b211/importcfg -pack /go/pkg/mod/go.mongodb.org/mongo-driver@v1.17.9/internal/handshake/handshake.go
go tool buildid -w $WORK/b211/_pkg_.a # internal
cp $WORK/b211/_pkg_.a /root/.cache/go-build/16/16b7d973bcfad02ca7ce8d3897049dd3ba90262000014e0ae28c4d47785a3688-d # internal
mkdir -p $WORK/b212/
echo '# import config' > $WORK/b212/importcfg # internal
/usr/local/go/pkg/tool/linux_amd64/compile -o $WORK/b212/_pkg_.a -trimpath "$WORK/b212=>" -p go.mongodb.org/mongo-driver/internal/ptrutil -lang=go1.18 -complete -buildid 6Ndu_r5buiALMXtA9bCf/6Ndu_r5buiALMXtA9bCf -goversion go1.26.1 -nolocalimports -importcfg $WORK/b212/importcfg -pack /go/pkg/mod/go.mongodb.org/mongo-driver@v1.17.9/internal/ptrutil/int64.go
go tool buildid -w $WORK/b212/_pkg_.a # internal
cp $WORK/b212/_pkg_.a /root/.cache/go-build/7c/7c9fceabc4eb463638c7b0cca92e1123f92e7ab1e4cb1fdb234faf4dd8397d61-d # internal
mkdir -p $WORK/b214/
cat >/tmp/go-build2523599738/b214/importcfg << 'EOF' # internal
# import config
packagefile bytes=/tmp/go-build2523599738/b067/_pkg_.a
packagefile fmt=/tmp/go-build2523599738/b002/_pkg_.a
EOF
/usr/local/go/pkg/tool/linux_amd64/compile -o $WORK/b214/_pkg_.a -trimpath "$WORK/b214=>" -p go.mongodb.org/mongo-driver/tag -lang=go1.18 -complete -buildid KLF2u1F_9u0NpdcckhZn/KLF2u1F_9u0NpdcckhZn -goversion go1.26.1 -nolocalimports -importcfg $WORK/b214/importcfg -pack /go/pkg/mod/go.mongodb.org/mongo-driver@v1.17.9/tag/tag.go
go tool buildid -w $WORK/b214/_pkg_.a # internal
cp $WORK/b214/_pkg_.a /root/.cache/go-build/39/39973fe6526968805a22e9a01073b40181150952d9414e498d811fa8343bb2ad-d # internal
mkdir -p $WORK/b213/
cat >/tmp/go-build2523599738/b213/importcfg << 'EOF' # internal
# import config
packagefile bytes=/tmp/go-build2523599738/b067/_pkg_.a
packagefile errors=/tmp/go-build2523599738/b003/_pkg_.a
packagefile fmt=/tmp/go-build2523599738/b002/_pkg_.a
packagefile go.mongodb.org/mongo-driver/tag=/tmp/go-build2523599738/b214/_pkg_.a
packagefile strings=/tmp/go-build2523599738/b068/_pkg_.a
packagefile time=/tmp/go-build2523599738/b055/_pkg_.a
EOF
/usr/local/go/pkg/tool/linux_amd64/compile -o $WORK/b213/_pkg_.a -trimpath "$WORK/b213=>" -p go.mongodb.org/mongo-driver/mongo/readpref -lang=go1.18 -complete -buildid cdVubRDrGUK6PvSMX6mS/cdVubRDrGUK6PvSMX6mS -goversion go1.26.1 -nolocalimports -importcfg $WORK/b213/importcfg -pack /go/pkg/mod/go.mongodb.org/mongo-driver@v1.17.9/mongo/readpref/mode.go /go/pkg/mod/go.mongodb.org/mongo-driver@v1.17.9/mongo/readpref/options.go /go/pkg/mod/go.mongodb.org/mongo-driver@v1.17.9/mongo/readpref/readpref.go
go tool buildid -w $WORK/b213/_pkg_.a # internal
cp $WORK/b213/_pkg_.a /root/.cache/go-build/aa/aa90a96ae87f52928c67e1698dc7b7ec88e96504f394dbfe4b143151e8d61399-d # internal
mkdir -p $WORK/b209/
cat >/tmp/go-build2523599738/b209/importcfg << 'EOF' # internal
# import config
packagefile encoding/json=/tmp/go-build2523599738/b188/_pkg_.a
packagefile errors=/tmp/go-build2523599738/b003/_pkg_.a
packagefile fmt=/tmp/go-build2523599738/b002/_pkg_.a
packagefile go.mongodb.org/mongo-driver/bson=/tmp/go-build2523599738/b199/_pkg_.a
packagefile go.mongodb.org/mongo-driver/bson/primitive=/tmp/go-build2523599738/b204/_pkg_.a
packagefile go.mongodb.org/mongo-driver/internal/bsonutil=/tmp/go-build2523599738/b210/_pkg_.a
packagefile go.mongodb.org/mongo-driver/internal/handshake=/tmp/go-build2523599738/b211/_pkg_.a
packagefile go.mongodb.org/mongo-driver/internal/ptrutil=/tmp/go-build2523599738/b212/_pkg_.a
packagefile go.mongodb.org/mongo-driver/mongo/address=/tmp/go-build2523599738/b208/_pkg_.a
packagefile go.mongodb.org/mongo-driver/mongo/readpref=/tmp/go-build2523599738/b213/_pkg_.a
packagefile go.mongodb.org/mongo-driver/tag=/tmp/go-build2523599738/b214/_pkg_.a
packagefile math=/tmp/go-build2523599738/b040/_pkg_.a
packagefile time=/tmp/go-build2523599738/b055/_pkg_.a
EOF
/usr/local/go/pkg/tool/linux_amd64/compile -o $WORK/b209/_pkg_.a -trimpath "$WORK/b209=>" -p go.mongodb.org/mongo-driver/mongo/description -lang=go1.18 -complete -buildid eKF1IC5MxNj_CkrD71BR/eKF1IC5MxNj_CkrD71BR -goversion go1.26.1 -nolocalimports -importcfg $WORK/b209/importcfg -pack /go/pkg/mod/go.mongodb.org/mongo-driver@v1.17.9/mongo/description/description.go /go/pkg/mod/go.mongodb.org/mongo-driver@v1.17.9/mongo/description/server.go /go/pkg/mod/go.mongodb.org/mongo-driver@v1.17.9/mongo/description/server_kind.go /go/pkg/mod/go.mongodb.org/mongo-driver@v1.17.9/mongo/description/server_selector.go /go/pkg/mod/go.mongodb.org/mongo-driver@v1.17.9/mongo/description/topology.go /go/pkg/mod/go.mongodb.org/mongo-driver@v1.17.9/mongo/description/topology_kind.go /go/pkg/mod/go.mongodb.org/mongo-driver@v1.17.9/mongo/description/topology_version.go /go/pkg/mod/go.mongodb.org/mongo-driver@v1.17.9/mongo/description/version_range.go
go tool buildid -w $WORK/b209/_pkg_.a # internal
cp $WORK/b209/_pkg_.a /root/.cache/go-build/90/900af459596c3fe2dfc269d1334386924625dd4236abf9c670aab0f0d1e89d58-d # internal
mkdir -p $WORK/b207/
cat >/tmp/go-build2523599738/b207/importcfg << 'EOF' # internal
# import config
packagefile context=/tmp/go-build2523599738/b076/_pkg_.a
packagefile go.mongodb.org/mongo-driver/bson=/tmp/go-build2523599738/b199/_pkg_.a
packagefile go.mongodb.org/mongo-driver/bson/primitive=/tmp/go-build2523599738/b204/_pkg_.a
packagefile go.mongodb.org/mongo-driver/mongo/address=/tmp/go-build2523599738/b208/_pkg_.a
packagefile go.mongodb.org/mongo-driver/mongo/description=/tmp/go-build2523599738/b209/_pkg_.a
packagefile time=/tmp/go-build2523599738/b055/_pkg_.a
EOF
/usr/local/go/pkg/tool/linux_amd64/compile -o $WORK/b207/_pkg_.a -trimpath "$WORK/b207=>" -p go.mongodb.org/mongo-driver/event -lang=go1.18 -complete -buildid iV9pBP5xt5rsKIq5vPeZ/iV9pBP5xt5rsKIq5vPeZ -goversion go1.26.1 -nolocalimports -importcfg $WORK/b207/importcfg -pack /go/pkg/mod/go.mongodb.org/mongo-driver@v1.17.9/event/doc.go /go/pkg/mod/go.mongodb.org/mongo-driver@v1.17.9/event/monitoring.go
go tool buildid -w $WORK/b207/_pkg_.a # internal
cp $WORK/b207/_pkg_.a /root/.cache/go-build/66/66c0e5f58d12fcbe4ea4506507cc12d3255eadd1892c0fff6fcaa9311299de64-d # internal
mkdir -p $WORK/b215/
cat >/tmp/go-build2523599738/b215/importcfg << 'EOF' # internal
# import config
packagefile bytes=/tmp/go-build2523599738/b067/_pkg_.a
packagefile errors=/tmp/go-build2523599738/b003/_pkg_.a
packagefile fmt=/tmp/go-build2523599738/b002/_pkg_.a
packagefile go.mongodb.org/mongo-driver/bson=/tmp/go-build2523599738/b199/_pkg_.a
packagefile go.mongodb.org/mongo-driver/x/bsonx/bsoncore=/tmp/go-build2523599738/b205/_pkg_.a
packagefile io=/tmp/go-build2523599738/b049/_pkg_.a
packagefile reflect=/tmp/go-build2523599738/b038/_pkg_.a
EOF
/usr/local/go/pkg/tool/linux_amd64/compile -o $WORK/b215/_pkg_.a -trimpath "$WORK/b215=>" -p go.mongodb.org/mongo-driver/internal/codecutil -lang=go1.18 -complete -buildid yxbjan0RRIBhH664n3vX/yxbjan0RRIBhH664n3vX -goversion go1.26.1 -nolocalimports -importcfg $WORK/b215/importcfg -pack /go/pkg/mod/go.mongodb.org/mongo-driver@v1.17.9/internal/codecutil/encoding.go
go tool buildid -w $WORK/b215/_pkg_.a # internal
cp $WORK/b215/_pkg_.a /root/.cache/go-build/6d/6dd4454566d6c716401b6cbc330715fc6788a32760040bdd1ff7eae480ea2f9e-d # internal
mkdir -p $WORK/b216/
cat >/tmp/go-build2523599738/b216/importcfg << 'EOF' # internal
# import config
packagefile errors=/tmp/go-build2523599738/b003/_pkg_.a
packagefile fmt=/tmp/go-build2523599738/b002/_pkg_.a
packagefile go.mongodb.org/mongo-driver/x/bsonx/bsoncore=/tmp/go-build2523599738/b205/_pkg_.a
EOF
/usr/local/go/pkg/tool/linux_amd64/compile -o $WORK/b216/_pkg_.a -trimpath "$WORK/b216=>" -p go.mongodb.org/mongo-driver/internal/csfle -lang=go1.18 -complete -buildid 7rnkbcnQbxbLTVC7pLKW/7rnkbcnQbxbLTVC7pLKW -goversion go1.26.1 -nolocalimports -importcfg $WORK/b216/importcfg -pack /go/pkg/mod/go.mongodb.org/mongo-driver@v1.17.9/internal/csfle/csfle.go
go tool buildid -w $WORK/b216/_pkg_.a # internal
cp $WORK/b216/_pkg_.a /root/.cache/go-build/dc/dc1215f6f025ece46af9bf4ce6c8b1c4144af5bdf1676ba611b422053ad01d21-d # internal
mkdir -p $WORK/b217/
cat >/tmp/go-build2523599738/b217/importcfg << 'EOF' # internal
# import config
packagefile context=/tmp/go-build2523599738/b076/_pkg_.a
packagefile time=/tmp/go-build2523599738/b055/_pkg_.a
EOF
/usr/local/go/pkg/tool/linux_amd64/compile -o $WORK/b217/_pkg_.a -trimpath "$WORK/b217=>" -p go.mongodb.org/mongo-driver/internal/csot -lang=go1.18 -complete -buildid kZoTM7FPFNjRR4T3Sit3/kZoTM7FPFNjRR4T3Sit3 -goversion go1.26.1 -nolocalimports -importcfg $WORK/b217/importcfg -pack /go/pkg/mod/go.mongodb.org/mongo-driver@v1.17.9/internal/csot/csot.go
go tool buildid -w $WORK/b217/_pkg_.a # internal
cp $WORK/b217/_pkg_.a /root/.cache/go-build/39/39428895ae1892b0c5b68f08f293dd98e90ce56873e4a36ec29bca4824ad93e8-d # internal
mkdir -p $WORK/b218/
cat >/tmp/go-build2523599738/b218/importcfg << 'EOF' # internal
# import config
packagefile net/http=/tmp/go-build2523599738/b065/_pkg_.a
EOF
/usr/local/go/pkg/tool/linux_amd64/compile -o $WORK/b218/_pkg_.a -trimpath "$WORK/b218=>" -p go.mongodb.org/mongo-driver/internal/httputil -lang=go1.18 -complete -buildid ufOpb8yRd38NpVn_NKa9/ufOpb8yRd38NpVn_NKa9 -goversion go1.26.1 -nolocalimports -importcfg $WORK/b218/importcfg -pack /go/pkg/mod/go.mongodb.org/mongo-driver@v1.17.9/internal/httputil/httputil.go
go tool buildid -w $WORK/b218/_pkg_.a # internal
cp $WORK/b218/_pkg_.a /root/.cache/go-build/44/445827e16b642aea9b1171dde9443c334dff65ae3ea9b77050663b8a4ed7e40b-d # internal
mkdir -p $WORK/b219/
cat >/tmp/go-build2523599738/b219/importcfg << 'EOF' # internal
# import config
packagefile context=/tmp/go-build2523599738/b076/_pkg_.a
packagefile encoding/json=/tmp/go-build2523599738/b188/_pkg_.a
packagefile fmt=/tmp/go-build2523599738/b002/_pkg_.a
packagefile go.mongodb.org/mongo-driver/bson/primitive=/tmp/go-build2523599738/b204/_pkg_.a
packagefile io=/tmp/go-build2523599738/b049/_pkg_.a
packagefile math=/tmp/go-build2523599738/b040/_pkg_.a
packagefile os=/tmp/go-build2523599738/b050/_pkg_.a
packagefile strconv=/tmp/go-build2523599738/b041/_pkg_.a
packagefile strings=/tmp/go-build2523599738/b068/_pkg_.a
packagefile sync=/tmp/go-build2523599738/b043/_pkg_.a
packagefile time=/tmp/go-build2523599738/b055/_pkg_.a
EOF
/usr/local/go/pkg/tool/linux_amd64/compile -o $WORK/b219/_pkg_.a -trimpath "$WORK/b219=>" -p go.mongodb.org/mongo-driver/internal/logger -lang=go1.18 -complete -buildid GqsU4TJ0eCQ0AXyHhX1O/GqsU4TJ0eCQ0AXyHhX1O -goversion go1.26.1 -nolocalimports -importcfg $WORK/b219/importcfg -pack /go/pkg/mod/go.mongodb.org/mongo-driver@v1.17.9/internal/logger/component.go /go/pkg/mod/go.mongodb.org/mongo-driver@v1.17.9/internal/logger/context.go /go/pkg/mod/go.mongodb.org/mongo-driver@v1.17.9/internal/logger/io_sink.go /go/pkg/mod/go.mongodb.org/mongo-driver@v1.17.9/internal/logger/level.go /go/pkg/mod/go.mongodb.org/mongo-driver@v1.17.9/internal/logger/logger.go
go tool buildid -w $WORK/b219/_pkg_.a # internal
cp $WORK/b219/_pkg_.a /root/.cache/go-build/f8/f87db4e11ba9aae1e08df967c9e9aff20b7e63fc31e59f8fe06907c7e5ba042f-d # internal
mkdir -p $WORK/b222/
cat >/tmp/go-build2523599738/b222/importcfg << 'EOF' # internal
# import config
packagefile encoding/binary=/tmp/go-build2523599738/b072/_pkg_.a
packagefile io=/tmp/go-build2523599738/b049/_pkg_.a
packagefile math=/tmp/go-build2523599738/b040/_pkg_.a
packagefile math/bits=/tmp/go-build2523599738/b023/_pkg_.a
packagefile sync=/tmp/go-build2523599738/b043/_pkg_.a
EOF
/usr/local/go/pkg/tool/linux_amd64/compile -o $WORK/b222/_pkg_.a -trimpath "$WORK/b222=>" -p go.mongodb.org/mongo-driver/internal/rand -lang=go1.18 -complete -buildid l6BMVtHPQ_LakCP1ypRX/l6BMVtHPQ_LakCP1ypRX -goversion go1.26.1 -nolocalimports -importcfg $WORK/b222/importcfg -pack /go/pkg/mod/go.mongodb.org/mongo-driver@v1.17.9/internal/rand/bits.go /go/pkg/mod/go.mongodb.org/mongo-driver@v1.17.9/internal/rand/exp.go /go/pkg/mod/go.mongodb.org/mongo-driver@v1.17.9/internal/rand/normal.go /go/pkg/mod/go.mongodb.org/mongo-driver@v1.17.9/internal/rand/rand.go /go/pkg/mod/go.mongodb.org/mongo-driver@v1.17.9/internal/rand/rng.go
go tool buildid -w $WORK/b222/_pkg_.a # internal
cp $WORK/b222/_pkg_.a /root/.cache/go-build/7c/7c24d01fdd3ad61e319a1477bfbe0951f197607dbddefbca3ec07dc706c470ba-d # internal
mkdir -p $WORK/b221/
cat >/tmp/go-build2523599738/b221/importcfg << 'EOF' # internal
# import config
packagefile crypto/rand=/tmp/go-build2523599738/b077/_pkg_.a
packagefile fmt=/tmp/go-build2523599738/b002/_pkg_.a
packagefile go.mongodb.org/mongo-driver/internal/rand=/tmp/go-build2523599738/b222/_pkg_.a
packagefile io=/tmp/go-build2523599738/b049/_pkg_.a
EOF
/usr/local/go/pkg/tool/linux_amd64/compile -o $WORK/b221/_pkg_.a -trimpath "$WORK/b221=>" -p go.mongodb.org/mongo-driver/internal/randutil -lang=go1.18 -complete -buildid S4epx-hWJMePzn1pKmFD/S4epx-hWJMePzn1pKmFD -goversion go1.26.1 -nolocalimports -importcfg $WORK/b221/importcfg -pack /go/pkg/mod/go.mongodb.org/mongo-driver@v1.17.9/internal/randutil/randutil.go
go tool buildid -w $WORK/b221/_pkg_.a # internal
cp $WORK/b221/_pkg_.a /root/.cache/go-build/14/1406c9611452eff9b8065db74fc38a1f42caaecdec2e817fcd3130ed88d33374-d # internal
mkdir -p $WORK/b220/
cat >/tmp/go-build2523599738/b220/importcfg << 'EOF' # internal
# import config
packagefile encoding/hex=/tmp/go-build2523599738/b158/_pkg_.a
packagefile go.mongodb.org/mongo-driver/internal/randutil=/tmp/go-build2523599738/b221/_pkg_.a
packagefile io=/tmp/go-build2523599738/b049/_pkg_.a
EOF
/usr/local/go/pkg/tool/linux_amd64/compile -o $WORK/b220/_pkg_.a -trimpath "$WORK/b220=>" -p go.mongodb.org/mongo-driver/internal/uuid -lang=go1.18 -complete -buildid I-Ryaz8ZSPYdljkZ5ftz/I-Ryaz8ZSPYdljkZ5ftz -goversion go1.26.1 -nolocalimports -importcfg $WORK/b220/importcfg -pack /go/pkg/mod/go.mongodb.org/mongo-driver@v1.17.9/internal/uuid/uuid.go
go tool buildid -w $WORK/b220/_pkg_.a # internal
cp $WORK/b220/_pkg_.a /root/.cache/go-build/17/17cc5c0decff7d0e5353b7346b04fdcc0e6cdc63f5449e310a237293be7cef98-d # internal
mkdir -p $WORK/b225/
cat >/tmp/go-build2523599738/b225/importcfg << 'EOF' # internal
# import config
packagefile crypto/hmac=/tmp/go-build2523599738/b137/_pkg_.a
packagefile hash=/tmp/go-build2523599738/b074/_pkg_.a
EOF
/usr/local/go/pkg/tool/linux_amd64/compile -o $WORK/b225/_pkg_.a -trimpath "$WORK/b225=>" -p golang.org/x/crypto/pbkdf2 -lang=go1.24 -complete -buildid dmQANZDa5p-0z66To1MP/dmQANZDa5p-0z66To1MP -goversion go1.26.1 -nolocalimports -importcfg $WORK/b225/importcfg -pack /go/pkg/mod/golang.org/x/crypto@v0.48.0/pbkdf2/pbkdf2.go
go tool buildid -w $WORK/b225/_pkg_.a # internal
cp $WORK/b225/_pkg_.a /root/.cache/go-build/5d/5d11e1973e0e6f4f85988ac2a96b520e05c9399bb958a1e242834621fda41b90-d # internal
mkdir -p $WORK/b226/
cat >/tmp/go-build2523599738/b226/importcfg << 'EOF' # internal
# import config
packagefile crypto/sha256=/tmp/go-build2523599738/b141/_pkg_.a
packagefile encoding/binary=/tmp/go-build2523599738/b072/_pkg_.a
packagefile errors=/tmp/go-build2523599738/b003/_pkg_.a
packagefile golang.org/x/crypto/pbkdf2=/tmp/go-build2523599738/b225/_pkg_.a
packagefile math/bits=/tmp/go-build2523599738/b023/_pkg_.a
EOF
/usr/local/go/pkg/tool/linux_amd64/compile -o $WORK/b226/_pkg_.a -trimpath "$WORK/b226=>" -p golang.org/x/crypto/scrypt -lang=go1.24 -complete -buildid CETPeLbddA2lT0WJY8VH/CETPeLbddA2lT0WJY8VH -goversion go1.26.1 -nolocalimports -importcfg $WORK/b226/importcfg -pack /go/pkg/mod/golang.org/x/crypto@v0.48.0/scrypt/scrypt.go
go tool buildid -w $WORK/b226/_pkg_.a # internal
cp $WORK/b226/_pkg_.a /root/.cache/go-build/6f/6f295aad863f146b097f968bb51784832b2a373efc50415f31774849081c1ed4-d # internal
mkdir -p $WORK/b224/
cat >/tmp/go-build2523599738/b224/importcfg << 'EOF' # internal
# import config
packagefile bytes=/tmp/go-build2523599738/b067/_pkg_.a
packagefile crypto=/tmp/go-build2523599738/b079/_pkg_.a
packagefile crypto/aes=/tmp/go-build2523599738/b110/_pkg_.a
packagefile crypto/cipher=/tmp/go-build2523599738/b080/_pkg_.a
packagefile crypto/des=/tmp/go-build2523599738/b111/_pkg_.a
packagefile crypto/ecdsa=/tmp/go-build2523599738/b117/_pkg_.a
packagefile crypto/rand=/tmp/go-build2523599738/b077/_pkg_.a
packagefile crypto/rsa=/tmp/go-build2523599738/b151/_pkg_.a
packagefile crypto/sha1=/tmp/go-build2523599738/b153/_pkg_.a
packagefile crypto/sha256=/tmp/go-build2523599738/b141/_pkg_.a
packagefile crypto/x509=/tmp/go-build2523599738/b155/_pkg_.a
packagefile crypto/x509/pkix=/tmp/go-build2523599738/b157/_pkg_.a
packagefile encoding/asn1=/tmp/go-build2523599738/b128/_pkg_.a
packagefile errors=/tmp/go-build2523599738/b003/_pkg_.a
packagefile fmt=/tmp/go-build2523599738/b002/_pkg_.a
packagefile golang.org/x/crypto/pbkdf2=/tmp/go-build2523599738/b225/_pkg_.a
packagefile golang.org/x/crypto/scrypt=/tmp/go-build2523599738/b226/_pkg_.a
packagefile hash=/tmp/go-build2523599738/b074/_pkg_.a
EOF
/usr/local/go/pkg/tool/linux_amd64/compile -o $WORK/b224/_pkg_.a -trimpath "$WORK/b224=>" -p github.com/youmark/pkcs8 -lang=go1.17 -complete -buildid w3iNnh7ylQdlWtAdDnvg/w3iNnh7ylQdlWtAdDnvg -goversion go1.26.1 -nolocalimports -importcfg $WORK/b224/importcfg -pack /go/pkg/mod/github.com/youmark/pkcs8@v0.0.0-20240726163527-a2c0da244d78/cipher.go /go/pkg/mod/github.com/youmark/pkcs8@v0.0.0-20240726163527-a2c0da244d78/cipher_3des.go /go/pkg/mod/github.com/youmark/pkcs8@v0.0.0-20240726163527-a2c0da244d78/cipher_aes.go /go/pkg/mod/github.com/youmark/pkcs8@v0.0.0-20240726163527-a2c0da244d78/kdf_pbkdf2.go /go/pkg/mod/github.com/youmark/pkcs8@v0.0.0-20240726163527-a2c0da244d78/kdf_scrypt.go /go/pkg/mod/github.com/youmark/pkcs8@v0.0.0-20240726163527-a2c0da244d78/pkcs8.go
go tool buildid -w $WORK/b224/_pkg_.a # internal
cp $WORK/b224/_pkg_.a /root/.cache/go-build/01/01860943423a8778d3ee0edd9496d8d638a6b1f010dada7c8bed3ee466ee181e-d # internal
mkdir -p $WORK/b227/
cat >/tmp/go-build2523599738/b227/importcfg << 'EOF' # internal
# import config
packagefile errors=/tmp/go-build2523599738/b003/_pkg_.a
packagefile go.mongodb.org/mongo-driver/bson/bsontype=/tmp/go-build2523599738/b203/_pkg_.a
packagefile go.mongodb.org/mongo-driver/x/bsonx/bsoncore=/tmp/go-build2523599738/b205/_pkg_.a
EOF
/usr/local/go/pkg/tool/linux_amd64/compile -o $WORK/b227/_pkg_.a -trimpath "$WORK/b227=>" -p go.mongodb.org/mongo-driver/mongo/readconcern -lang=go1.18 -complete -buildid Ats3Is5e-CmUNQEp606L/Ats3Is5e-CmUNQEp606L -goversion go1.26.1 -nolocalimports -importcfg $WORK/b227/importcfg -pack /go/pkg/mod/go.mongodb.org/mongo-driver@v1.17.9/mongo/readconcern/readconcern.go
go tool buildid -w $WORK/b227/_pkg_.a # internal
cp $WORK/b227/_pkg_.a /root/.cache/go-build/a7/a7fdb23304f82c61d1e1b6c8da3fbc5266719e4d9a378891903a288b200b4a10-d # internal
mkdir -p $WORK/b228/
cat >/tmp/go-build2523599738/b228/importcfg << 'EOF' # internal
# import config
packagefile errors=/tmp/go-build2523599738/b003/_pkg_.a
packagefile fmt=/tmp/go-build2523599738/b002/_pkg_.a
packagefile go.mongodb.org/mongo-driver/bson=/tmp/go-build2523599738/b199/_pkg_.a
packagefile go.mongodb.org/mongo-driver/bson/bsontype=/tmp/go-build2523599738/b203/_pkg_.a
packagefile go.mongodb.org/mongo-driver/x/bsonx/bsoncore=/tmp/go-build2523599738/b205/_pkg_.a
packagefile time=/tmp/go-build2523599738/b055/_pkg_.a
EOF
/usr/local/go/pkg/tool/linux_amd64/compile -o $WORK/b228/_pkg_.a -trimpath "$WORK/b228=>" -p go.mongodb.org/mongo-driver/mongo/writeconcern -lang=go1.18 -complete -buildid SE7Pai6i0jqwNrZYe_Tq/SE7Pai6i0jqwNrZYe_Tq -goversion go1.26.1 -nolocalimports -importcfg $WORK/b228/importcfg -pack /go/pkg/mod/go.mongodb.org/mongo-driver@v1.17.9/mongo/writeconcern/writeconcern.go
go tool buildid -w $WORK/b228/_pkg_.a # internal
cp $WORK/b228/_pkg_.a /root/.cache/go-build/86/86102329efbf8ddff9e7710691821601f03f2e8150388d138e738874306cff5a-d # internal
mkdir -p $WORK/b231/
cat >/tmp/go-build2523599738/b231/importcfg << 'EOF' # internal
# import config
packagefile errors=/tmp/go-build2523599738/b003/_pkg_.a
packagefile hash=/tmp/go-build2523599738/b074/_pkg_.a
packagefile internal/byteorder=/tmp/go-build2523599738/b012/_pkg_.a
EOF
/usr/local/go/pkg/tool/linux_amd64/compile -o $WORK/b231/_pkg_.a -trimpath "$WORK/b231=>" -p hash/adler32 -lang=go1.26 -std -complete -buildid k7j-rtKtktjieIK4-xtY/k7j-rtKtktjieIK4-xtY -goversion go1.26.1 -nolocalimports -importcfg $WORK/b231/importcfg -pack /usr/local/go/src/hash/adler32/adler32.go
go tool buildid -w $WORK/b231/_pkg_.a # internal
cp $WORK/b231/_pkg_.a /root/.cache/go-build/d0/d020ad446554873b93729c6d4452081ecc02d6963e23f664324e711b811a24fc-d # internal
mkdir -p $WORK/b230/
cat >/tmp/go-build2523599738/b230/importcfg << 'EOF' # internal
# import config
packagefile bufio=/tmp/go-build2523599738/b066/_pkg_.a
packagefile compress/flate=/tmp/go-build2523599738/b069/_pkg_.a
packagefile encoding/binary=/tmp/go-build2523599738/b072/_pkg_.a
packagefile errors=/tmp/go-build2523599738/b003/_pkg_.a
packagefile fmt=/tmp/go-build2523599738/b002/_pkg_.a
packagefile hash=/tmp/go-build2523599738/b074/_pkg_.a
packagefile hash/adler32=/tmp/go-build2523599738/b231/_pkg_.a
packagefile io=/tmp/go-build2523599738/b049/_pkg_.a
EOF
/usr/local/go/pkg/tool/linux_amd64/compile -o $WORK/b230/_pkg_.a -trimpath "$WORK/b230=>" -p compress/zlib -lang=go1.26 -std -complete -buildid 9D7iQZn--yVSHMSo29N7/9D7iQZn--yVSHMSo29N7 -goversion go1.26.1 -nolocalimports -importcfg $WORK/b230/importcfg -pack /usr/local/go/src/compress/zlib/reader.go /usr/local/go/src/compress/zlib/writer.go
go tool buildid -w $WORK/b230/_pkg_.a # internal
cp $WORK/b230/_pkg_.a /root/.cache/go-build/73/7348b07d643989a01fa3d0595417dc9f3096c991c6f1a6621a1b8f9290121d23-d # internal
mkdir -p $WORK/b232/
echo -n > $WORK/b232/go_asm.h # internal
cd /go/pkg/mod/github.com/golang/snappy@v0.0.4
/usr/local/go/pkg/tool/linux_amd64/asm -p github.com/golang/snappy -trimpath "$WORK/b232=>" -I $WORK/b232/ -I /usr/local/go/pkg/include -D GOOS_linux -D GOARCH_amd64 -D GOAMD64_v1 -gensymabis -o $WORK/b232/symabis ./decode_amd64.s ./encode_amd64.s
cat >/tmp/go-build2523599738/b232/importcfg << 'EOF' # internal
# import config
packagefile encoding/binary=/tmp/go-build2523599738/b072/_pkg_.a
packagefile errors=/tmp/go-build2523599738/b003/_pkg_.a
packagefile hash/crc32=/tmp/go-build2523599738/b073/_pkg_.a
packagefile io=/tmp/go-build2523599738/b049/_pkg_.a
EOF
cd /app
/usr/local/go/pkg/tool/linux_amd64/compile -o $WORK/b232/_pkg_.a -trimpath "$WORK/b232=>" -p github.com/golang/snappy -lang=go1.16 -buildid YkaBpo_H1MA3OtdHsCLH/YkaBpo_H1MA3OtdHsCLH -goversion go1.26.1 -symabis $WORK/b232/symabis -nolocalimports -importcfg $WORK/b232/importcfg -pack -asmhdr $WORK/b232/go_asm.h /go/pkg/mod/github.com/golang/snappy@v0.0.4/decode.go /go/pkg/mod/github.com/golang/snappy@v0.0.4/decode_asm.go /go/pkg/mod/github.com/golang/snappy@v0.0.4/encode.go /go/pkg/mod/github.com/golang/snappy@v0.0.4/encode_asm.go /go/pkg/mod/github.com/golang/snappy@v0.0.4/snappy.go
cd /go/pkg/mod/github.com/golang/snappy@v0.0.4
/usr/local/go/pkg/tool/linux_amd64/asm -p github.com/golang/snappy -trimpath "$WORK/b232=>" -I $WORK/b232/ -I /usr/local/go/pkg/include -D GOOS_linux -D GOARCH_amd64 -D GOAMD64_v1 -o $WORK/b232/decode_amd64.o ./decode_amd64.s
/usr/local/go/pkg/tool/linux_amd64/asm -p github.com/golang/snappy -trimpath "$WORK/b232=>" -I $WORK/b232/ -I /usr/local/go/pkg/include -D GOOS_linux -D GOARCH_amd64 -D GOAMD64_v1 -o $WORK/b232/encode_amd64.o ./encode_amd64.s
go tool pack r $WORK/b232/_pkg_.a $WORK/b232/decode_amd64.o $WORK/b232/encode_amd64.o # internal
go tool buildid -w $WORK/b232/_pkg_.a # internal
cp $WORK/b232/_pkg_.a /root/.cache/go-build/dd/dd1ce70af17c02447c62dfeed509d2dc88fde54c1168d9242dbfce5711246cf8-d # internal
mkdir -p $WORK/b234/
cat >/tmp/go-build2523599738/b234/importcfg << 'EOF' # internal
# import config
packagefile math=/tmp/go-build2523599738/b040/_pkg_.a
EOF
cd /app
/usr/local/go/pkg/tool/linux_amd64/compile -o $WORK/b234/_pkg_.a -trimpath "$WORK/b234=>" -p github.com/klauspost/compress -lang=go1.18 -complete -buildid _jh7eZt6gPSSidmIhQZT/_jh7eZt6gPSSidmIhQZT -goversion go1.26.1 -nolocalimports -importcfg $WORK/b234/importcfg -pack /go/pkg/mod/github.com/klauspost/compress@v1.16.7/compressible.go
go tool buildid -w $WORK/b234/_pkg_.a # internal
cp $WORK/b234/_pkg_.a /root/.cache/go-build/38/380f236ea29b60cf6b6be5e814cf124110b6f7765e4552cd7a4e383a71eee992-d # internal
mkdir -p $WORK/b236/
cat >/tmp/go-build2523599738/b236/importcfg << 'EOF' # internal
# import config
packagefile encoding/binary=/tmp/go-build2523599738/b072/_pkg_.a
packagefile errors=/tmp/go-build2523599738/b003/_pkg_.a
packagefile fmt=/tmp/go-build2523599738/b002/_pkg_.a
packagefile io=/tmp/go-build2523599738/b049/_pkg_.a
packagefile math/bits=/tmp/go-build2523599738/b023/_pkg_.a
EOF
/usr/local/go/pkg/tool/linux_amd64/compile -o $WORK/b236/_pkg_.a -trimpath "$WORK/b236=>" -p github.com/klauspost/compress/fse -lang=go1.18 -complete -buildid GzBidpK8_agdTcEPml62/GzBidpK8_agdTcEPml62 -goversion go1.26.1 -nolocalimports -importcfg $WORK/b236/importcfg -pack /go/pkg/mod/github.com/klauspost/compress@v1.16.7/fse/bitreader.go /go/pkg/mod/github.com/klauspost/compress@v1.16.7/fse/bitwriter.go /go/pkg/mod/github.com/klauspost/compress@v1.16.7/fse/bytereader.go /go/pkg/mod/github.com/klauspost/compress@v1.16.7/fse/compress.go /go/pkg/mod/github.com/klauspost/compress@v1.16.7/fse/decompress.go /go/pkg/mod/github.com/klauspost/compress@v1.16.7/fse/fse.go
go tool buildid -w $WORK/b236/_pkg_.a # internal
cp $WORK/b236/_pkg_.a /root/.cache/go-build/d1/d13bcf36443d091ad33c3746fade9051f3c4549101ab9a8e1631021f270d226f-d # internal
mkdir -p $WORK/b237/
echo -n > $WORK/b237/go_asm.h # internal
cd /go/pkg/mod/github.com/klauspost/compress@v1.16.7/internal/cpuinfo
/usr/local/go/pkg/tool/linux_amd64/asm -p github.com/klauspost/compress/internal/cpuinfo -trimpath "$WORK/b237=>" -I $WORK/b237/ -I /usr/local/go/pkg/include -D GOOS_linux -D GOARCH_amd64 -D GOAMD64_v1 -gensymabis -o $WORK/b237/symabis ./cpuinfo_amd64.s
echo '# import config' > $WORK/b237/importcfg # internal
cd /app
/usr/local/go/pkg/tool/linux_amd64/compile -o $WORK/b237/_pkg_.a -trimpath "$WORK/b237=>" -p github.com/klauspost/compress/internal/cpuinfo -lang=go1.18 -buildid tUY1Qk21Td3Vhs8rXSw7/tUY1Qk21Td3Vhs8rXSw7 -goversion go1.26.1 -symabis $WORK/b237/symabis -nolocalimports -importcfg $WORK/b237/importcfg -pack -asmhdr $WORK/b237/go_asm.h /go/pkg/mod/github.com/klauspost/compress@v1.16.7/internal/cpuinfo/cpuinfo.go /go/pkg/mod/github.com/klauspost/compress@v1.16.7/internal/cpuinfo/cpuinfo_amd64.go
cd /go/pkg/mod/github.com/klauspost/compress@v1.16.7/internal/cpuinfo
/usr/local/go/pkg/tool/linux_amd64/asm -p github.com/klauspost/compress/internal/cpuinfo -trimpath "$WORK/b237=>" -I $WORK/b237/ -I /usr/local/go/pkg/include -D GOOS_linux -D GOARCH_amd64 -D GOAMD64_v1 -o $WORK/b237/cpuinfo_amd64.o ./cpuinfo_amd64.s
go tool pack r $WORK/b237/_pkg_.a $WORK/b237/cpuinfo_amd64.o # internal
go tool buildid -w $WORK/b237/_pkg_.a # internal
cp $WORK/b237/_pkg_.a /root/.cache/go-build/5f/5f451bdbfac7c7ed3210559793f4e5422abf9625690ab260bf3c7959700a218b-d # internal
mkdir -p $WORK/b235/
echo -n > $WORK/b235/go_asm.h # internal
cd /go/pkg/mod/github.com/klauspost/compress@v1.16.7/huff0
/usr/local/go/pkg/tool/linux_amd64/asm -p github.com/klauspost/compress/huff0 -trimpath "$WORK/b235=>" -I $WORK/b235/ -I /usr/local/go/pkg/include -D GOOS_linux -D GOARCH_amd64 -D GOAMD64_v1 -gensymabis -o $WORK/b235/symabis ./decompress_amd64.s
cat >/tmp/go-build2523599738/b235/importcfg << 'EOF' # internal
# import config
packagefile encoding/binary=/tmp/go-build2523599738/b072/_pkg_.a
packagefile errors=/tmp/go-build2523599738/b003/_pkg_.a
packagefile fmt=/tmp/go-build2523599738/b002/_pkg_.a
packagefile github.com/klauspost/compress/fse=/tmp/go-build2523599738/b236/_pkg_.a
packagefile github.com/klauspost/compress/internal/cpuinfo=/tmp/go-build2523599738/b237/_pkg_.a
packagefile io=/tmp/go-build2523599738/b049/_pkg_.a
packagefile math=/tmp/go-build2523599738/b040/_pkg_.a
packagefile math/bits=/tmp/go-build2523599738/b023/_pkg_.a
packagefile runtime=/tmp/go-build2523599738/b009/_pkg_.a
packagefile sync=/tmp/go-build2523599738/b043/_pkg_.a
EOF
cd /app
/usr/local/go/pkg/tool/linux_amd64/compile -o $WORK/b235/_pkg_.a -trimpath "$WORK/b235=>" -p github.com/klauspost/compress/huff0 -lang=go1.18 -buildid dHtXUgajmCpcLP5YTZr_/dHtXUgajmCpcLP5YTZr_ -goversion go1.26.1 -symabis $WORK/b235/symabis -nolocalimports -importcfg $WORK/b235/importcfg -pack -asmhdr $WORK/b235/go_asm.h /go/pkg/mod/github.com/klauspost/compress@v1.16.7/huff0/bitreader.go /go/pkg/mod/github.com/klauspost/compress@v1.16.7/huff0/bitwriter.go /go/pkg/mod/github.com/klauspost/compress@v1.16.7/huff0/bytereader.go /go/pkg/mod/github.com/klauspost/compress@v1.16.7/huff0/compress.go /go/pkg/mod/github.com/klauspost/compress@v1.16.7/huff0/decompress.go /go/pkg/mod/github.com/klauspost/compress@v1.16.7/huff0/decompress_amd64.go /go/pkg/mod/github.com/klauspost/compress@v1.16.7/huff0/huff0.go
cd /go/pkg/mod/github.com/klauspost/compress@v1.16.7/huff0
/usr/local/go/pkg/tool/linux_amd64/asm -p github.com/klauspost/compress/huff0 -trimpath "$WORK/b235=>" -I $WORK/b235/ -I /usr/local/go/pkg/include -D GOOS_linux -D GOARCH_amd64 -D GOAMD64_v1 -o $WORK/b235/decompress_amd64.o ./decompress_amd64.s
go tool pack r $WORK/b235/_pkg_.a $WORK/b235/decompress_amd64.o # internal
go tool buildid -w $WORK/b235/_pkg_.a # internal
cp $WORK/b235/_pkg_.a /root/.cache/go-build/a7/a704dbd4c9fd49d182198ad8c9e58a99f8db7defbd444edf3a2d33bf0c7f85cf-d # internal
mkdir -p $WORK/b238/
cat >/tmp/go-build2523599738/b238/importcfg << 'EOF' # internal
# import config
packagefile encoding/binary=/tmp/go-build2523599738/b072/_pkg_.a
packagefile errors=/tmp/go-build2523599738/b003/_pkg_.a
packagefile hash/crc32=/tmp/go-build2523599738/b073/_pkg_.a
packagefile io=/tmp/go-build2523599738/b049/_pkg_.a
EOF
cd /app
/usr/local/go/pkg/tool/linux_amd64/compile -o $WORK/b238/_pkg_.a -trimpath "$WORK/b238=>" -p github.com/klauspost/compress/internal/snapref -lang=go1.18 -complete -buildid xt4PuKDQ1WY_eEZtCPg0/xt4PuKDQ1WY_eEZtCPg0 -goversion go1.26.1 -nolocalimports -importcfg $WORK/b238/importcfg -pack /go/pkg/mod/github.com/klauspost/compress@v1.16.7/internal/snapref/decode.go /go/pkg/mod/github.com/klauspost/compress@v1.16.7/internal/snapref/decode_other.go /go/pkg/mod/github.com/klauspost/compress@v1.16.7/internal/snapref/encode.go /go/pkg/mod/github.com/klauspost/compress@v1.16.7/internal/snapref/encode_other.go /go/pkg/mod/github.com/klauspost/compress@v1.16.7/internal/snapref/snappy.go
go tool buildid -w $WORK/b238/_pkg_.a # internal
cp $WORK/b238/_pkg_.a /root/.cache/go-build/ea/eaa777e2c77e28c42a6f8361ae9ca2fb0d0980c95909ac21da4d43eecceb715a-d # internal
mkdir -p $WORK/b239/
echo -n > $WORK/b239/go_asm.h # internal
cd /go/pkg/mod/github.com/klauspost/compress@v1.16.7/zstd/internal/xxhash
/usr/local/go/pkg/tool/linux_amd64/asm -p github.com/klauspost/compress/zstd/internal/xxhash -trimpath "$WORK/b239=>" -I $WORK/b239/ -I /usr/local/go/pkg/include -D GOOS_linux -D GOARCH_amd64 -D GOAMD64_v1 -gensymabis -o $WORK/b239/symabis ./xxhash_amd64.s
cat >/tmp/go-build2523599738/b239/importcfg << 'EOF' # internal
# import config
packagefile encoding/binary=/tmp/go-build2523599738/b072/_pkg_.a
packagefile errors=/tmp/go-build2523599738/b003/_pkg_.a
packagefile math/bits=/tmp/go-build2523599738/b023/_pkg_.a
EOF
cd /app
/usr/local/go/pkg/tool/linux_amd64/compile -o $WORK/b239/_pkg_.a -trimpath "$WORK/b239=>" -p github.com/klauspost/compress/zstd/internal/xxhash -lang=go1.18 -buildid iMxX_l1UVOIOdUM0W6Ku/iMxX_l1UVOIOdUM0W6Ku -goversion go1.26.1 -symabis $WORK/b239/symabis -nolocalimports -importcfg $WORK/b239/importcfg -pack -asmhdr $WORK/b239/go_asm.h /go/pkg/mod/github.com/klauspost/compress@v1.16.7/zstd/internal/xxhash/xxhash.go /go/pkg/mod/github.com/klauspost/compress@v1.16.7/zstd/internal/xxhash/xxhash_asm.go /go/pkg/mod/github.com/klauspost/compress@v1.16.7/zstd/internal/xxhash/xxhash_safe.go
cd /go/pkg/mod/github.com/klauspost/compress@v1.16.7/zstd/internal/xxhash
/usr/local/go/pkg/tool/linux_amd64/asm -p github.com/klauspost/compress/zstd/internal/xxhash -trimpath "$WORK/b239=>" -I $WORK/b239/ -I /usr/local/go/pkg/include -D GOOS_linux -D GOARCH_amd64 -D GOAMD64_v1 -o $WORK/b239/xxhash_amd64.o ./xxhash_amd64.s
go tool pack r $WORK/b239/_pkg_.a $WORK/b239/xxhash_amd64.o # internal
go tool buildid -w $WORK/b239/_pkg_.a # internal
cp $WORK/b239/_pkg_.a /root/.cache/go-build/ae/ae8e27a89bad2c6711c38608fb45fe7096f1949f334d1cd8c78a9b13e5423d2d-d # internal
mkdir -p $WORK/b240/
echo -n > $WORK/b240/go_asm.h # internal
cd /usr/local/go/src/runtime/debug
/usr/local/go/pkg/tool/linux_amd64/asm -p runtime/debug -trimpath "$WORK/b240=>" -I $WORK/b240/ -I /usr/local/go/pkg/include -D GOOS_linux -D GOARCH_amd64 -D GOAMD64_v1 -gensymabis -o $WORK/b240/symabis ./debug.s
cat >/tmp/go-build2523599738/b240/importcfg << 'EOF' # internal
# import config
packagefile fmt=/tmp/go-build2523599738/b002/_pkg_.a
packagefile internal/poll=/tmp/go-build2523599738/b059/_pkg_.a
packagefile os=/tmp/go-build2523599738/b050/_pkg_.a
packagefile runtime=/tmp/go-build2523599738/b009/_pkg_.a
packagefile slices=/tmp/go-build2523599738/b048/_pkg_.a
packagefile strconv=/tmp/go-build2523599738/b041/_pkg_.a
packagefile strings=/tmp/go-build2523599738/b068/_pkg_.a
packagefile time=/tmp/go-build2523599738/b055/_pkg_.a
EOF
cd /app
/usr/local/go/pkg/tool/linux_amd64/compile -o $WORK/b240/_pkg_.a -trimpath "$WORK/b240=>" -p runtime/debug -lang=go1.26 -std -buildid r75uvE96EkndRFnUdIsC/r75uvE96EkndRFnUdIsC -goversion go1.26.1 -symabis $WORK/b240/symabis -nolocalimports -importcfg $WORK/b240/importcfg -pack -asmhdr $WORK/b240/go_asm.h /usr/local/go/src/runtime/debug/garbage.go /usr/local/go/src/runtime/debug/mod.go /usr/local/go/src/runtime/debug/stack.go /usr/local/go/src/runtime/debug/stubs.go
cd /usr/local/go/src/runtime/debug
/usr/local/go/pkg/tool/linux_amd64/asm -p runtime/debug -trimpath "$WORK/b240=>" -I $WORK/b240/ -I /usr/local/go/pkg/include -D GOOS_linux -D GOARCH_amd64 -D GOAMD64_v1 -o $WORK/b240/debug.o ./debug.s
go tool pack r $WORK/b240/_pkg_.a $WORK/b240/debug.o # internal
go tool buildid -w $WORK/b240/_pkg_.a # internal
cp $WORK/b240/_pkg_.a /root/.cache/go-build/1f/1ff3f5e1967382b06f8dddcecf781aff0b8a02baf7baa9627202e2c401651428-d # internal
mkdir -p $WORK/b233/
echo -n > $WORK/b233/go_asm.h # internal
cd /go/pkg/mod/github.com/klauspost/compress@v1.16.7/zstd
/usr/local/go/pkg/tool/linux_amd64/asm -p github.com/klauspost/compress/zstd -trimpath "$WORK/b233=>" -I $WORK/b233/ -I /usr/local/go/pkg/include -D GOOS_linux -D GOARCH_amd64 -D GOAMD64_v1 -gensymabis -o $WORK/b233/symabis ./fse_decoder_amd64.s ./matchlen_amd64.s ./seqdec_amd64.s
cat >/tmp/go-build2523599738/b233/importcfg << 'EOF' # internal
# import config
packagefile bytes=/tmp/go-build2523599738/b067/_pkg_.a
packagefile context=/tmp/go-build2523599738/b076/_pkg_.a
packagefile crypto/rand=/tmp/go-build2523599738/b077/_pkg_.a
packagefile encoding/binary=/tmp/go-build2523599738/b072/_pkg_.a
packagefile encoding/hex=/tmp/go-build2523599738/b158/_pkg_.a
packagefile errors=/tmp/go-build2523599738/b003/_pkg_.a
packagefile fmt=/tmp/go-build2523599738/b002/_pkg_.a
packagefile github.com/klauspost/compress=/tmp/go-build2523599738/b234/_pkg_.a
packagefile github.com/klauspost/compress/huff0=/tmp/go-build2523599738/b235/_pkg_.a
packagefile github.com/klauspost/compress/internal/cpuinfo=/tmp/go-build2523599738/b237/_pkg_.a
packagefile github.com/klauspost/compress/internal/snapref=/tmp/go-build2523599738/b238/_pkg_.a
packagefile github.com/klauspost/compress/zstd/internal/xxhash=/tmp/go-build2523599738/b239/_pkg_.a
packagefile hash/crc32=/tmp/go-build2523599738/b073/_pkg_.a
packagefile io=/tmp/go-build2523599738/b049/_pkg_.a
packagefile log=/tmp/go-build2523599738/b063/_pkg_.a
packagefile math=/tmp/go-build2523599738/b040/_pkg_.a
packagefile math/bits=/tmp/go-build2523599738/b023/_pkg_.a
packagefile os=/tmp/go-build2523599738/b050/_pkg_.a
packagefile path/filepath=/tmp/go-build2523599738/b169/_pkg_.a
packagefile runtime=/tmp/go-build2523599738/b009/_pkg_.a
packagefile runtime/debug=/tmp/go-build2523599738/b240/_pkg_.a
packagefile strconv=/tmp/go-build2523599738/b041/_pkg_.a
packagefile strings=/tmp/go-build2523599738/b068/_pkg_.a
packagefile sync=/tmp/go-build2523599738/b043/_pkg_.a
EOF
cd /app
/usr/local/go/pkg/tool/linux_amd64/compile -o $WORK/b233/_pkg_.a -trimpath "$WORK/b233=>" -p github.com/klauspost/compress/zstd -lang=go1.18 -buildid fGI5qSEm-7WjbnYuMzEU/fGI5qSEm-7WjbnYuMzEU -goversion go1.26.1 -symabis $WORK/b233/symabis -nolocalimports -importcfg $WORK/b233/importcfg -pack -asmhdr $WORK/b233/go_asm.h /go/pkg/mod/github.com/klauspost/compress@v1.16.7/zstd/bitreader.go /go/pkg/mod/github.com/klauspost/compress@v1.16.7/zstd/bitwriter.go /go/pkg/mod/github.com/klauspost/compress@v1.16.7/zstd/blockdec.go /go/pkg/mod/github.com/klauspost/compress@v1.16.7/zstd/blockenc.go /go/pkg/mod/github.com/klauspost/compress@v1.16.7/zstd/blocktype_string.go /go/pkg/mod/github.com/klauspost/compress@v1.16.7/zstd/bytebuf.go /go/pkg/mod/github.com/klauspost/compress@v1.16.7/zstd/bytereader.go /go/pkg/mod/github.com/klauspost/compress@v1.16.7/zstd/decodeheader.go /go/pkg/mod/github.com/klauspost/compress@v1.16.7/zstd/decoder.go /go/pkg/mod/github.com/klauspost/compress@v1.16.7/zstd/decoder_options.go /go/pkg/mod/github.com/klauspost/compress@v1.16.7/zstd/dict.go /go/pkg/mod/github.com/klauspost/compress@v1.16.7/zstd/enc_base.go /go/pkg/mod/github.com/klauspost/compress@v1.16.7/zstd/enc_best.go /go/pkg/mod/github.com/klauspost/compress@v1.16.7/zstd/enc_better.go /go/pkg/mod/github.com/klauspost/compress@v1.16.7/zstd/enc_dfast.go /go/pkg/mod/github.com/klauspost/compress@v1.16.7/zstd/enc_fast.go /go/pkg/mod/github.com/klauspost/compress@v1.16.7/zstd/encoder.go /go/pkg/mod/github.com/klauspost/compress@v1.16.7/zstd/encoder_options.go /go/pkg/mod/github.com/klauspost/compress@v1.16.7/zstd/framedec.go /go/pkg/mod/github.com/klauspost/compress@v1.16.7/zstd/frameenc.go /go/pkg/mod/github.com/klauspost/compress@v1.16.7/zstd/fse_decoder.go /go/pkg/mod/github.com/klauspost/compress@v1.16.7/zstd/fse_decoder_amd64.go /go/pkg/mod/github.com/klauspost/compress@v1.16.7/zstd/fse_encoder.go /go/pkg/mod/github.com/klauspost/compress@v1.16.7/zstd/fse_predefined.go /go/pkg/mod/github.com/klauspost/compress@v1.16.7/zstd/hash.go /go/pkg/mod/github.com/klauspost/compress@v1.16.7/zstd/history.go /go/pkg/mod/github.com/klauspost/compress@v1.16.7/zstd/matchlen_amd64.go /go/pkg/mod/github.com/klauspost/compress@v1.16.7/zstd/seqdec.go /go/pkg/mod/github.com/klauspost/compress@v1.16.7/zstd/seqdec_amd64.go /go/pkg/mod/github.com/klauspost/compress@v1.16.7/zstd/seqenc.go /go/pkg/mod/github.com/klauspost/compress@v1.16.7/zstd/snappy.go /go/pkg/mod/github.com/klauspost/compress@v1.16.7/zstd/zip.go /go/pkg/mod/github.com/klauspost/compress@v1.16.7/zstd/zstd.go
cd /go/pkg/mod/github.com/klauspost/compress@v1.16.7/zstd
/usr/local/go/pkg/tool/linux_amd64/asm -p github.com/klauspost/compress/zstd -trimpath "$WORK/b233=>" -I $WORK/b233/ -I /usr/local/go/pkg/include -D GOOS_linux -D GOARCH_amd64 -D GOAMD64_v1 -o $WORK/b233/fse_decoder_amd64.o ./fse_decoder_amd64.s
/usr/local/go/pkg/tool/linux_amd64/asm -p github.com/klauspost/compress/zstd -trimpath "$WORK/b233=>" -I $WORK/b233/ -I /usr/local/go/pkg/include -D GOOS_linux -D GOARCH_amd64 -D GOAMD64_v1 -o $WORK/b233/matchlen_amd64.o ./matchlen_amd64.s
/usr/local/go/pkg/tool/linux_amd64/asm -p github.com/klauspost/compress/zstd -trimpath "$WORK/b233=>" -I $WORK/b233/ -I /usr/local/go/pkg/include -D GOOS_linux -D GOARCH_amd64 -D GOAMD64_v1 -o $WORK/b233/seqdec_amd64.o ./seqdec_amd64.s
go tool pack r $WORK/b233/_pkg_.a $WORK/b233/fse_decoder_amd64.o $WORK/b233/matchlen_amd64.o $WORK/b233/seqdec_amd64.o # internal
go tool buildid -w $WORK/b233/_pkg_.a # internal
cp $WORK/b233/_pkg_.a /root/.cache/go-build/4b/4b00ab73b979adff31fa029b5ef3d7f1dfe7415f8b27d09da8c4b286e69410f8-d # internal
mkdir -p $WORK/b241/
cat >/tmp/go-build2523599738/b241/importcfg << 'EOF' # internal
# import config
packagefile os=/tmp/go-build2523599738/b050/_pkg_.a
packagefile strings=/tmp/go-build2523599738/b068/_pkg_.a
EOF
cd /app
/usr/local/go/pkg/tool/linux_amd64/compile -o $WORK/b241/_pkg_.a -trimpath "$WORK/b241=>" -p go.mongodb.org/mongo-driver/internal/driverutil -lang=go1.18 -complete -buildid dkYWbvt7BiLj9ECMKoC_/dkYWbvt7BiLj9ECMKoC_ -goversion go1.26.1 -nolocalimports -importcfg $WORK/b241/importcfg -pack /go/pkg/mod/go.mongodb.org/mongo-driver@v1.17.9/internal/driverutil/hello.go /go/pkg/mod/go.mongodb.org/mongo-driver@v1.17.9/internal/driverutil/operation.go
go tool buildid -w $WORK/b241/_pkg_.a # internal
cp $WORK/b241/_pkg_.a /root/.cache/go-build/df/df0fc8ccf36518448c8c69566d7fcc60434472bb198eef7a912204e3b95f34be-d # internal
mkdir -p $WORK/b243/
cat >/tmp/go-build2523599738/b243/importcfg << 'EOF' # internal
# import config
packagefile go.mongodb.org/mongo-driver/bson/primitive=/tmp/go-build2523599738/b204/_pkg_.a
packagefile go.mongodb.org/mongo-driver/x/bsonx/bsoncore=/tmp/go-build2523599738/b205/_pkg_.a
packagefile net/http=/tmp/go-build2523599738/b065/_pkg_.a
EOF
/usr/local/go/pkg/tool/linux_amd64/compile -o $WORK/b243/_pkg_.a -trimpath "$WORK/b243=>" -p go.mongodb.org/mongo-driver/x/mongo/driver/mongocrypt/options -lang=go1.18 -complete -buildid Q35lUVlAsNDhdYHT3V4I/Q35lUVlAsNDhdYHT3V4I -goversion go1.26.1 -nolocalimports -importcfg $WORK/b243/importcfg -pack /go/pkg/mod/go.mongodb.org/mongo-driver@v1.17.9/x/mongo/driver/mongocrypt/options/doc.go /go/pkg/mod/go.mongodb.org/mongo-driver@v1.17.9/x/mongo/driver/mongocrypt/options/mongocrypt_context_options.go /go/pkg/mod/go.mongodb.org/mongo-driver@v1.17.9/x/mongo/driver/mongocrypt/options/mongocrypt_options.go
go tool buildid -w $WORK/b243/_pkg_.a # internal
cp $WORK/b243/_pkg_.a /root/.cache/go-build/98/986cc18a140ed01e99f5afa1d16b340e9d3e8496ee8a44d5710125e995768dfc-d # internal
mkdir -p $WORK/b242/
cat >/tmp/go-build2523599738/b242/importcfg << 'EOF' # internal
# import config
packagefile context=/tmp/go-build2523599738/b076/_pkg_.a
packagefile go.mongodb.org/mongo-driver/x/bsonx/bsoncore=/tmp/go-build2523599738/b205/_pkg_.a
packagefile go.mongodb.org/mongo-driver/x/mongo/driver/mongocrypt/options=/tmp/go-build2523599738/b243/_pkg_.a
EOF
/usr/local/go/pkg/tool/linux_amd64/compile -o $WORK/b242/_pkg_.a -trimpath "$WORK/b242=>" -p go.mongodb.org/mongo-driver/x/mongo/driver/mongocrypt -lang=go1.18 -complete -buildid 5bIW_uUaZu6y9m7bc6xB/5bIW_uUaZu6y9m7bc6xB -goversion go1.26.1 -nolocalimports -importcfg $WORK/b242/importcfg -pack /go/pkg/mod/go.mongodb.org/mongo-driver@v1.17.9/x/mongo/driver/mongocrypt/errors_not_enabled.go /go/pkg/mod/go.mongodb.org/mongo-driver@v1.17.9/x/mongo/driver/mongocrypt/mongocrypt_context_not_enabled.go /go/pkg/mod/go.mongodb.org/mongo-driver@v1.17.9/x/mongo/driver/mongocrypt/mongocrypt_kms_context_not_enabled.go /go/pkg/mod/go.mongodb.org/mongo-driver@v1.17.9/x/mongo/driver/mongocrypt/mongocrypt_not_enabled.go /go/pkg/mod/go.mongodb.org/mongo-driver@v1.17.9/x/mongo/driver/mongocrypt/state.go
go tool buildid -w $WORK/b242/_pkg_.a # internal
cp $WORK/b242/_pkg_.a /root/.cache/go-build/e4/e432a8d106eb1d5e421bf02d10b4ff107ffa614ff43987ba93afd7e94fda98f8-d # internal
mkdir -p $WORK/b244/
cat >/tmp/go-build2523599738/b244/importcfg << 'EOF' # internal
# import config
packagefile context=/tmp/go-build2523599738/b076/_pkg_.a
packagefile errors=/tmp/go-build2523599738/b003/_pkg_.a
packagefile go.mongodb.org/mongo-driver/bson=/tmp/go-build2523599738/b199/_pkg_.a
packagefile go.mongodb.org/mongo-driver/bson/primitive=/tmp/go-build2523599738/b204/_pkg_.a
packagefile go.mongodb.org/mongo-driver/internal/uuid=/tmp/go-build2523599738/b220/_pkg_.a
packagefile go.mongodb.org/mongo-driver/mongo/address=/tmp/go-build2523599738/b208/_pkg_.a
packagefile go.mongodb.org/mongo-driver/mongo/description=/tmp/go-build2523599738/b209/_pkg_.a
packagefile go.mongodb.org/mongo-driver/mongo/readconcern=/tmp/go-build2523599738/b227/_pkg_.a
packagefile go.mongodb.org/mongo-driver/mongo/readpref=/tmp/go-build2523599738/b213/_pkg_.a
packagefile go.mongodb.org/mongo-driver/mongo/writeconcern=/tmp/go-build2523599738/b228/_pkg_.a
packagefile go.mongodb.org/mongo-driver/x/bsonx/bsoncore=/tmp/go-build2523599738/b205/_pkg_.a
packagefile sync=/tmp/go-build2523599738/b043/_pkg_.a
packagefile sync/atomic=/tmp/go-build2523599738/b045/_pkg_.a
packagefile time=/tmp/go-build2523599738/b055/_pkg_.a
EOF
/usr/local/go/pkg/tool/linux_amd64/compile -o $WORK/b244/_pkg_.a -trimpath "$WORK/b244=>" -p go.mongodb.org/mongo-driver/x/mongo/driver/session -lang=go1.18 -complete -buildid v185-1Ade1UuzbJRkqrL/v185-1Ade1UuzbJRkqrL -goversion go1.26.1 -nolocalimports -importcfg $WORK/b244/importcfg -pack /go/pkg/mod/go.mongodb.org/mongo-driver@v1.17.9/x/mongo/driver/session/client_session.go /go/pkg/mod/go.mongodb.org/mongo-driver@v1.17.9/x/mongo/driver/session/cluster_clock.go /go/pkg/mod/go.mongodb.org/mongo-driver@v1.17.9/x/mongo/driver/session/doc.go /go/pkg/mod/go.mongodb.org/mongo-driver@v1.17.9/x/mongo/driver/session/options.go /go/pkg/mod/go.mongodb.org/mongo-driver@v1.17.9/x/mongo/driver/session/server_session.go /go/pkg/mod/go.mongodb.org/mongo-driver@v1.17.9/x/mongo/driver/session/session_pool.go
go tool buildid -w $WORK/b244/_pkg_.a # internal
cp $WORK/b244/_pkg_.a /root/.cache/go-build/b2/b26666d293d3a34d37b3a0db179632ef08afd7092e000ada71dbb29c84b41d89-d # internal
mkdir -p $WORK/b245/
cat >/tmp/go-build2523599738/b245/importcfg << 'EOF' # internal
# import config
packagefile bytes=/tmp/go-build2523599738/b067/_pkg_.a
packagefile encoding/binary=/tmp/go-build2523599738/b072/_pkg_.a
packagefile go.mongodb.org/mongo-driver/x/bsonx/bsoncore=/tmp/go-build2523599738/b205/_pkg_.a
packagefile strings=/tmp/go-build2523599738/b068/_pkg_.a
packagefile sync/atomic=/tmp/go-build2523599738/b045/_pkg_.a
EOF
/usr/local/go/pkg/tool/linux_amd64/compile -o $WORK/b245/_pkg_.a -trimpath "$WORK/b245=>" -p go.mongodb.org/mongo-driver/x/mongo/driver/wiremessage -lang=go1.18 -complete -buildid CecTRUyQXxIM0JGqiax4/CecTRUyQXxIM0JGqiax4 -goversion go1.26.1 -nolocalimports -importcfg $WORK/b245/importcfg -pack /go/pkg/mod/go.mongodb.org/mongo-driver@v1.17.9/x/mongo/driver/wiremessage/wiremessage.go
go tool buildid -w $WORK/b245/_pkg_.a # internal
cp $WORK/b245/_pkg_.a /root/.cache/go-build/5c/5c6be24fa98d721fda263c824653819e2c5c616cf230b5f3caf38289a32c1bb7-d # internal
mkdir -p $WORK/b229/
cat >/tmp/go-build2523599738/b229/importcfg << 'EOF' # internal
# import config
packagefile bytes=/tmp/go-build2523599738/b067/_pkg_.a
packagefile compress/zlib=/tmp/go-build2523599738/b230/_pkg_.a
packagefile context=/tmp/go-build2523599738/b076/_pkg_.a
packagefile crypto/tls=/tmp/go-build2523599738/b109/_pkg_.a
packagefile errors=/tmp/go-build2523599738/b003/_pkg_.a
packagefile fmt=/tmp/go-build2523599738/b002/_pkg_.a
packagefile github.com/golang/snappy=/tmp/go-build2523599738/b232/_pkg_.a
packagefile github.com/klauspost/compress/zstd=/tmp/go-build2523599738/b233/_pkg_.a
packagefile go.mongodb.org/mongo-driver/bson=/tmp/go-build2523599738/b199/_pkg_.a
packagefile go.mongodb.org/mongo-driver/bson/bsontype=/tmp/go-build2523599738/b203/_pkg_.a
packagefile go.mongodb.org/mongo-driver/bson/primitive=/tmp/go-build2523599738/b204/_pkg_.a
packagefile go.mongodb.org/mongo-driver/event=/tmp/go-build2523599738/b207/_pkg_.a
packagefile go.mongodb.org/mongo-driver/internal/codecutil=/tmp/go-build2523599738/b215/_pkg_.a
packagefile go.mongodb.org/mongo-driver/internal/csot=/tmp/go-build2523599738/b217/_pkg_.a
packagefile go.mongodb.org/mongo-driver/internal/driverutil=/tmp/go-build2523599738/b241/_pkg_.a
packagefile go.mongodb.org/mongo-driver/internal/handshake=/tmp/go-build2523599738/b211/_pkg_.a
packagefile go.mongodb.org/mongo-driver/internal/logger=/tmp/go-build2523599738/b219/_pkg_.a
packagefile go.mongodb.org/mongo-driver/mongo/address=/tmp/go-build2523599738/b208/_pkg_.a
packagefile go.mongodb.org/mongo-driver/mongo/description=/tmp/go-build2523599738/b209/_pkg_.a
packagefile go.mongodb.org/mongo-driver/mongo/readconcern=/tmp/go-build2523599738/b227/_pkg_.a
packagefile go.mongodb.org/mongo-driver/mongo/readpref=/tmp/go-build2523599738/b213/_pkg_.a
packagefile go.mongodb.org/mongo-driver/mongo/writeconcern=/tmp/go-build2523599738/b228/_pkg_.a
packagefile go.mongodb.org/mongo-driver/x/bsonx/bsoncore=/tmp/go-build2523599738/b205/_pkg_.a
packagefile go.mongodb.org/mongo-driver/x/mongo/driver/mongocrypt=/tmp/go-build2523599738/b242/_pkg_.a
packagefile go.mongodb.org/mongo-driver/x/mongo/driver/mongocrypt/options=/tmp/go-build2523599738/b243/_pkg_.a
packagefile go.mongodb.org/mongo-driver/x/mongo/driver/session=/tmp/go-build2523599738/b244/_pkg_.a
packagefile go.mongodb.org/mongo-driver/x/mongo/driver/wiremessage=/tmp/go-build2523599738/b245/_pkg_.a
packagefile io=/tmp/go-build2523599738/b049/_pkg_.a
packagefile math=/tmp/go-build2523599738/b040/_pkg_.a
packagefile net=/tmp/go-build2523599738/b162/_pkg_.a
packagefile strconv=/tmp/go-build2523599738/b041/_pkg_.a
packagefile strings=/tmp/go-build2523599738/b068/_pkg_.a
packagefile sync=/tmp/go-build2523599738/b043/_pkg_.a
packagefile time=/tmp/go-build2523599738/b055/_pkg_.a
EOF
/usr/local/go/pkg/tool/linux_amd64/compile -o $WORK/b229/_pkg_.a -trimpath "$WORK/b229=>" -p go.mongodb.org/mongo-driver/x/mongo/driver -lang=go1.18 -complete -buildid AuXIttiAcvApyrigObcc/AuXIttiAcvApyrigObcc -goversion go1.26.1 -nolocalimports -importcfg $WORK/b229/importcfg -pack /go/pkg/mod/go.mongodb.org/mongo-driver@v1.17.9/x/mongo/driver/batch_cursor.go /go/pkg/mod/go.mongodb.org/mongo-driver@v1.17.9/x/mongo/driver/batches.go /go/pkg/mod/go.mongodb.org/mongo-driver@v1.17.9/x/mongo/driver/compression.go /go/pkg/mod/go.mongodb.org/mongo-driver@v1.17.9/x/mongo/driver/crypt.go /go/pkg/mod/go.mongodb.org/mongo-driver@v1.17.9/x/mongo/driver/driver.go /go/pkg/mod/go.mongodb.org/mongo-driver@v1.17.9/x/mongo/driver/errors.go /go/pkg/mod/go.mongodb.org/mongo-driver@v1.17.9/x/mongo/driver/legacy.go /go/pkg/mod/go.mongodb.org/mongo-driver@v1.17.9/x/mongo/driver/operation.go /go/pkg/mod/go.mongodb.org/mongo-driver@v1.17.9/x/mongo/driver/operation_exhaust.go /go/pkg/mod/go.mongodb.org/mongo-driver@v1.17.9/x/mongo/driver/serverapioptions.go
go tool buildid -w $WORK/b229/_pkg_.a # internal
cp $WORK/b229/_pkg_.a /root/.cache/go-build/c6/c64174a701ed86bc64c549572000ba965d70974169622f11e213c343623d88b5-d # internal
mkdir -p $WORK/b248/
cat >/tmp/go-build2523599738/b248/importcfg << 'EOF' # internal
# import config
packagefile crypto/hmac=/tmp/go-build2523599738/b137/_pkg_.a
packagefile encoding/binary=/tmp/go-build2523599738/b072/_pkg_.a
packagefile hash=/tmp/go-build2523599738/b074/_pkg_.a
EOF
/usr/local/go/pkg/tool/linux_amd64/compile -o $WORK/b248/_pkg_.a -trimpath "$WORK/b248=>" -p github.com/xdg-go/pbkdf2 -lang=go1.9 -complete -buildid DAD9iwLlZVXOrn2sx2UA/DAD9iwLlZVXOrn2sx2UA -goversion go1.26.1 -nolocalimports -importcfg $WORK/b248/importcfg -pack /go/pkg/mod/github.com/xdg-go/pbkdf2@v1.0.0/pbkdf2.go
go tool buildid -w $WORK/b248/_pkg_.a # internal
cp $WORK/b248/_pkg_.a /root/.cache/go-build/fc/fcd953622b5cfb91e3ae75dc2c58e4f916c8a5477f7575d311b995861adef811-d # internal
mkdir -p $WORK/b251/
cat >/tmp/go-build2523599738/b251/importcfg << 'EOF' # internal
# import config
packagefile bytes=/tmp/go-build2523599738/b067/_pkg_.a
packagefile errors=/tmp/go-build2523599738/b003/_pkg_.a
packagefile io=/tmp/go-build2523599738/b049/_pkg_.a
packagefile unicode/utf8=/tmp/go-build2523599738/b042/_pkg_.a
EOF
/usr/local/go/pkg/tool/linux_amd64/compile -o $WORK/b251/_pkg_.a -trimpath "$WORK/b251=>" -p golang.org/x/text/transform -lang=go1.24 -complete -buildid 6TDwcKnurcG2a3mZsRdu/6TDwcKnurcG2a3mZsRdu -goversion go1.26.1 -nolocalimports -importcfg $WORK/b251/importcfg -pack /go/pkg/mod/golang.org/x/text@v0.34.0/transform/transform.go
go tool buildid -w $WORK/b251/_pkg_.a # internal
cp $WORK/b251/_pkg_.a /root/.cache/go-build/ee/eedb469d60ae3391db83e440c20ccd536e446f1cf5f13e488140de64e1f8e537-d # internal
mkdir -p $WORK/b250/
cat >/tmp/go-build2523599738/b250/importcfg << 'EOF' # internal
# import config
packagefile encoding/binary=/tmp/go-build2523599738/b072/_pkg_.a
packagefile fmt=/tmp/go-build2523599738/b002/_pkg_.a
packagefile golang.org/x/text/transform=/tmp/go-build2523599738/b251/_pkg_.a
packagefile io=/tmp/go-build2523599738/b049/_pkg_.a
packagefile sync=/tmp/go-build2523599738/b043/_pkg_.a
packagefile unicode/utf8=/tmp/go-build2523599738/b042/_pkg_.a
EOF
/usr/local/go/pkg/tool/linux_amd64/compile -o $WORK/b250/_pkg_.a -trimpath "$WORK/b250=>" -p golang.org/x/text/unicode/norm -lang=go1.24 -complete -buildid 2BFat5Y0Br3m2O6VxY_A/2BFat5Y0Br3m2O6VxY_A -goversion go1.26.1 -nolocalimports -importcfg $WORK/b250/importcfg -pack /go/pkg/mod/golang.org/x/text@v0.34.0/unicode/norm/composition.go /go/pkg/mod/golang.org/x/text@v0.34.0/unicode/norm/forminfo.go /go/pkg/mod/golang.org/x/text@v0.34.0/unicode/norm/input.go /go/pkg/mod/golang.org/x/text@v0.34.0/unicode/norm/iter.go /go/pkg/mod/golang.org/x/text@v0.34.0/unicode/norm/normalize.go /go/pkg/mod/golang.org/x/text@v0.34.0/unicode/norm/readwriter.go /go/pkg/mod/golang.org/x/text@v0.34.0/unicode/norm/tables15.0.0.go /go/pkg/mod/golang.org/x/text@v0.34.0/unicode/norm/transform.go /go/pkg/mod/golang.org/x/text@v0.34.0/unicode/norm/trie.go
go tool buildid -w $WORK/b250/_pkg_.a # internal
cp $WORK/b250/_pkg_.a /root/.cache/go-build/90/90bfdcec77f6d84539d8c3c8fe2ad8a9be55913e1959230dfea1a2970073b9dd-d # internal
mkdir -p $WORK/b249/
cat >/tmp/go-build2523599738/b249/importcfg << 'EOF' # internal
# import config
packagefile fmt=/tmp/go-build2523599738/b002/_pkg_.a
packagefile golang.org/x/text/unicode/norm=/tmp/go-build2523599738/b250/_pkg_.a
packagefile sort=/tmp/go-build2523599738/b070/_pkg_.a
EOF
/usr/local/go/pkg/tool/linux_amd64/compile -o $WORK/b249/_pkg_.a -trimpath "$WORK/b249=>" -p github.com/xdg-go/stringprep -lang=go1.11 -complete -buildid ETnfboCM9jW3_L98vaam/ETnfboCM9jW3_L98vaam -goversion go1.26.1 -nolocalimports -importcfg $WORK/b249/importcfg -pack /go/pkg/mod/github.com/xdg-go/stringprep@v1.0.4/bidi.go /go/pkg/mod/github.com/xdg-go/stringprep@v1.0.4/doc.go /go/pkg/mod/github.com/xdg-go/stringprep@v1.0.4/error.go /go/pkg/mod/github.com/xdg-go/stringprep@v1.0.4/map.go /go/pkg/mod/github.com/xdg-go/stringprep@v1.0.4/profile.go /go/pkg/mod/github.com/xdg-go/stringprep@v1.0.4/saslprep.go /go/pkg/mod/github.com/xdg-go/stringprep@v1.0.4/set.go /go/pkg/mod/github.com/xdg-go/stringprep@v1.0.4/tables.go
go tool buildid -w $WORK/b249/_pkg_.a # internal
cp $WORK/b249/_pkg_.a /root/.cache/go-build/43/4321c22f0d68ed3038b929255d655c83d1229fe9d822597e209a5e5c0df5718b-d # internal
mkdir -p $WORK/b247/
cat >/tmp/go-build2523599738/b247/importcfg << 'EOF' # internal
# import config
packagefile crypto/hmac=/tmp/go-build2523599738/b137/_pkg_.a
packagefile crypto/rand=/tmp/go-build2523599738/b077/_pkg_.a
packagefile crypto/sha1=/tmp/go-build2523599738/b153/_pkg_.a
packagefile crypto/sha256=/tmp/go-build2523599738/b141/_pkg_.a
packagefile crypto/sha512=/tmp/go-build2523599738/b126/_pkg_.a
packagefile encoding/base64=/tmp/go-build2523599738/b160/_pkg_.a
packagefile errors=/tmp/go-build2523599738/b003/_pkg_.a
packagefile fmt=/tmp/go-build2523599738/b002/_pkg_.a
packagefile github.com/xdg-go/pbkdf2=/tmp/go-build2523599738/b248/_pkg_.a
packagefile github.com/xdg-go/stringprep=/tmp/go-build2523599738/b249/_pkg_.a
packagefile hash=/tmp/go-build2523599738/b074/_pkg_.a
packagefile strconv=/tmp/go-build2523599738/b041/_pkg_.a
packagefile strings=/tmp/go-build2523599738/b068/_pkg_.a
packagefile sync=/tmp/go-build2523599738/b043/_pkg_.a
EOF
/usr/local/go/pkg/tool/linux_amd64/compile -o $WORK/b247/_pkg_.a -trimpath "$WORK/b247=>" -p github.com/xdg-go/scram -lang=go1.11 -complete -buildid 87EgBXx-HbBYIcBwx-RW/87EgBXx-HbBYIcBwx-RW -goversion go1.26.1 -nolocalimports -importcfg $WORK/b247/importcfg -pack /go/pkg/mod/github.com/xdg-go/scram@v1.1.2/client.go /go/pkg/mod/github.com/xdg-go/scram@v1.1.2/client_conv.go /go/pkg/mod/github.com/xdg-go/scram@v1.1.2/common.go /go/pkg/mod/github.com/xdg-go/scram@v1.1.2/doc.go /go/pkg/mod/github.com/xdg-go/scram@v1.1.2/parse.go /go/pkg/mod/github.com/xdg-go/scram@v1.1.2/scram.go /go/pkg/mod/github.com/xdg-go/scram@v1.1.2/server.go /go/pkg/mod/github.com/xdg-go/scram@v1.1.2/server_conv.go
go tool buildid -w $WORK/b247/_pkg_.a # internal
cp $WORK/b247/_pkg_.a /root/.cache/go-build/29/29768a44425aab8ca804ed3d04b129749f4f6fbd8368dcfc1b3cafe656e9b313-d # internal
mkdir -p $WORK/b253/
cat >/tmp/go-build2523599738/b253/importcfg << 'EOF' # internal
# import config
packagefile fmt=/tmp/go-build2523599738/b002/_pkg_.a
EOF
/usr/local/go/pkg/tool/linux_amd64/compile -o $WORK/b253/_pkg_.a -trimpath "$WORK/b253=>" -p go.mongodb.org/mongo-driver/internal/aws/awserr -lang=go1.18 -complete -buildid 2_IcP_AjNDcH2YJRWHp4/2_IcP_AjNDcH2YJRWHp4 -goversion go1.26.1 -nolocalimports -importcfg $WORK/b253/importcfg -pack /go/pkg/mod/go.mongodb.org/mongo-driver@v1.17.9/internal/aws/awserr/error.go /go/pkg/mod/go.mongodb.org/mongo-driver@v1.17.9/internal/aws/awserr/types.go
go tool buildid -w $WORK/b253/_pkg_.a # internal
cp $WORK/b253/_pkg_.a /root/.cache/go-build/ce/ced9ca7eb2e0c77ab9cd1e59b30d4d73f8bba599972ae4318ce1b66a8a929076-d # internal
mkdir -p $WORK/b254/
cat >/tmp/go-build2523599738/b254/importcfg << 'EOF' # internal
# import config
packagefile bytes=/tmp/go-build2523599738/b067/_pkg_.a
packagefile errors=/tmp/go-build2523599738/b003/_pkg_.a
packagefile fmt=/tmp/go-build2523599738/b002/_pkg_.a
packagefile runtime=/tmp/go-build2523599738/b009/_pkg_.a
packagefile runtime/debug=/tmp/go-build2523599738/b240/_pkg_.a
packagefile sync=/tmp/go-build2523599738/b043/_pkg_.a
EOF
/usr/local/go/pkg/tool/linux_amd64/compile -o $WORK/b254/_pkg_.a -trimpath "$WORK/b254=>" -p golang.org/x/sync/singleflight -lang=go1.24 -complete -buildid nEd6TSz3h_skNyvXl3WB/nEd6TSz3h_skNyvXl3WB -goversion go1.26.1 -nolocalimports -importcfg $WORK/b254/importcfg -pack /go/pkg/mod/golang.org/x/sync@v0.19.0/singleflight/singleflight.go
go tool buildid -w $WORK/b254/_pkg_.a # internal
cp $WORK/b254/_pkg_.a /root/.cache/go-build/83/837ad890490e2ec0d518f284d994851fd0d44673efecb70ee79022589d91c6c6-d # internal
mkdir -p $WORK/b252/
cat >/tmp/go-build2523599738/b252/importcfg << 'EOF' # internal
# import config
packagefile context=/tmp/go-build2523599738/b076/_pkg_.a
packagefile go.mongodb.org/mongo-driver/internal/aws/awserr=/tmp/go-build2523599738/b253/_pkg_.a
packagefile golang.org/x/sync/singleflight=/tmp/go-build2523599738/b254/_pkg_.a
packagefile sync=/tmp/go-build2523599738/b043/_pkg_.a
packagefile time=/tmp/go-build2523599738/b055/_pkg_.a
EOF
/usr/local/go/pkg/tool/linux_amd64/compile -o $WORK/b252/_pkg_.a -trimpath "$WORK/b252=>" -p go.mongodb.org/mongo-driver/internal/aws/credentials -lang=go1.18 -complete -buildid uu-l2f9z9CxfXRxaM5Bl/uu-l2f9z9CxfXRxaM5Bl -goversion go1.26.1 -nolocalimports -importcfg $WORK/b252/importcfg -pack /go/pkg/mod/go.mongodb.org/mongo-driver@v1.17.9/internal/aws/credentials/chain_provider.go /go/pkg/mod/go.mongodb.org/mongo-driver@v1.17.9/internal/aws/credentials/credentials.go
go tool buildid -w $WORK/b252/_pkg_.a # internal
cp $WORK/b252/_pkg_.a /root/.cache/go-build/23/23f690619a5af71c89efcd3c5418bed297500dc67741cfb92092acd45d9780f2-d # internal
mkdir -p $WORK/b256/
cat >/tmp/go-build2523599738/b256/importcfg << 'EOF' # internal
# import config
packagefile io=/tmp/go-build2523599738/b049/_pkg_.a
EOF
/usr/local/go/pkg/tool/linux_amd64/compile -o $WORK/b256/_pkg_.a -trimpath "$WORK/b256=>" -p go.mongodb.org/mongo-driver/internal/aws -lang=go1.18 -complete -buildid tqmdyqQy0dpFp6q8e8gt/tqmdyqQy0dpFp6q8e8gt -goversion go1.26.1 -nolocalimports -importcfg $WORK/b256/importcfg -pack /go/pkg/mod/go.mongodb.org/mongo-driver@v1.17.9/internal/aws/types.go
go tool buildid -w $WORK/b256/_pkg_.a # internal
cp $WORK/b256/_pkg_.a /root/.cache/go-build/86/867baae327e8bb31accb7ec013eeef88d42a31c3e0a7408cfcae2c7070561e74-d # internal
mkdir -p $WORK/b257/
cat >/tmp/go-build2523599738/b257/importcfg << 'EOF' # internal
# import config
packagefile io=/tmp/go-build2523599738/b049/_pkg_.a
packagefile io/fs=/tmp/go-build2523599738/b052/_pkg_.a
packagefile os=/tmp/go-build2523599738/b050/_pkg_.a
packagefile slices=/tmp/go-build2523599738/b048/_pkg_.a
packagefile strings=/tmp/go-build2523599738/b068/_pkg_.a
EOF
/usr/local/go/pkg/tool/linux_amd64/compile -o $WORK/b257/_pkg_.a -trimpath "$WORK/b257=>" -p io/ioutil -lang=go1.26 -std -complete -buildid C-CBhVgCdosDn8T5Tnlc/C-CBhVgCdosDn8T5Tnlc -goversion go1.26.1 -nolocalimports -importcfg $WORK/b257/importcfg -pack /usr/local/go/src/io/ioutil/ioutil.go /usr/local/go/src/io/ioutil/tempfile.go
go tool buildid -w $WORK/b257/_pkg_.a # internal
cp $WORK/b257/_pkg_.a /root/.cache/go-build/c8/c8511215bbc3765b80edbe393b2e1d0d2f594fe0eee4b9583bb597e16fdb684f-d # internal
mkdir -p $WORK/b255/
cat >/tmp/go-build2523599738/b255/importcfg << 'EOF' # internal
# import config
packagefile bytes=/tmp/go-build2523599738/b067/_pkg_.a
packagefile crypto/hmac=/tmp/go-build2523599738/b137/_pkg_.a
packagefile crypto/sha256=/tmp/go-build2523599738/b141/_pkg_.a
packagefile encoding/hex=/tmp/go-build2523599738/b158/_pkg_.a
packagefile fmt=/tmp/go-build2523599738/b002/_pkg_.a
packagefile go.mongodb.org/mongo-driver/internal/aws=/tmp/go-build2523599738/b256/_pkg_.a
packagefile go.mongodb.org/mongo-driver/internal/aws/credentials=/tmp/go-build2523599738/b252/_pkg_.a
packagefile io=/tmp/go-build2523599738/b049/_pkg_.a
packagefile io/ioutil=/tmp/go-build2523599738/b257/_pkg_.a
packagefile net/http=/tmp/go-build2523599738/b065/_pkg_.a
packagefile net/url=/tmp/go-build2523599738/b168/_pkg_.a
packagefile sort=/tmp/go-build2523599738/b070/_pkg_.a
packagefile strings=/tmp/go-build2523599738/b068/_pkg_.a
packagefile time=/tmp/go-build2523599738/b055/_pkg_.a
EOF
/usr/local/go/pkg/tool/linux_amd64/compile -o $WORK/b255/_pkg_.a -trimpath "$WORK/b255=>" -p go.mongodb.org/mongo-driver/internal/aws/signer/v4 -lang=go1.18 -complete -buildid 0VlEK3uMuPW5AnCr8QQ4/0VlEK3uMuPW5AnCr8QQ4 -goversion go1.26.1 -nolocalimports -importcfg $WORK/b255/importcfg -pack /go/pkg/mod/go.mongodb.org/mongo-driver@v1.17.9/internal/aws/signer/v4/header_rules.go /go/pkg/mod/go.mongodb.org/mongo-driver@v1.17.9/internal/aws/signer/v4/request.go /go/pkg/mod/go.mongodb.org/mongo-driver@v1.17.9/internal/aws/signer/v4/uri_path.go /go/pkg/mod/go.mongodb.org/mongo-driver@v1.17.9/internal/aws/signer/v4/v4.go
go tool buildid -w $WORK/b255/_pkg_.a # internal
cp $WORK/b255/_pkg_.a /root/.cache/go-build/09/0999b868f22f5825904d58d56f464f2a3e0037fc0eec8c892826bfe6bf323c1c-d # internal
mkdir -p $WORK/b258/
cat >/tmp/go-build2523599738/b258/importcfg << 'EOF' # internal
# import config
packagefile context=/tmp/go-build2523599738/b076/_pkg_.a
packagefile encoding/json=/tmp/go-build2523599738/b188/_pkg_.a
packagefile errors=/tmp/go-build2523599738/b003/_pkg_.a
packagefile fmt=/tmp/go-build2523599738/b002/_pkg_.a
packagefile go.mongodb.org/mongo-driver/internal/aws/credentials=/tmp/go-build2523599738/b252/_pkg_.a
packagefile go.mongodb.org/mongo-driver/internal/uuid=/tmp/go-build2523599738/b220/_pkg_.a
packagefile io/ioutil=/tmp/go-build2523599738/b257/_pkg_.a
packagefile net/http=/tmp/go-build2523599738/b065/_pkg_.a
packagefile net/url=/tmp/go-build2523599738/b168/_pkg_.a
packagefile os=/tmp/go-build2523599738/b050/_pkg_.a
packagefile time=/tmp/go-build2523599738/b055/_pkg_.a
EOF
/usr/local/go/pkg/tool/linux_amd64/compile -o $WORK/b258/_pkg_.a -trimpath "$WORK/b258=>" -p go.mongodb.org/mongo-driver/internal/credproviders -lang=go1.18 -complete -buildid iOkIQAUuvm96r48hNpDD/iOkIQAUuvm96r48hNpDD -goversion go1.26.1 -nolocalimports -importcfg $WORK/b258/importcfg -pack /go/pkg/mod/go.mongodb.org/mongo-driver@v1.17.9/internal/credproviders/assume_role_provider.go /go/pkg/mod/go.mongodb.org/mongo-driver@v1.17.9/internal/credproviders/ec2_provider.go /go/pkg/mod/go.mongodb.org/mongo-driver@v1.17.9/internal/credproviders/ecs_provider.go /go/pkg/mod/go.mongodb.org/mongo-driver@v1.17.9/internal/credproviders/env_provider.go /go/pkg/mod/go.mongodb.org/mongo-driver@v1.17.9/internal/credproviders/imds_provider.go /go/pkg/mod/go.mongodb.org/mongo-driver@v1.17.9/internal/credproviders/static_provider.go
go tool buildid -w $WORK/b258/_pkg_.a # internal
cp $WORK/b258/_pkg_.a /root/.cache/go-build/02/0282f3105608cfe021336746bd009a089a5606dd9fc17676a7955c44c41a7c47-d # internal
mkdir -p $WORK/b259/
cat >/tmp/go-build2523599738/b259/importcfg << 'EOF' # internal
# import config
packagefile context=/tmp/go-build2523599738/b076/_pkg_.a
packagefile encoding/json=/tmp/go-build2523599738/b188/_pkg_.a
packagefile fmt=/tmp/go-build2523599738/b002/_pkg_.a
packagefile go.mongodb.org/mongo-driver/internal/aws/credentials=/tmp/go-build2523599738/b252/_pkg_.a
packagefile go.mongodb.org/mongo-driver/internal/credproviders=/tmp/go-build2523599738/b258/_pkg_.a
packagefile go.mongodb.org/mongo-driver/x/bsonx/bsoncore=/tmp/go-build2523599738/b205/_pkg_.a
packagefile io/ioutil=/tmp/go-build2523599738/b257/_pkg_.a
packagefile net/http=/tmp/go-build2523599738/b065/_pkg_.a
packagefile os=/tmp/go-build2523599738/b050/_pkg_.a
packagefile time=/tmp/go-build2523599738/b055/_pkg_.a
EOF
/usr/local/go/pkg/tool/linux_amd64/compile -o $WORK/b259/_pkg_.a -trimpath "$WORK/b259=>" -p go.mongodb.org/mongo-driver/x/mongo/driver/auth/creds -lang=go1.18 -complete -buildid PVSd2Sx-NYgKLGpgJMBy/PVSd2Sx-NYgKLGpgJMBy -goversion go1.26.1 -nolocalimports -importcfg $WORK/b259/importcfg -pack /go/pkg/mod/go.mongodb.org/mongo-driver@v1.17.9/x/mongo/driver/auth/creds/awscreds.go /go/pkg/mod/go.mongodb.org/mongo-driver@v1.17.9/x/mongo/driver/auth/creds/azurecreds.go /go/pkg/mod/go.mongodb.org/mongo-driver@v1.17.9/x/mongo/driver/auth/creds/doc.go /go/pkg/mod/go.mongodb.org/mongo-driver@v1.17.9/x/mongo/driver/auth/creds/gcpcreds.go
go tool buildid -w $WORK/b259/_pkg_.a # internal
cp $WORK/b259/_pkg_.a /root/.cache/go-build/9b/9b7224cffaa890ebe308aeb185382fe8c05cdb54883e4169cdc83c260b7a7589-d # internal
mkdir -p $WORK/b261/
echo '# import config' > $WORK/b261/importcfg # internal
/usr/local/go/pkg/tool/linux_amd64/compile -o $WORK/b261/_pkg_.a -trimpath "$WORK/b261=>" -p go.mongodb.org/mongo-driver/version -lang=go1.18 -complete -buildid oC8Abm8YajNRhjLzSVJa/oC8Abm8YajNRhjLzSVJa -goversion go1.26.1 -nolocalimports -importcfg $WORK/b261/importcfg -pack /go/pkg/mod/go.mongodb.org/mongo-driver@v1.17.9/version/version.go
go tool buildid -w $WORK/b261/_pkg_.a # internal
cp $WORK/b261/_pkg_.a /root/.cache/go-build/05/0507255bc3401774bce4462cb730ccf3726943ef1c1dded46d9da14ee1c3286c-d # internal
mkdir -p $WORK/b260/
cat >/tmp/go-build2523599738/b260/importcfg << 'EOF' # internal
# import config
packagefile context=/tmp/go-build2523599738/b076/_pkg_.a
packagefile errors=/tmp/go-build2523599738/b003/_pkg_.a
packagefile fmt=/tmp/go-build2523599738/b002/_pkg_.a
packagefile go.mongodb.org/mongo-driver/bson=/tmp/go-build2523599738/b199/_pkg_.a
packagefile go.mongodb.org/mongo-driver/bson/bsontype=/tmp/go-build2523599738/b203/_pkg_.a
packagefile go.mongodb.org/mongo-driver/event=/tmp/go-build2523599738/b207/_pkg_.a
packagefile go.mongodb.org/mongo-driver/internal/bsonutil=/tmp/go-build2523599738/b210/_pkg_.a
packagefile go.mongodb.org/mongo-driver/internal/driverutil=/tmp/go-build2523599738/b241/_pkg_.a
packagefile go.mongodb.org/mongo-driver/internal/handshake=/tmp/go-build2523599738/b211/_pkg_.a
packagefile go.mongodb.org/mongo-driver/internal/logger=/tmp/go-build2523599738/b219/_pkg_.a
packagefile go.mongodb.org/mongo-driver/mongo/address=/tmp/go-build2523599738/b208/_pkg_.a
packagefile go.mongodb.org/mongo-driver/mongo/description=/tmp/go-build2523599738/b209/_pkg_.a
packagefile go.mongodb.org/mongo-driver/mongo/readconcern=/tmp/go-build2523599738/b227/_pkg_.a
packagefile go.mongodb.org/mongo-driver/mongo/readpref=/tmp/go-build2523599738/b213/_pkg_.a
packagefile go.mongodb.org/mongo-driver/mongo/writeconcern=/tmp/go-build2523599738/b228/_pkg_.a
packagefile go.mongodb.org/mongo-driver/version=/tmp/go-build2523599738/b261/_pkg_.a
packagefile go.mongodb.org/mongo-driver/x/bsonx/bsoncore=/tmp/go-build2523599738/b205/_pkg_.a
packagefile go.mongodb.org/mongo-driver/x/mongo/driver=/tmp/go-build2523599738/b229/_pkg_.a
packagefile go.mongodb.org/mongo-driver/x/mongo/driver/session=/tmp/go-build2523599738/b244/_pkg_.a
packagefile os=/tmp/go-build2523599738/b050/_pkg_.a
packagefile runtime=/tmp/go-build2523599738/b009/_pkg_.a
packagefile strconv=/tmp/go-build2523599738/b041/_pkg_.a
packagefile strings=/tmp/go-build2523599738/b068/_pkg_.a
packagefile time=/tmp/go-build2523599738/b055/_pkg_.a
EOF
/usr/local/go/pkg/tool/linux_amd64/compile -o $WORK/b260/_pkg_.a -trimpath "$WORK/b260=>" -p go.mongodb.org/mongo-driver/x/mongo/driver/operation -lang=go1.18 -complete -buildid tD2Fq5xjXgpi4EmdnL3U/tD2Fq5xjXgpi4EmdnL3U -goversion go1.26.1 -nolocalimports -importcfg $WORK/b260/importcfg -pack /go/pkg/mod/go.mongodb.org/mongo-driver@v1.17.9/x/mongo/driver/operation/abort_transaction.go /go/pkg/mod/go.mongodb.org/mongo-driver@v1.17.9/x/mongo/driver/operation/aggregate.go /go/pkg/mod/go.mongodb.org/mongo-driver@v1.17.9/x/mongo/driver/operation/command.go /go/pkg/mod/go.mongodb.org/mongo-driver@v1.17.9/x/mongo/driver/operation/commit_transaction.go /go/pkg/mod/go.mongodb.org/mongo-driver@v1.17.9/x/mongo/driver/operation/count.go /go/pkg/mod/go.mongodb.org/mongo-driver@v1.17.9/x/mongo/driver/operation/create.go /go/pkg/mod/go.mongodb.org/mongo-driver@v1.17.9/x/mongo/driver/operation/create_indexes.go /go/pkg/mod/go.mongodb.org/mongo-driver@v1.17.9/x/mongo/driver/operation/create_search_indexes.go /go/pkg/mod/go.mongodb.org/mongo-driver@v1.17.9/x/mongo/driver/operation/delete.go /go/pkg/mod/go.mongodb.org/mongo-driver@v1.17.9/x/mongo/driver/operation/distinct.go /go/pkg/mod/go.mongodb.org/mongo-driver@v1.17.9/x/mongo/driver/operation/doc.go /go/pkg/mod/go.mongodb.org/mongo-driver@v1.17.9/x/mongo/driver/operation/drop_collection.go /go/pkg/mod/go.mongodb.org/mongo-driver@v1.17.9/x/mongo/driver/operation/drop_database.go /go/pkg/mod/go.mongodb.org/mongo-driver@v1.17.9/x/mongo/driver/operation/drop_indexes.go /go/pkg/mod/go.mongodb.org/mongo-driver@v1.17.9/x/mongo/driver/operation/drop_search_index.go /go/pkg/mod/go.mongodb.org/mongo-driver@v1.17.9/x/mongo/driver/operation/end_sessions.go /go/pkg/mod/go.mongodb.org/mongo-driver@v1.17.9/x/mongo/driver/operation/errors.go /go/pkg/mod/go.mongodb.org/mongo-driver@v1.17.9/x/mongo/driver/operation/find.go /go/pkg/mod/go.mongodb.org/mongo-driver@v1.17.9/x/mongo/driver/operation/find_and_modify.go /go/pkg/mod/go.mongodb.org/mongo-driver@v1.17.9/x/mongo/driver/operation/hello.go /go/pkg/mod/go.mongodb.org/mongo-driver@v1.17.9/x/mongo/driver/operation/insert.go /go/pkg/mod/go.mongodb.org/mongo-driver@v1.17.9/x/mongo/driver/operation/listDatabases.go /go/pkg/mod/go.mongodb.org/mongo-driver@v1.17.9/x/mongo/driver/operation/list_collections.go /go/pkg/mod/go.mongodb.org/mongo-driver@v1.17.9/x/mongo/driver/operation/list_indexes.go /go/pkg/mod/go.mongodb.org/mongo-driver@v1.17.9/x/mongo/driver/operation/update.go /go/pkg/mod/go.mongodb.org/mongo-driver@v1.17.9/x/mongo/driver/operation/update_search_index.go
go tool buildid -w $WORK/b260/_pkg_.a # internal
cp $WORK/b260/_pkg_.a /root/.cache/go-build/ab/ab651c0f007de6ddb4bd701126a64bc3fa2a74f67e6637730f7f22a1329ad9ae-d # internal
mkdir -p $WORK/b246/
cat >/tmp/go-build2523599738/b246/importcfg << 'EOF' # internal
# import config
packagefile bytes=/tmp/go-build2523599738/b067/_pkg_.a
packagefile context=/tmp/go-build2523599738/b076/_pkg_.a
packagefile crypto/md5=/tmp/go-build2523599738/b149/_pkg_.a
packagefile crypto/rand=/tmp/go-build2523599738/b077/_pkg_.a
packagefile encoding/base64=/tmp/go-build2523599738/b160/_pkg_.a
packagefile encoding/json=/tmp/go-build2523599738/b188/_pkg_.a
packagefile errors=/tmp/go-build2523599738/b003/_pkg_.a
packagefile fmt=/tmp/go-build2523599738/b002/_pkg_.a
packagefile github.com/xdg-go/scram=/tmp/go-build2523599738/b247/_pkg_.a
packagefile github.com/xdg-go/stringprep=/tmp/go-build2523599738/b249/_pkg_.a
packagefile go.mongodb.org/mongo-driver/bson=/tmp/go-build2523599738/b199/_pkg_.a
packagefile go.mongodb.org/mongo-driver/bson/primitive=/tmp/go-build2523599738/b204/_pkg_.a
packagefile go.mongodb.org/mongo-driver/internal/aws/credentials=/tmp/go-build2523599738/b252/_pkg_.a
packagefile go.mongodb.org/mongo-driver/internal/aws/signer/v4=/tmp/go-build2523599738/b255/_pkg_.a
packagefile go.mongodb.org/mongo-driver/internal/credproviders=/tmp/go-build2523599738/b258/_pkg_.a
packagefile go.mongodb.org/mongo-driver/mongo/address=/tmp/go-build2523599738/b208/_pkg_.a
packagefile go.mongodb.org/mongo-driver/mongo/description=/tmp/go-build2523599738/b209/_pkg_.a
packagefile go.mongodb.org/mongo-driver/x/bsonx/bsoncore=/tmp/go-build2523599738/b205/_pkg_.a
packagefile go.mongodb.org/mongo-driver/x/mongo/driver=/tmp/go-build2523599738/b229/_pkg_.a
packagefile go.mongodb.org/mongo-driver/x/mongo/driver/auth/creds=/tmp/go-build2523599738/b259/_pkg_.a
packagefile go.mongodb.org/mongo-driver/x/mongo/driver/operation=/tmp/go-build2523599738/b260/_pkg_.a
packagefile go.mongodb.org/mongo-driver/x/mongo/driver/session=/tmp/go-build2523599738/b244/_pkg_.a
packagefile io=/tmp/go-build2523599738/b049/_pkg_.a
packagefile net/http=/tmp/go-build2523599738/b065/_pkg_.a
packagefile net/url=/tmp/go-build2523599738/b168/_pkg_.a
packagefile regexp=/tmp/go-build2523599738/b191/_pkg_.a
packagefile strings=/tmp/go-build2523599738/b068/_pkg_.a
packagefile sync=/tmp/go-build2523599738/b043/_pkg_.a
packagefile time=/tmp/go-build2523599738/b055/_pkg_.a
EOF
/usr/local/go/pkg/tool/linux_amd64/compile -o $WORK/b246/_pkg_.a -trimpath "$WORK/b246=>" -p go.mongodb.org/mongo-driver/x/mongo/driver/auth -lang=go1.18 -complete -buildid X7lNYkheaNzWjFscicNO/X7lNYkheaNzWjFscicNO -goversion go1.26.1 -nolocalimports -importcfg $WORK/b246/importcfg -pack /go/pkg/mod/go.mongodb.org/mongo-driver@v1.17.9/x/mongo/driver/auth/auth.go /go/pkg/mod/go.mongodb.org/mongo-driver@v1.17.9/x/mongo/driver/auth/aws_conv.go /go/pkg/mod/go.mongodb.org/mongo-driver@v1.17.9/x/mongo/driver/auth/conversation.go /go/pkg/mod/go.mongodb.org/mongo-driver@v1.17.9/x/mongo/driver/auth/cred.go /go/pkg/mod/go.mongodb.org/mongo-driver@v1.17.9/x/mongo/driver/auth/default.go /go/pkg/mod/go.mongodb.org/mongo-driver@v1.17.9/x/mongo/driver/auth/doc.go /go/pkg/mod/go.mongodb.org/mongo-driver@v1.17.9/x/mongo/driver/auth/gssapi_not_enabled.go /go/pkg/mod/go.mongodb.org/mongo-driver@v1.17.9/x/mongo/driver/auth/mongodbaws.go /go/pkg/mod/go.mongodb.org/mongo-driver@v1.17.9/x/mongo/driver/auth/mongodbcr.go /go/pkg/mod/go.mongodb.org/mongo-driver@v1.17.9/x/mongo/driver/auth/oidc.go /go/pkg/mod/go.mongodb.org/mongo-driver@v1.17.9/x/mongo/driver/auth/plain.go /go/pkg/mod/go.mongodb.org/mongo-driver@v1.17.9/x/mongo/driver/auth/sasl.go /go/pkg/mod/go.mongodb.org/mongo-driver@v1.17.9/x/mongo/driver/auth/scram.go /go/pkg/mod/go.mongodb.org/mongo-driver@v1.17.9/x/mongo/driver/auth/util.go /go/pkg/mod/go.mongodb.org/mongo-driver@v1.17.9/x/mongo/driver/auth/x509.go
go tool buildid -w $WORK/b246/_pkg_.a # internal
cp $WORK/b246/_pkg_.a /root/.cache/go-build/38/381e122b05b77cfaa7972e74213bdcdb8a97f6fd04ce826b992b649230d749ce-d # internal
mkdir -p $WORK/b263/
cat >/tmp/go-build2523599738/b263/importcfg << 'EOF' # internal
# import config
packagefile errors=/tmp/go-build2523599738/b003/_pkg_.a
packagefile fmt=/tmp/go-build2523599738/b002/_pkg_.a
packagefile net=/tmp/go-build2523599738/b162/_pkg_.a
packagefile runtime=/tmp/go-build2523599738/b009/_pkg_.a
packagefile strings=/tmp/go-build2523599738/b068/_pkg_.a
EOF
/usr/local/go/pkg/tool/linux_amd64/compile -o $WORK/b263/_pkg_.a -trimpath "$WORK/b263=>" -p go.mongodb.org/mongo-driver/x/mongo/driver/dns -lang=go1.18 -complete -buildid abRltpdqZZauinFVK6Cx/abRltpdqZZauinFVK6Cx -goversion go1.26.1 -nolocalimports -importcfg $WORK/b263/importcfg -pack /go/pkg/mod/go.mongodb.org/mongo-driver@v1.17.9/x/mongo/driver/dns/dns.go
go tool buildid -w $WORK/b263/_pkg_.a # internal
cp $WORK/b263/_pkg_.a /root/.cache/go-build/e5/e53cc566e3031a92015aac3df572d5ae0af9916e09292ed8390b37ed2b83ce5a-d # internal
mkdir -p $WORK/b262/
cat >/tmp/go-build2523599738/b262/importcfg << 'EOF' # internal
# import config
packagefile errors=/tmp/go-build2523599738/b003/_pkg_.a
packagefile fmt=/tmp/go-build2523599738/b002/_pkg_.a
packagefile go.mongodb.org/mongo-driver/internal/randutil=/tmp/go-build2523599738/b221/_pkg_.a
packagefile go.mongodb.org/mongo-driver/mongo/writeconcern=/tmp/go-build2523599738/b228/_pkg_.a
packagefile go.mongodb.org/mongo-driver/x/mongo/driver/auth=/tmp/go-build2523599738/b246/_pkg_.a
packagefile go.mongodb.org/mongo-driver/x/mongo/driver/dns=/tmp/go-build2523599738/b263/_pkg_.a
packagefile go.mongodb.org/mongo-driver/x/mongo/driver/wiremessage=/tmp/go-build2523599738/b245/_pkg_.a
packagefile net=/tmp/go-build2523599738/b162/_pkg_.a
packagefile net/url=/tmp/go-build2523599738/b168/_pkg_.a
packagefile strconv=/tmp/go-build2523599738/b041/_pkg_.a
packagefile strings=/tmp/go-build2523599738/b068/_pkg_.a
packagefile time=/tmp/go-build2523599738/b055/_pkg_.a
EOF
/usr/local/go/pkg/tool/linux_amd64/compile -o $WORK/b262/_pkg_.a -trimpath "$WORK/b262=>" -p go.mongodb.org/mongo-driver/x/mongo/driver/connstring -lang=go1.18 -complete -buildid gDodwqApQsb8nBIw6onN/gDodwqApQsb8nBIw6onN -goversion go1.26.1 -nolocalimports -importcfg $WORK/b262/importcfg -pack /go/pkg/mod/go.mongodb.org/mongo-driver@v1.17.9/x/mongo/driver/connstring/connstring.go
go tool buildid -w $WORK/b262/_pkg_.a # internal
cp $WORK/b262/_pkg_.a /root/.cache/go-build/8f/8fad1c341238849cc2b573af7629c12e9bf166c9c86789f82e75e88d2e8a9021-d # internal
mkdir -p $WORK/b223/
cat >/tmp/go-build2523599738/b223/importcfg << 'EOF' # internal
# import config
packagefile bytes=/tmp/go-build2523599738/b067/_pkg_.a
packagefile context=/tmp/go-build2523599738/b076/_pkg_.a
packagefile crypto/tls=/tmp/go-build2523599738/b109/_pkg_.a
packagefile crypto/x509=/tmp/go-build2523599738/b155/_pkg_.a
packagefile encoding/pem=/tmp/go-build2523599738/b159/_pkg_.a
packagefile errors=/tmp/go-build2523599738/b003/_pkg_.a
packagefile fmt=/tmp/go-build2523599738/b002/_pkg_.a
packagefile github.com/youmark/pkcs8=/tmp/go-build2523599738/b224/_pkg_.a
packagefile go.mongodb.org/mongo-driver/bson=/tmp/go-build2523599738/b199/_pkg_.a
packagefile go.mongodb.org/mongo-driver/bson/bsoncodec=/tmp/go-build2523599738/b200/_pkg_.a
packagefile go.mongodb.org/mongo-driver/bson/primitive=/tmp/go-build2523599738/b204/_pkg_.a
packagefile go.mongodb.org/mongo-driver/event=/tmp/go-build2523599738/b207/_pkg_.a
packagefile go.mongodb.org/mongo-driver/internal/httputil=/tmp/go-build2523599738/b218/_pkg_.a
packagefile go.mongodb.org/mongo-driver/internal/logger=/tmp/go-build2523599738/b219/_pkg_.a
packagefile go.mongodb.org/mongo-driver/mongo/readconcern=/tmp/go-build2523599738/b227/_pkg_.a
packagefile go.mongodb.org/mongo-driver/mongo/readpref=/tmp/go-build2523599738/b213/_pkg_.a
packagefile go.mongodb.org/mongo-driver/mongo/writeconcern=/tmp/go-build2523599738/b228/_pkg_.a
packagefile go.mongodb.org/mongo-driver/tag=/tmp/go-build2523599738/b214/_pkg_.a
packagefile go.mongodb.org/mongo-driver/x/bsonx/bsoncore=/tmp/go-build2523599738/b205/_pkg_.a
packagefile go.mongodb.org/mongo-driver/x/mongo/driver=/tmp/go-build2523599738/b229/_pkg_.a
packagefile go.mongodb.org/mongo-driver/x/mongo/driver/auth=/tmp/go-build2523599738/b246/_pkg_.a
packagefile go.mongodb.org/mongo-driver/x/mongo/driver/connstring=/tmp/go-build2523599738/b262/_pkg_.a
packagefile go.mongodb.org/mongo-driver/x/mongo/driver/wiremessage=/tmp/go-build2523599738/b245/_pkg_.a
packagefile io/ioutil=/tmp/go-build2523599738/b257/_pkg_.a
packagefile math=/tmp/go-build2523599738/b040/_pkg_.a
packagefile net=/tmp/go-build2523599738/b162/_pkg_.a
packagefile net/http=/tmp/go-build2523599738/b065/_pkg_.a
packagefile reflect=/tmp/go-build2523599738/b038/_pkg_.a
packagefile strconv=/tmp/go-build2523599738/b041/_pkg_.a
packagefile strings=/tmp/go-build2523599738/b068/_pkg_.a
packagefile time=/tmp/go-build2523599738/b055/_pkg_.a
EOF
/usr/local/go/pkg/tool/linux_amd64/compile -o $WORK/b223/_pkg_.a -trimpath "$WORK/b223=>" -p go.mongodb.org/mongo-driver/mongo/options -lang=go1.18 -complete -buildid OYlgomT5_OFMG67CGbdm/OYlgomT5_OFMG67CGbdm -goversion go1.26.1 -nolocalimports -importcfg $WORK/b223/importcfg -pack /go/pkg/mod/go.mongodb.org/mongo-driver@v1.17.9/mongo/options/aggregateoptions.go /go/pkg/mod/go.mongodb.org/mongo-driver@v1.17.9/mongo/options/autoencryptionoptions.go /go/pkg/mod/go.mongodb.org/mongo-driver@v1.17.9/mongo/options/bulkwriteoptions.go /go/pkg/mod/go.mongodb.org/mongo-driver@v1.17.9/mongo/options/changestreamoptions.go /go/pkg/mod/go.mongodb.org/mongo-driver@v1.17.9/mongo/options/clientencryptionoptions.go /go/pkg/mod/go.mongodb.org/mongo-driver@v1.17.9/mongo/options/clientoptions.go /go/pkg/mod/go.mongodb.org/mongo-driver@v1.17.9/mongo/options/collectionoptions.go /go/pkg/mod/go.mongodb.org/mongo-driver@v1.17.9/mongo/options/countoptions.go /go/pkg/mod/go.mongodb.org/mongo-driver@v1.17.9/mongo/options/createcollectionoptions.go /go/pkg/mod/go.mongodb.org/mongo-driver@v1.17.9/mongo/options/datakeyoptions.go /go/pkg/mod/go.mongodb.org/mongo-driver@v1.17.9/mongo/options/dboptions.go /go/pkg/mod/go.mongodb.org/mongo-driver@v1.17.9/mongo/options/deleteoptions.go /go/pkg/mod/go.mongodb.org/mongo-driver@v1.17.9/mongo/options/distinctoptions.go /go/pkg/mod/go.mongodb.org/mongo-driver@v1.17.9/mongo/options/doc.go /go/pkg/mod/go.mongodb.org/mongo-driver@v1.17.9/mongo/options/encryptoptions.go /go/pkg/mod/go.mongodb.org/mongo-driver@v1.17.9/mongo/options/estimatedcountoptions.go /go/pkg/mod/go.mongodb.org/mongo-driver@v1.17.9/mongo/options/findoptions.go /go/pkg/mod/go.mongodb.org/mongo-driver@v1.17.9/mongo/options/gridfsoptions.go /go/pkg/mod/go.mongodb.org/mongo-driver@v1.17.9/mongo/options/indexoptions.go /go/pkg/mod/go.mongodb.org/mongo-driver@v1.17.9/mongo/options/insertoptions.go /go/pkg/mod/go.mongodb.org/mongo-driver@v1.17.9/mongo/options/listcollectionsoptions.go /go/pkg/mod/go.mongodb.org/mongo-driver@v1.17.9/mongo/options/listdatabasesoptions.go /go/pkg/mod/go.mongodb.org/mongo-driver@v1.17.9/mongo/options/loggeroptions.go /go/pkg/mod/go.mongodb.org/mongo-driver@v1.17.9/mongo/options/mongooptions.go /go/pkg/mod/go.mongodb.org/mongo-driver@v1.17.9/mongo/options/replaceoptions.go /go/pkg/mod/go.mongodb.org/mongo-driver@v1.17.9/mongo/options/rewrapdatakeyoptions.go /go/pkg/mod/go.mongodb.org/mongo-driver@v1.17.9/mongo/options/runcmdoptions.go /go/pkg/mod/go.mongodb.org/mongo-driver@v1.17.9/mongo/options/searchindexoptions.go /go/pkg/mod/go.mongodb.org/mongo-driver@v1.17.9/mongo/options/serverapioptions.go /go/pkg/mod/go.mongodb.org/mongo-driver@v1.17.9/mongo/options/sessionoptions.go /go/pkg/mod/go.mongodb.org/mongo-driver@v1.17.9/mongo/options/transactionoptions.go /go/pkg/mod/go.mongodb.org/mongo-driver@v1.17.9/mongo/options/updateoptions.go
go tool buildid -w $WORK/b223/_pkg_.a # internal
cp $WORK/b223/_pkg_.a /root/.cache/go-build/42/42ce895beb4fbfa100e039963a428fc4af6d492ef7220adffb91760f3d1249b9-d # internal
mkdir -p $WORK/b265/
cat >/tmp/go-build2523599738/b265/importcfg << 'EOF' # internal
# import config
packagefile bufio=/tmp/go-build2523599738/b066/_pkg_.a
packagefile fmt=/tmp/go-build2523599738/b002/_pkg_.a
packagefile io=/tmp/go-build2523599738/b049/_pkg_.a
packagefile math=/tmp/go-build2523599738/b040/_pkg_.a
packagefile math/rand=/tmp/go-build2523599738/b108/_pkg_.a
packagefile sort=/tmp/go-build2523599738/b070/_pkg_.a
packagefile strconv=/tmp/go-build2523599738/b041/_pkg_.a
packagefile strings=/tmp/go-build2523599738/b068/_pkg_.a
packagefile time=/tmp/go-build2523599738/b055/_pkg_.a
EOF
/usr/local/go/pkg/tool/linux_amd64/compile -o $WORK/b265/_pkg_.a -trimpath "$WORK/b265=>" -p github.com/montanaflynn/stats -lang=go1.13 -complete -buildid _lM8jZk0IqdFfGrxli_B/_lM8jZk0IqdFfGrxli_B -goversion go1.26.1 -nolocalimports -importcfg $WORK/b265/importcfg -pack /go/pkg/mod/github.com/montanaflynn/stats@v0.7.1/correlation.go /go/pkg/mod/github.com/montanaflynn/stats@v0.7.1/cumulative_sum.go /go/pkg/mod/github.com/montanaflynn/stats@v0.7.1/data.go /go/pkg/mod/github.com/montanaflynn/stats@v0.7.1/describe.go /go/pkg/mod/github.com/montanaflynn/stats@v0.7.1/deviation.go /go/pkg/mod/github.com/montanaflynn/stats@v0.7.1/distances.go /go/pkg/mod/github.com/montanaflynn/stats@v0.7.1/doc.go /go/pkg/mod/github.com/montanaflynn/stats@v0.7.1/entropy.go /go/pkg/mod/github.com/montanaflynn/stats@v0.7.1/errors.go /go/pkg/mod/github.com/montanaflynn/stats@v0.7.1/geometric_distribution.go /go/pkg/mod/github.com/montanaflynn/stats@v0.7.1/legacy.go /go/pkg/mod/github.com/montanaflynn/stats@v0.7.1/load.go /go/pkg/mod/github.com/montanaflynn/stats@v0.7.1/max.go /go/pkg/mod/github.com/montanaflynn/stats@v0.7.1/mean.go /go/pkg/mod/github.com/montanaflynn/stats@v0.7.1/median.go /go/pkg/mod/github.com/montanaflynn/stats@v0.7.1/min.go /go/pkg/mod/github.com/montanaflynn/stats@v0.7.1/mode.go /go/pkg/mod/github.com/montanaflynn/stats@v0.7.1/norm.go /go/pkg/mod/github.com/montanaflynn/stats@v0.7.1/outlier.go /go/pkg/mod/github.com/montanaflynn/stats@v0.7.1/percentile.go /go/pkg/mod/github.com/montanaflynn/stats@v0.7.1/quartile.go /go/pkg/mod/github.com/montanaflynn/stats@v0.7.1/ranksum.go /go/pkg/mod/github.com/montanaflynn/stats@v0.7.1/regression.go /go/pkg/mod/github.com/montanaflynn/stats@v0.7.1/round.go /go/pkg/mod/github.com/montanaflynn/stats@v0.7.1/sample.go /go/pkg/mod/github.com/montanaflynn/stats@v0.7.1/sigmoid.go /go/pkg/mod/github.com/montanaflynn/stats@v0.7.1/softmax.go /go/pkg/mod/github.com/montanaflynn/stats@v0.7.1/sum.go /go/pkg/mod/github.com/montanaflynn/stats@v0.7.1/util.go /go/pkg/mod/github.com/montanaflynn/stats@v0.7.1/variance.go
go tool buildid -w $WORK/b265/_pkg_.a # internal
cp $WORK/b265/_pkg_.a /root/.cache/go-build/58/58972ca57fb7ea03fd63d4fa774090d1c0a45edacfe7a20634feeb458246a941-d # internal
mkdir -p $WORK/b267/
cat >/tmp/go-build2523599738/b267/importcfg << 'EOF' # internal
# import config
packagefile crypto=/tmp/go-build2523599738/b079/_pkg_.a
packagefile crypto/ecdsa=/tmp/go-build2523599738/b117/_pkg_.a
packagefile crypto/elliptic=/tmp/go-build2523599738/b118/_pkg_.a
packagefile crypto/rand=/tmp/go-build2523599738/b077/_pkg_.a
packagefile crypto/rsa=/tmp/go-build2523599738/b151/_pkg_.a
packagefile crypto/sha1=/tmp/go-build2523599738/b153/_pkg_.a
packagefile crypto/sha256=/tmp/go-build2523599738/b141/_pkg_.a
packagefile crypto/sha512=/tmp/go-build2523599738/b126/_pkg_.a
packagefile crypto/x509=/tmp/go-build2523599738/b155/_pkg_.a
packagefile crypto/x509/pkix=/tmp/go-build2523599738/b157/_pkg_.a
packagefile encoding/asn1=/tmp/go-build2523599738/b128/_pkg_.a
packagefile errors=/tmp/go-build2523599738/b003/_pkg_.a
packagefile fmt=/tmp/go-build2523599738/b002/_pkg_.a
packagefile math/big=/tmp/go-build2523599738/b107/_pkg_.a
packagefile strconv=/tmp/go-build2523599738/b041/_pkg_.a
packagefile time=/tmp/go-build2523599738/b055/_pkg_.a
EOF
/usr/local/go/pkg/tool/linux_amd64/compile -o $WORK/b267/_pkg_.a -trimpath "$WORK/b267=>" -p golang.org/x/crypto/ocsp -lang=go1.24 -complete -buildid qwfvmwUagIrUs9Fd53u3/qwfvmwUagIrUs9Fd53u3 -goversion go1.26.1 -nolocalimports -importcfg $WORK/b267/importcfg -pack /go/pkg/mod/golang.org/x/crypto@v0.48.0/ocsp/ocsp.go
go tool buildid -w $WORK/b267/_pkg_.a # internal
cp $WORK/b267/_pkg_.a /root/.cache/go-build/fe/fe68a4a85142c0c3757413c66836793a75d8d9e0f556203f863597ceea058b2c-d # internal
mkdir -p $WORK/b268/
cat >/tmp/go-build2523599738/b268/importcfg << 'EOF' # internal
# import config
packagefile context=/tmp/go-build2523599738/b076/_pkg_.a
packagefile fmt=/tmp/go-build2523599738/b002/_pkg_.a
packagefile sync=/tmp/go-build2523599738/b043/_pkg_.a
EOF
/usr/local/go/pkg/tool/linux_amd64/compile -o $WORK/b268/_pkg_.a -trimpath "$WORK/b268=>" -p golang.org/x/sync/errgroup -lang=go1.24 -complete -buildid wNai8aW1jGL9wlSw0ALj/wNai8aW1jGL9wlSw0ALj -goversion go1.26.1 -nolocalimports -importcfg $WORK/b268/importcfg -pack /go/pkg/mod/golang.org/x/sync@v0.19.0/errgroup/errgroup.go
go tool buildid -w $WORK/b268/_pkg_.a # internal
cp $WORK/b268/_pkg_.a /root/.cache/go-build/61/61ee7aa64b64a975fe1ba451f725de785c46e557296e9e4d7c26be5af128c537-d # internal
mkdir -p $WORK/b266/
cat >/tmp/go-build2523599738/b266/importcfg << 'EOF' # internal
# import config
packagefile bytes=/tmp/go-build2523599738/b067/_pkg_.a
packagefile context=/tmp/go-build2523599738/b076/_pkg_.a
packagefile crypto=/tmp/go-build2523599738/b079/_pkg_.a
packagefile crypto/tls=/tmp/go-build2523599738/b109/_pkg_.a
packagefile crypto/x509=/tmp/go-build2523599738/b155/_pkg_.a
packagefile crypto/x509/pkix=/tmp/go-build2523599738/b157/_pkg_.a
packagefile encoding/asn1=/tmp/go-build2523599738/b128/_pkg_.a
packagefile errors=/tmp/go-build2523599738/b003/_pkg_.a
packagefile fmt=/tmp/go-build2523599738/b002/_pkg_.a
packagefile go.mongodb.org/mongo-driver/internal/httputil=/tmp/go-build2523599738/b218/_pkg_.a
packagefile golang.org/x/crypto/ocsp=/tmp/go-build2523599738/b267/_pkg_.a
packagefile golang.org/x/sync/errgroup=/tmp/go-build2523599738/b268/_pkg_.a
packagefile io/ioutil=/tmp/go-build2523599738/b257/_pkg_.a
packagefile math/big=/tmp/go-build2523599738/b107/_pkg_.a
packagefile net/http=/tmp/go-build2523599738/b065/_pkg_.a
packagefile sync=/tmp/go-build2523599738/b043/_pkg_.a
packagefile time=/tmp/go-build2523599738/b055/_pkg_.a
EOF
/usr/local/go/pkg/tool/linux_amd64/compile -o $WORK/b266/_pkg_.a -trimpath "$WORK/b266=>" -p go.mongodb.org/mongo-driver/x/mongo/driver/ocsp -lang=go1.18 -complete -buildid HjBonaUDqdbArZFnfmoU/HjBonaUDqdbArZFnfmoU -goversion go1.26.1 -nolocalimports -importcfg $WORK/b266/importcfg -pack /go/pkg/mod/go.mongodb.org/mongo-driver@v1.17.9/x/mongo/driver/ocsp/cache.go /go/pkg/mod/go.mongodb.org/mongo-driver@v1.17.9/x/mongo/driver/ocsp/config.go /go/pkg/mod/go.mongodb.org/mongo-driver@v1.17.9/x/mongo/driver/ocsp/ocsp.go /go/pkg/mod/go.mongodb.org/mongo-driver@v1.17.9/x/mongo/driver/ocsp/options.go
go tool buildid -w $WORK/b266/_pkg_.a # internal
cp $WORK/b266/_pkg_.a /root/.cache/go-build/71/71b0d398be253621a58cd7d27f7e9a5ac4735915a6696d643a6465b91c6a48f9-d # internal
mkdir -p $WORK/b264/
cat >/tmp/go-build2523599738/b264/importcfg << 'EOF' # internal
# import config
packagefile bytes=/tmp/go-build2523599738/b067/_pkg_.a
packagefile context=/tmp/go-build2523599738/b076/_pkg_.a
packagefile crypto/tls=/tmp/go-build2523599738/b109/_pkg_.a
packagefile encoding/binary=/tmp/go-build2523599738/b072/_pkg_.a
packagefile errors=/tmp/go-build2523599738/b003/_pkg_.a
packagefile fmt=/tmp/go-build2523599738/b002/_pkg_.a
packagefile github.com/montanaflynn/stats=/tmp/go-build2523599738/b265/_pkg_.a
packagefile go.mongodb.org/mongo-driver/bson=/tmp/go-build2523599738/b199/_pkg_.a
packagefile go.mongodb.org/mongo-driver/bson/bsoncodec=/tmp/go-build2523599738/b200/_pkg_.a
packagefile go.mongodb.org/mongo-driver/bson/primitive=/tmp/go-build2523599738/b204/_pkg_.a
packagefile go.mongodb.org/mongo-driver/event=/tmp/go-build2523599738/b207/_pkg_.a
packagefile go.mongodb.org/mongo-driver/internal/csot=/tmp/go-build2523599738/b217/_pkg_.a
packagefile go.mongodb.org/mongo-driver/internal/driverutil=/tmp/go-build2523599738/b241/_pkg_.a
packagefile go.mongodb.org/mongo-driver/internal/httputil=/tmp/go-build2523599738/b218/_pkg_.a
packagefile go.mongodb.org/mongo-driver/internal/logger=/tmp/go-build2523599738/b219/_pkg_.a
packagefile go.mongodb.org/mongo-driver/internal/ptrutil=/tmp/go-build2523599738/b212/_pkg_.a
packagefile go.mongodb.org/mongo-driver/internal/randutil=/tmp/go-build2523599738/b221/_pkg_.a
packagefile go.mongodb.org/mongo-driver/mongo/address=/tmp/go-build2523599738/b208/_pkg_.a
packagefile go.mongodb.org/mongo-driver/mongo/description=/tmp/go-build2523599738/b209/_pkg_.a
packagefile go.mongodb.org/mongo-driver/mongo/options=/tmp/go-build2523599738/b223/_pkg_.a
packagefile go.mongodb.org/mongo-driver/x/bsonx/bsoncore=/tmp/go-build2523599738/b205/_pkg_.a
packagefile go.mongodb.org/mongo-driver/x/mongo/driver=/tmp/go-build2523599738/b229/_pkg_.a
packagefile go.mongodb.org/mongo-driver/x/mongo/driver/auth=/tmp/go-build2523599738/b246/_pkg_.a
packagefile go.mongodb.org/mongo-driver/x/mongo/driver/connstring=/tmp/go-build2523599738/b262/_pkg_.a
packagefile go.mongodb.org/mongo-driver/x/mongo/driver/dns=/tmp/go-build2523599738/b263/_pkg_.a
packagefile go.mongodb.org/mongo-driver/x/mongo/driver/ocsp=/tmp/go-build2523599738/b266/_pkg_.a
packagefile go.mongodb.org/mongo-driver/x/mongo/driver/operation=/tmp/go-build2523599738/b260/_pkg_.a
packagefile go.mongodb.org/mongo-driver/x/mongo/driver/session=/tmp/go-build2523599738/b244/_pkg_.a
packagefile go.mongodb.org/mongo-driver/x/mongo/driver/wiremessage=/tmp/go-build2523599738/b245/_pkg_.a
packagefile io=/tmp/go-build2523599738/b049/_pkg_.a
packagefile math=/tmp/go-build2523599738/b040/_pkg_.a
packagefile net=/tmp/go-build2523599738/b162/_pkg_.a
packagefile net/http=/tmp/go-build2523599738/b065/_pkg_.a
packagefile strconv=/tmp/go-build2523599738/b041/_pkg_.a
packagefile strings=/tmp/go-build2523599738/b068/_pkg_.a
packagefile sync=/tmp/go-build2523599738/b043/_pkg_.a
packagefile sync/atomic=/tmp/go-build2523599738/b045/_pkg_.a
packagefile time=/tmp/go-build2523599738/b055/_pkg_.a
EOF
/usr/local/go/pkg/tool/linux_amd64/compile -o $WORK/b264/_pkg_.a -trimpath "$WORK/b264=>" -p go.mongodb.org/mongo-driver/x/mongo/driver/topology -lang=go1.18 -complete -buildid zn2t_bxzPsb1FPzWxTfG/zn2t_bxzPsb1FPzWxTfG -goversion go1.26.1 -nolocalimports -importcfg $WORK/b264/importcfg -pack /go/pkg/mod/go.mongodb.org/mongo-driver@v1.17.9/x/mongo/driver/topology/cancellation_listener.go /go/pkg/mod/go.mongodb.org/mongo-driver@v1.17.9/x/mongo/driver/topology/connection.go /go/pkg/mod/go.mongodb.org/mongo-driver@v1.17.9/x/mongo/driver/topology/connection_legacy.go /go/pkg/mod/go.mongodb.org/mongo-driver@v1.17.9/x/mongo/driver/topology/connection_options.go /go/pkg/mod/go.mongodb.org/mongo-driver@v1.17.9/x/mongo/driver/topology/diff.go /go/pkg/mod/go.mongodb.org/mongo-driver@v1.17.9/x/mongo/driver/topology/errors.go /go/pkg/mod/go.mongodb.org/mongo-driver@v1.17.9/x/mongo/driver/topology/fsm.go /go/pkg/mod/go.mongodb.org/mongo-driver@v1.17.9/x/mongo/driver/topology/pool.go /go/pkg/mod/go.mongodb.org/mongo-driver@v1.17.9/x/mongo/driver/topology/pool_generation_counter.go /go/pkg/mod/go.mongodb.org/mongo-driver@v1.17.9/x/mongo/driver/topology/rtt_monitor.go /go/pkg/mod/go.mongodb.org/mongo-driver@v1.17.9/x/mongo/driver/topology/server.go /go/pkg/mod/go.mongodb.org/mongo-driver@v1.17.9/x/mongo/driver/topology/server_options.go /go/pkg/mod/go.mongodb.org/mongo-driver@v1.17.9/x/mongo/driver/topology/tls_connection_source_1_17.go /go/pkg/mod/go.mongodb.org/mongo-driver@v1.17.9/x/mongo/driver/topology/topology.go /go/pkg/mod/go.mongodb.org/mongo-driver@v1.17.9/x/mongo/driver/topology/topology_options.go
go tool buildid -w $WORK/b264/_pkg_.a # internal
cp $WORK/b264/_pkg_.a /root/.cache/go-build/ea/ea91d2ebf70dbb94649fbd97bef9763583b7324aebe67160d9aa080fba16bec3-d # internal
mkdir -p $WORK/b269/
cat >/tmp/go-build2523599738/b269/importcfg << 'EOF' # internal
# import config
packagefile bytes=/tmp/go-build2523599738/b067/_pkg_.a
packagefile context=/tmp/go-build2523599738/b076/_pkg_.a
packagefile errors=/tmp/go-build2523599738/b003/_pkg_.a
packagefile internal/godebug=/tmp/go-build2523599738/b056/_pkg_.a
packagefile internal/syscall/execenv=/tmp/go-build2523599738/b061/_pkg_.a
packagefile internal/syscall/unix=/tmp/go-build2523599738/b060/_pkg_.a
packagefile io=/tmp/go-build2523599738/b049/_pkg_.a
packagefile io/fs=/tmp/go-build2523599738/b052/_pkg_.a
packagefile os=/tmp/go-build2523599738/b050/_pkg_.a
packagefile path/filepath=/tmp/go-build2523599738/b169/_pkg_.a
packagefile runtime=/tmp/go-build2523599738/b009/_pkg_.a
packagefile strconv=/tmp/go-build2523599738/b041/_pkg_.a
packagefile strings=/tmp/go-build2523599738/b068/_pkg_.a
packagefile sync/atomic=/tmp/go-build2523599738/b045/_pkg_.a
packagefile syscall=/tmp/go-build2523599738/b058/_pkg_.a
packagefile time=/tmp/go-build2523599738/b055/_pkg_.a
EOF
/usr/local/go/pkg/tool/linux_amd64/compile -o $WORK/b269/_pkg_.a -trimpath "$WORK/b269=>" -p os/exec -lang=go1.26 -std -complete -buildid urWTrpItAdE3V1xdKfIf/urWTrpItAdE3V1xdKfIf -goversion go1.26.1 -nolocalimports -importcfg $WORK/b269/importcfg -pack /usr/local/go/src/os/exec/exec.go /usr/local/go/src/os/exec/exec_unix.go /usr/local/go/src/os/exec/lookpath.go /usr/local/go/src/os/exec/lp_unix.go
go tool buildid -w $WORK/b269/_pkg_.a # internal
cp $WORK/b269/_pkg_.a /root/.cache/go-build/36/36abab9fdf91b5da4583692c07f9d7c1bafaaf43c650de8e26f5b54600395117-d # internal
mkdir -p $WORK/b206/
cat >/tmp/go-build2523599738/b206/importcfg << 'EOF' # internal
# import config
packagefile bytes=/tmp/go-build2523599738/b067/_pkg_.a
packagefile context=/tmp/go-build2523599738/b076/_pkg_.a
packagefile errors=/tmp/go-build2523599738/b003/_pkg_.a
packagefile fmt=/tmp/go-build2523599738/b002/_pkg_.a
packagefile go.mongodb.org/mongo-driver/bson=/tmp/go-build2523599738/b199/_pkg_.a
packagefile go.mongodb.org/mongo-driver/bson/bsoncodec=/tmp/go-build2523599738/b200/_pkg_.a
packagefile go.mongodb.org/mongo-driver/bson/bsonrw=/tmp/go-build2523599738/b202/_pkg_.a
packagefile go.mongodb.org/mongo-driver/bson/bsontype=/tmp/go-build2523599738/b203/_pkg_.a
packagefile go.mongodb.org/mongo-driver/bson/primitive=/tmp/go-build2523599738/b204/_pkg_.a
packagefile go.mongodb.org/mongo-driver/event=/tmp/go-build2523599738/b207/_pkg_.a
packagefile go.mongodb.org/mongo-driver/internal/codecutil=/tmp/go-build2523599738/b215/_pkg_.a
packagefile go.mongodb.org/mongo-driver/internal/csfle=/tmp/go-build2523599738/b216/_pkg_.a
packagefile go.mongodb.org/mongo-driver/internal/csot=/tmp/go-build2523599738/b217/_pkg_.a
packagefile go.mongodb.org/mongo-driver/internal/httputil=/tmp/go-build2523599738/b218/_pkg_.a
packagefile go.mongodb.org/mongo-driver/internal/logger=/tmp/go-build2523599738/b219/_pkg_.a
packagefile go.mongodb.org/mongo-driver/internal/uuid=/tmp/go-build2523599738/b220/_pkg_.a
packagefile go.mongodb.org/mongo-driver/mongo/description=/tmp/go-build2523599738/b209/_pkg_.a
packagefile go.mongodb.org/mongo-driver/mongo/options=/tmp/go-build2523599738/b223/_pkg_.a
packagefile go.mongodb.org/mongo-driver/mongo/readconcern=/tmp/go-build2523599738/b227/_pkg_.a
packagefile go.mongodb.org/mongo-driver/mongo/readpref=/tmp/go-build2523599738/b213/_pkg_.a
packagefile go.mongodb.org/mongo-driver/mongo/writeconcern=/tmp/go-build2523599738/b228/_pkg_.a
packagefile go.mongodb.org/mongo-driver/x/bsonx/bsoncore=/tmp/go-build2523599738/b205/_pkg_.a
packagefile go.mongodb.org/mongo-driver/x/mongo/driver=/tmp/go-build2523599738/b229/_pkg_.a
packagefile go.mongodb.org/mongo-driver/x/mongo/driver/auth=/tmp/go-build2523599738/b246/_pkg_.a
packagefile go.mongodb.org/mongo-driver/x/mongo/driver/mongocrypt=/tmp/go-build2523599738/b242/_pkg_.a
packagefile go.mongodb.org/mongo-driver/x/mongo/driver/mongocrypt/options=/tmp/go-build2523599738/b243/_pkg_.a
packagefile go.mongodb.org/mongo-driver/x/mongo/driver/operation=/tmp/go-build2523599738/b260/_pkg_.a
packagefile go.mongodb.org/mongo-driver/x/mongo/driver/session=/tmp/go-build2523599738/b244/_pkg_.a
packagefile go.mongodb.org/mongo-driver/x/mongo/driver/topology=/tmp/go-build2523599738/b264/_pkg_.a
packagefile io=/tmp/go-build2523599738/b049/_pkg_.a
packagefile net=/tmp/go-build2523599738/b162/_pkg_.a
packagefile net/http=/tmp/go-build2523599738/b065/_pkg_.a
packagefile os/exec=/tmp/go-build2523599738/b269/_pkg_.a
packagefile reflect=/tmp/go-build2523599738/b038/_pkg_.a
packagefile strconv=/tmp/go-build2523599738/b041/_pkg_.a
packagefile strings=/tmp/go-build2523599738/b068/_pkg_.a
packagefile time=/tmp/go-build2523599738/b055/_pkg_.a
EOF
/usr/local/go/pkg/tool/linux_amd64/compile -o $WORK/b206/_pkg_.a -trimpath "$WORK/b206=>" -p go.mongodb.org/mongo-driver/mongo -lang=go1.18 -complete -buildid eQH-AnPuS-muYcn6Fee3/eQH-AnPuS-muYcn6Fee3 -goversion go1.26.1 -nolocalimports -importcfg $WORK/b206/importcfg -pack /go/pkg/mod/go.mongodb.org/mongo-driver@v1.17.9/mongo/background_context.go /go/pkg/mod/go.mongodb.org/mongo-driver@v1.17.9/mongo/batch_cursor.go /go/pkg/mod/go.mongodb.org/mongo-driver@v1.17.9/mongo/bulk_write.go /go/pkg/mod/go.mongodb.org/mongo-driver@v1.17.9/mongo/bulk_write_models.go /go/pkg/mod/go.mongodb.org/mongo-driver@v1.17.9/mongo/change_stream.go /go/pkg/mod/go.mongodb.org/mongo-driver@v1.17.9/mongo/change_stream_deployment.go /go/pkg/mod/go.mongodb.org/mongo-driver@v1.17.9/mongo/client.go /go/pkg/mod/go.mongodb.org/mongo-driver@v1.17.9/mongo/client_encryption.go /go/pkg/mod/go.mongodb.org/mongo-driver@v1.17.9/mongo/collection.go /go/pkg/mod/go.mongodb.org/mongo-driver@v1.17.9/mongo/crypt_retrievers.go /go/pkg/mod/go.mongodb.org/mongo-driver@v1.17.9/mongo/cursor.go /go/pkg/mod/go.mongodb.org/mongo-driver@v1.17.9/mongo/database.go /go/pkg/mod/go.mongodb.org/mongo-driver@v1.17.9/mongo/doc.go /go/pkg/mod/go.mongodb.org/mongo-driver@v1.17.9/mongo/errors.go /go/pkg/mod/go.mongodb.org/mongo-driver@v1.17.9/mongo/index_options_builder.go /go/pkg/mod/go.mongodb.org/mongo-driver@v1.17.9/mongo/index_view.go /go/pkg/mod/go.mongodb.org/mongo-driver@v1.17.9/mongo/mongo.go /go/pkg/mod/go.mongodb.org/mongo-driver@v1.17.9/mongo/mongocryptd.go /go/pkg/mod/go.mongodb.org/mongo-driver@v1.17.9/mongo/results.go /go/pkg/mod/go.mongodb.org/mongo-driver@v1.17.9/mongo/search_index_view.go /go/pkg/mod/go.mongodb.org/mongo-driver@v1.17.9/mongo/session.go /go/pkg/mod/go.mongodb.org/mongo-driver@v1.17.9/mongo/single_result.go /go/pkg/mod/go.mongodb.org/mongo-driver@v1.17.9/mongo/util.go
go tool buildid -w $WORK/b206/_pkg_.a # internal
cp $WORK/b206/_pkg_.a /root/.cache/go-build/45/45f144ccc9ed657a5f18e92119461664f82d6385cc05e46a5695cdb4358d1c06-d # internal
mkdir -p $WORK/b198/
cat >/tmp/go-build2523599738/b198/importcfg << 'EOF' # internal
# import config
packagefile context=/tmp/go-build2523599738/b076/_pkg_.a
packagefile fmt=/tmp/go-build2523599738/b002/_pkg_.a
packagefile go.mongodb.org/mongo-driver/bson=/tmp/go-build2523599738/b199/_pkg_.a
packagefile go.mongodb.org/mongo-driver/bson/primitive=/tmp/go-build2523599738/b204/_pkg_.a
packagefile go.mongodb.org/mongo-driver/mongo=/tmp/go-build2523599738/b206/_pkg_.a
packagefile go.mongodb.org/mongo-driver/mongo/options=/tmp/go-build2523599738/b223/_pkg_.a
packagefile os=/tmp/go-build2523599738/b050/_pkg_.a
packagefile time=/tmp/go-build2523599738/b055/_pkg_.a
EOF
/usr/local/go/pkg/tool/linux_amd64/compile -o $WORK/b198/_pkg_.a -trimpath "$WORK/b198=>" -p webapp/internal/db -lang=go1.24 -complete -buildid 9lpjilVUbB4Yw6On_d_t/9lpjilVUbB4Yw6On_d_t -goversion go1.26.1 -nolocalimports -importcfg $WORK/b198/importcfg -pack ./internal/db/db.go
go tool buildid -w $WORK/b198/_pkg_.a # internal
cp $WORK/b198/_pkg_.a /root/.cache/go-build/f4/f4ee18f0cfe03263ad07e921415bafd320b1eb28d4376b329c05f1d46b499857-d # internal
mkdir -p $WORK/b186/
cat >/tmp/go-build2523599738/b186/importcfg << 'EOF' # internal
# import config
packagefile html/template=/tmp/go-build2523599738/b187/_pkg_.a
packagefile net/http=/tmp/go-build2523599738/b065/_pkg_.a
packagefile path/filepath=/tmp/go-build2523599738/b169/_pkg_.a
packagefile webapp/internal/auth=/tmp/go-build2523599738/b195/_pkg_.a
packagefile webapp/internal/db=/tmp/go-build2523599738/b198/_pkg_.a
EOF
/usr/local/go/pkg/tool/linux_amd64/compile -o $WORK/b186/_pkg_.a -trimpath "$WORK/b186=>" -p webapp/internal/admin -lang=go1.24 -complete -buildid ziFXz2B4r27sIzuKKlb2/ziFXz2B4r27sIzuKKlb2 -goversion go1.26.1 -nolocalimports -importcfg $WORK/b186/importcfg -pack ./internal/admin/admin.go
go tool buildid -w $WORK/b186/_pkg_.a # internal
cp $WORK/b186/_pkg_.a /root/.cache/go-build/b5/b55085a87402f4d3053056f969d93cb173e71fc403e8f139dc4475880f57cf16-d # internal
mkdir -p $WORK/b270/
cat >/tmp/go-build2523599738/b270/importcfg << 'EOF' # internal
# import config
packagefile encoding/json=/tmp/go-build2523599738/b188/_pkg_.a
packagefile fmt=/tmp/go-build2523599738/b002/_pkg_.a
packagefile io=/tmp/go-build2523599738/b049/_pkg_.a
packagefile net/http=/tmp/go-build2523599738/b065/_pkg_.a
packagefile os=/tmp/go-build2523599738/b050/_pkg_.a
packagefile path/filepath=/tmp/go-build2523599738/b169/_pkg_.a
packagefile strings=/tmp/go-build2523599738/b068/_pkg_.a
packagefile time=/tmp/go-build2523599738/b055/_pkg_.a
packagefile webapp/internal/auth=/tmp/go-build2523599738/b195/_pkg_.a
packagefile webapp/internal/db=/tmp/go-build2523599738/b198/_pkg_.a
EOF
/usr/local/go/pkg/tool/linux_amd64/compile -o $WORK/b270/_pkg_.a -trimpath "$WORK/b270=>" -p webapp/internal/cms -lang=go1.24 -complete -buildid 0bELunOXOsocTVl_hO71/0bELunOXOsocTVl_hO71 -goversion go1.26.1 -nolocalimports -importcfg $WORK/b270/importcfg -pack ./internal/cms/cms.go
# webapp/internal/cms
internal/cms/cms.go:793:16: undefined: primitive
internal/cms/cms.go:801:6: SyncStatsTemplate redeclared in this block
	internal/cms/cms.go:783:6: other declaration of SyncStatsTemplate
internal/cms/cms.go:811:16: undefined: primitive
mkdir -p $WORK/b271/
cat >/tmp/go-build2523599738/b271/importcfg << 'EOF' # internal
# import config
packagefile encoding/json=/tmp/go-build2523599738/b188/_pkg_.a
packagefile html/template=/tmp/go-build2523599738/b187/_pkg_.a
packagefile net/http=/tmp/go-build2523599738/b065/_pkg_.a
packagefile strings=/tmp/go-build2523599738/b068/_pkg_.a
packagefile webapp/internal/db=/tmp/go-build2523599738/b198/_pkg_.a
EOF
/usr/local/go/pkg/tool/linux_amd64/compile -o $WORK/b271/_pkg_.a -trimpath "$WORK/b271=>" -p webapp/internal/handlers -lang=go1.24 -complete -buildid GpqEX-TT4wnQXuIeOO_I/GpqEX-TT4wnQXuIeOO_I -goversion go1.26.1 -nolocalimports -importcfg $WORK/b271/importcfg -pack ./internal/handlers/handlers.go
go tool buildid -w $WORK/b271/_pkg_.a # internal
cp $WORK/b271/_pkg_.a /root/.cache/go-build/70/704896fe60222d45134d08ad5e80247dc5e94bfd3b052abccf864f808eba34a9-d # internal
mkdir -p $WORK/b272/
cat >/tmp/go-build2523599738/b272/importcfg << 'EOF' # internal
# import config
packagefile log=/tmp/go-build2523599738/b063/_pkg_.a
packagefile time=/tmp/go-build2523599738/b055/_pkg_.a
packagefile webapp/internal/auth=/tmp/go-build2523599738/b195/_pkg_.a
packagefile webapp/internal/db=/tmp/go-build2523599738/b198/_pkg_.a
EOF
/usr/local/go/pkg/tool/linux_amd64/compile -o $WORK/b272/_pkg_.a -trimpath "$WORK/b272=>" -p webapp/internal/seed -lang=go1.24 -complete -buildid nexhegoq4SojLLPFixKb/nexhegoq4SojLLPFixKb -goversion go1.26.1 -nolocalimports -importcfg $WORK/b272/importcfg -pack ./internal/seed/seed.go
go tool buildid -w $WORK/b272/_pkg_.a # internal
cp $WORK/b272/_pkg_.a /root/.cache/go-build/01/01814a8ea9791e336e7384b76fe6086a83d4e43699959635bc419763ac35c89f-d # internal
